******************************************************************************
                  TI ARM Linker PC v20.2.7                     
******************************************************************************
>> Linked Mon Apr 21 19:45:05 2025

OUTPUT FILE NAME:   <Cliff sensor test.out>
ENTRY POINT SYMBOL: "_c_int00_noargs"  address: 00003371


MEMORY CONFIGURATION

         name            origin    length      used     unused   attr    fill
----------------------  --------  ---------  --------  --------  ----  --------
  FLASH                 00000000   00040000  000036a8  0003c958  R  X
  SRAM                  20000000   00008000  000022c2  00005d3e  RW X


SEGMENT ALLOCATION MAP

run origin  load origin   length   init length attrs members
----------  ----------- ---------- ----------- ----- -------
00000000    00000000    000036a8   000036a8    r-x
  00000000    00000000    0000026c   0000026c    r-- .intvecs
  0000026c    0000026c    000032dc   000032dc    r-x .text
  00003548    00003548    00000110   00000110    r-- .const
  00003658    00003658    00000050   00000050    r-- .cinit
20000000    20000000    000022c9   00000000    rw-
  20000000    20000000    0000026c   00000000    rw- .vtable
  20000270    20000270    00001000   00000000    rw- .stack
  20001270    20001270    00001000   00000000    rw- .sysmem
  20002270    20002270    00000039   00000000    rw- .data
  200022ac    200022ac    0000001d   00000000    rw- .bss


SECTION ALLOCATION MAP

 output                                  attributes/
section   page    origin      length       input sections
--------  ----  ----------  ----------   ----------------
.intvecs   0    00000000    0000026c     
                  00000000    0000026c     tm4c123gh6pm_startup_ccs.obj (.intvecs)

.text      0    0000026c    000032dc     
                  0000026c    00000c20     open_interface.obj (.text)
                  00000e8c    00000a4e     rtsv7M4_T_le_v4SPD16_eabi.lib : _printfi.c.obj (.text:__TI_printfi)
                  000018da    00000002                                   : _lock.c.obj (.text:_nop)
                  000018dc    00000270                                   : _printfi.c.obj (.text:_pconv_a)
                  00001b4c    00000248     Timer.obj (.text)
                  00001d94    000001d0     rtsv7M4_T_le_v4SPD16_eabi.lib : _printfi.c.obj (.text:_pconv_g)
                  00001f64    000001b6                                   : fd_add_t2.asm.obj (.text)
                  0000211a    00000002                                   : div0.asm.obj (.text)
                  0000211c    000001a4     uart-interrupt.obj (.text)
                  000022c0    0000013c     rtsv7M4_T_le_v4SPD16_eabi.lib : _printfi.c.obj (.text:_pconv_e)
                  000023fc    00000136                                   : fd_div_t2.asm.obj (.text)
                  00002532    00000002     --HOLE-- [fill = 0]
                  00002534    00000124                                   : _printfi.c.obj (.text:fcvt)
                  00002658    00000110                                   : s_scalbn.c.obj (.text:scalbn)
                  00002768    00000100                                   : memory.c.obj (.text:aligned_alloc)
                  00002868    000000fc                                   : fd_mul_t2.asm.obj (.text)
                  00002964    000000e4                                   : memory.c.obj (.text:free)
                  00002a48    000000b1                                   : _printfi.c.obj (.text:_ltostr)
                  00002af9    00000003     --HOLE-- [fill = 0]
                  00002afc    000000aa     main.obj (.text)
                  00002ba6    0000009c     rtsv7M4_T_le_v4SPD16_eabi.lib : memcpy_t2.asm.obj (.text)
                  00002c42    00000096                                   : ull_div_t2.asm.obj (.text)
                  00002cd8    00000086                                   : fd_cmp_t2.asm.obj (.text:__aeabi_cdcmple)
                  00002d5e    00000086                                   : fd_cmp_t2.asm.obj (.text:__aeabi_cdrcmple)
                  00002de4    0000007a                                   : memset_t2.asm.obj (.text)
                  00002e5e    00000002     --HOLE-- [fill = 0]
                  00002e60    00000070                                   : memory.c.obj (.text:split)
                  00002ed0    0000006e                                   : _printfi.c.obj (.text:_mcpy)
                  00002f3e    0000006e                                   : fd_tos_t2.asm.obj (.text)
                  00002fac    00000068                                   : copy_decompress_lzss.c.obj (.text:decompress:lzss:__TI_decompress_lzss)
                  00003014    00000064                                   : s_frexp.c.obj (.text:frexp)
                  00003078    00000056                                   : _printfi.c.obj (.text:_pconv_f)
                  000030ce    00000054                                   : _ltoa.c.obj (.text:__TI_ltoa)
                  00003122    00000052                                   : _printfi.c.obj (.text:_ecpy)
                  00003174    0000004c                                   : atoi.c.obj (.text:atoi)
                  000031c0    00000048                                   : fd_toi_t2.asm.obj (.text)
                  00003208    00000044                                   : autoinit.c.obj (.text:__TI_auto_init_nobinit_nopinit:__TI_auto_init_nobinit_nopinit)
                  0000324c    00000040                                   : sprintf.c.obj (.text:sprintf)
                  0000328c    0000003e                                   : _printfi.c.obj (.text:_fcpy)
                  000032ca    00000002     --HOLE-- [fill = 0]
                  000032cc    00000038                                   : memory.c.obj (.text:calloc)
                  00003304    00000038                                   : fs_tod_t2.asm.obj (.text)
                  0000333c    00000034     driverlib.lib : interrupt.obj (.text:IntRegister)
                  00003370    00000034     rtsv7M4_T_le_v4SPD16_eabi.lib : boot_cortex_m.c.obj (.text:_c_int00_noargs:_c_int00_noargs)
                  000033a4    0000002e                                   : i_tofd_t2.asm.obj (.text)
                  000033d2    00000002     --HOLE-- [fill = 0]
                  000033d4    00000028                                   : memory.c.obj (.text:free_list_insert)
                  000033fc    0000001c                                   : copy_zero_init.c.obj (.text:decompress:ZI:__TI_zero_init_nomemset:__TI_zero_init_nomemset)
                  00003418    0000001c                                   : memory.c.obj (.text:free_list_remove)
                  00003434    0000001c                                   : memccpy.c.obj (.text:memccpy)
                  00003450    0000001a                                   : s_copysign.c.obj (.text:copysign)
                  0000346a    00000018                                   : sprintf.c.obj (.text:_outs)
                  00003482    00000018     open_interface.obj (.text:oi_parseInt)
                  0000349a    00000018     rtsv7M4_T_le_v4SPD16_eabi.lib : strcmp.c.obj (.text:strcmp)
                  000034b2    00000016                                   : strchr.c.obj (.text:strchr)
                  000034c8    00000014                                   : strlen.c.obj (.text:strlen)
                  000034dc    00000012                                   : wcslen.c.obj (.text:wcslen)
                  000034ee    00000010     driverlib.lib : interrupt.obj (.text:IntMasterEnable)
                  000034fe    0000000e     rtsv7M4_T_le_v4SPD16_eabi.lib : copy_decompress_none.c.obj (.text:decompress:none:__TI_decompress_none)
                  0000350c    0000000c     driverlib.lib : cpu.obj (.text:CPUcpsie)
                  00003518    0000000c     tm4c123gh6pm_startup_ccs.obj (.text)
                  00003524    0000000a     rtsv7M4_T_le_v4SPD16_eabi.lib : sprintf.c.obj (.text:_outc)
                  0000352e    00000002     --HOLE-- [fill = 0]
                  00003530    00000008                                   : errno.c.obj (.text:__aeabi_errno_addr)
                  00003538    00000008                                   : memory.c.obj (.text:malloc)
                  00003540    00000004                                   : pre_init.c.obj (.text:_system_pre_init)
                  00003544    00000004                                   : exit.c.obj (.text:abort:abort)

.const     0    00003548    00000110     
                  00003548    00000101     rtsv7M4_T_le_v4SPD16_eabi.lib : ctype.c.obj (.const:.string:_ctypes_)
                  00003649    0000000f     open_interface.obj (.const:.string:$P$T0$3)

.cinit     0    00003658    00000050     
                  00003658    00000018     (.cinit..data.load) [load image, compression = lzss]
                  00003670    0000000c     (__TI_handler_table)
                  0000367c    00000004     --HOLE-- [fill = 0]
                  00003680    00000008     (.cinit..bss.load) [load image, compression = zero_init]
                  00003688    00000008     (.cinit..vtable.load) [load image, compression = zero_init]
                  00003690    00000018     (__TI_cinit_table)

.init_array 
*          0    00000000    00000000     UNINITIALIZED

.vtable    0    20000000    0000026c     UNINITIALIZED
                  20000000    0000026c     driverlib.lib : interrupt.obj (.vtable)

.stack     0    20000270    00001000     UNINITIALIZED
                  20000270    00000004     rtsv7M4_T_le_v4SPD16_eabi.lib : boot_cortex_m.c.obj (.stack)
                  20000274    00000ffc     --HOLE--

.sysmem    0    20001270    00001000     UNINITIALIZED
                  20001270    00000010     rtsv7M4_T_le_v4SPD16_eabi.lib : memory.c.obj (.sysmem)
                  20001280    00000ff0     --HOLE--

.data      0    20002270    00000039     UNINITIALIZED
                  20002270    00000020     open_interface.obj (.data)
                  20002290    00000008     rtsv7M4_T_le_v4SPD16_eabi.lib : _lock.c.obj (.data:$O1$$)
                  20002298    00000008                                   : memory.c.obj (.data:$O1$$)
                  200022a0    00000004                                   : errno.c.obj (.data)
                  200022a4    00000004     uart-interrupt.obj (.data)
                  200022a8    00000001     Timer.obj (.data)

.bss       0    200022ac    0000001d     UNINITIALIZED
                  200022ac    00000018     open_interface.obj (.bss:firmware$2)
                  200022c4    00000004     (.common:_timeout_ticks)
                  200022c8    00000001     (.common:received_char)

__llvm_prf_cnts 
*          0    20000000    00000000     UNINITIALIZED

MODULE SUMMARY

       Module                         code    ro data   rw data
       ------                         ----    -------   -------
    .\
       open_interface.obj             3128    15        56     
       tm4c123gh6pm_startup_ccs.obj   12      620       0      
       Timer.obj                      584     0         5      
       uart-interrupt.obj             420     0         5      
       main.obj                       170     0         0      
    +--+------------------------------+-------+---------+---------+
       Total:                         4314    635       66     
                                                               
    C:/ti/TivaWare_C_Series-2.2.0.295/driverlib/ccs/Debug/driverlib.lib
       interrupt.obj                  68      0         620    
       cpu.obj                        12      0         0      
    +--+------------------------------+-------+---------+---------+
       Total:                         80      0         620    
                                                               
    C:\ti\ccs1271\ccs\tools\compiler\ti-cgt-arm_20.2.7.LTS\lib\rtsv7M4_T_le_v4SPD16_eabi.lib
       _printfi.c.obj                 4851    0         0      
       memory.c.obj                   728     0         8      
       fd_add_t2.asm.obj              438     0         0      
       fd_div_t2.asm.obj              310     0         0      
       s_scalbn.c.obj                 272     0         0      
       fd_cmp_t2.asm.obj              268     0         0      
       ctype.c.obj                    0       257       0      
       fd_mul_t2.asm.obj              252     0         0      
       memcpy_t2.asm.obj              156     0         0      
       ull_div_t2.asm.obj             150     0         0      
       memset_t2.asm.obj              122     0         0      
       fd_tos_t2.asm.obj              110     0         0      
       copy_decompress_lzss.c.obj     104     0         0      
       s_frexp.c.obj                  100     0         0      
       sprintf.c.obj                  98      0         0      
       _ltoa.c.obj                    84      0         0      
       atoi.c.obj                     76      0         0      
       fd_toi_t2.asm.obj              72      0         0      
       autoinit.c.obj                 68      0         0      
       fs_tod_t2.asm.obj              56      0         0      
       boot_cortex_m.c.obj            52      0         0      
       i_tofd_t2.asm.obj              46      0         0      
       copy_zero_init.c.obj           28      0         0      
       memccpy.c.obj                  28      0         0      
       s_copysign.c.obj               26      0         0      
       strcmp.c.obj                   24      0         0      
       strchr.c.obj                   22      0         0      
       strlen.c.obj                   20      0         0      
       wcslen.c.obj                   18      0         0      
       copy_decompress_none.c.obj     14      0         0      
       errno.c.obj                    8       0         4      
       _lock.c.obj                    2       0         8      
       exit.c.obj                     4       0         0      
       pre_init.c.obj                 4       0         0      
       div0.asm.obj                   2       0         0      
    +--+------------------------------+-------+---------+---------+
       Total:                         8613    257       20     
                                                               
       Heap:                          0       0         4096   
       Stack:                         0       0         4096   
       Linker Generated:              0       76        0      
    +--+------------------------------+-------+---------+---------+
       Grand Total:                   13007   968       8898   


LINKER GENERATED COPY TABLES

__TI_cinit_table @ 00003690 records: 3, size/record: 8, table size: 24
	.data: load addr=00003658, load size=00000018 bytes, run addr=20002270, run size=00000039 bytes, compression=lzss
	.bss: load addr=00003680, load size=00000008 bytes, run addr=200022ac, run size=0000001d bytes, compression=zero_init
	.vtable: load addr=00003688, load size=00000008 bytes, run addr=20000000, run size=0000026c bytes, compression=zero_init


LINKER GENERATED HANDLER TABLE

__TI_handler_table @ 00003670 records: 3, size/record: 4, table size: 12
	index: 0, handler: __TI_zero_init
	index: 1, handler: __TI_decompress_lzss
	index: 2, handler: __TI_decompress_none


GLOBAL SYMBOLS: SORTED ALPHABETICALLY BY Name 

address   name                          
-------   ----                          
00003545  C$$EXIT                       
0000350d  CPUcpsie                      
00000bc3  GPIOF_Handler                 
000034ef  IntMasterEnable               
0000333d  IntRegister                   
00003519  ResetISR                      
000021c1  UART1_Handler                 
20001270  __STACK_END                   
00001000  __STACK_SIZE                  
20000470  __STACK_TOP                   
00001000  __SYSMEM_SIZE                 
00003690  __TI_CINIT_Base               
000036a8  __TI_CINIT_Limit              
00003670  __TI_Handler_Table_Base       
0000367c  __TI_Handler_Table_Limit      
00003209  __TI_auto_init_nobinit_nopinit
00002fad  __TI_decompress_lzss          
000034ff  __TI_decompress_none          
000030cf  __TI_ltoa                     
ffffffff  __TI_pprof_out_hndl           
00000e8d  __TI_printfi                  
ffffffff  __TI_prof_data_size           
ffffffff  __TI_prof_data_start          
00000000  __TI_static_base__            
000033fd  __TI_zero_init_nomemset       
00002cd9  __aeabi_cdcmpeq               
00002cd9  __aeabi_cdcmple               
00002d5f  __aeabi_cdrcmple              
00002f3f  __aeabi_d2f                   
000031c1  __aeabi_d2iz                  
00001f6f  __aeabi_dadd                  
000023fd  __aeabi_ddiv                  
00002869  __aeabi_dmul                  
00001f65  __aeabi_dsub                  
00003531  __aeabi_errno_addr            
00003305  __aeabi_f2d                   
000033a5  __aeabi_i2d                   
0000211b  __aeabi_idiv0                 
0000211b  __aeabi_ldiv0                 
00002de5  __aeabi_memclr                
00002de5  __aeabi_memclr4               
00002de5  __aeabi_memclr8               
00002ba7  __aeabi_memcpy                
00002ba7  __aeabi_memcpy4               
00002ba7  __aeabi_memcpy8               
00002de7  __aeabi_memset                
00002de7  __aeabi_memset4               
00002de7  __aeabi_memset8               
00002c43  __aeabi_uldivmod              
ffffffff  __binit__                     
ffffffff  __c_args__                    
UNDEFED   __mpu_init                    
20000270  __stack                       
20000000  __start___llvm_prf_cnts       
20000000  __stop___llvm_prf_cnts        
00003371  _c_int00_noargs               
00003548  _ctypes_                      
20002290  _lock                         
000018db  _nop                          
200022a8  _running                      
20001270  _sys_memory                   
UNDEFED   _system_post_cinit            
00003541  _system_pre_init              
200022c4  _timeout_ticks                
20002294  _unlock                       
00003545  abort                         
00002769  aligned_alloc                 
00003175  atoi                          
ffffffff  binit                         
000032cd  calloc                        
00003451  copysign                      
00003451  copysignl                     
200022a0  errno                         
00002965  free                          
00003015  frexp                         
00003015  frexpl                        
20000000  g_pfnRAMVectors               
00000000  g_pfnVectors                  
0000097f  go_charge                     
00002659  ldexp                         
00002659  ldexpl                        
00002afd  main                          
00003539  malloc                        
00002769  memalign                      
00003435  memccpy                       
00002ba7  memcpy                        
00002ded  memset                        
20002270  motor_cal_factor_L            
20002274  motor_cal_factor_R            
0000026d  oi_alloc                      
00000aa9  oi_checkFirmware              
000002c7  oi_close                      
00000279  oi_free                       
00000ded  oi_getMotorCalibrationLeft    
00000e01  oi_getMotorCalibrationRight   
000002b1  oi_init                       
00000289  oi_init_noupdate              
00000915  oi_loadSong                   
00003483  oi_parseInt                   
0000032b  oi_parsePacket                
0000096b  oi_play_song                  
0000084b  oi_setLeds                    
00000db1  oi_setMotorCalibration        
0000088f  oi_setWheels                  
00000b51  oi_shutoff_init               
0000098d  oi_uartInit                   
00000a31  oi_uartReceive                
00000a77  oi_uartSendBuff               
00000a15  oi_uartSendChar               
00000a59  oi_uartSendStr                
000002d9  oi_update                     
200022c8  received_char                 
00002659  scalbn                        
00002659  scalbnl                       
200022a4  scan_active                   
0000324d  sprintf                       
000034b3  strchr                        
0000349b  strcmp                        
000034c9  strlen                        
00001c6b  timer_getMicros               
00001c13  timer_getMillis               
00001b4d  timer_init                    
00001bef  timer_pause                   
00001c01  timer_resume                  
00001bc5  timer_stop                    
00001cc5  timer_waitMicros              
00001cf7  timer_waitMillis              
0000211d  uart_interrupt_init           
0000220d  uart_sendChar                 
00002229  uart_sendStr                  
000034dd  wcslen                        


GLOBAL SYMBOLS: SORTED BY Symbol Address 

address   name                          
-------   ----                          
00000000  __TI_static_base__            
00000000  g_pfnVectors                  
0000026d  oi_alloc                      
00000279  oi_free                       
00000289  oi_init_noupdate              
000002b1  oi_init                       
000002c7  oi_close                      
000002d9  oi_update                     
0000032b  oi_parsePacket                
0000084b  oi_setLeds                    
0000088f  oi_setWheels                  
00000915  oi_loadSong                   
0000096b  oi_play_song                  
0000097f  go_charge                     
0000098d  oi_uartInit                   
00000a15  oi_uartSendChar               
00000a31  oi_uartReceive                
00000a59  oi_uartSendStr                
00000a77  oi_uartSendBuff               
00000aa9  oi_checkFirmware              
00000b51  oi_shutoff_init               
00000bc3  GPIOF_Handler                 
00000db1  oi_setMotorCalibration        
00000ded  oi_getMotorCalibrationLeft    
00000e01  oi_getMotorCalibrationRight   
00000e8d  __TI_printfi                  
00001000  __STACK_SIZE                  
00001000  __SYSMEM_SIZE                 
000018db  _nop                          
00001b4d  timer_init                    
00001bc5  timer_stop                    
00001bef  timer_pause                   
00001c01  timer_resume                  
00001c13  timer_getMillis               
00001c6b  timer_getMicros               
00001cc5  timer_waitMicros              
00001cf7  timer_waitMillis              
00001f65  __aeabi_dsub                  
00001f6f  __aeabi_dadd                  
0000211b  __aeabi_idiv0                 
0000211b  __aeabi_ldiv0                 
0000211d  uart_interrupt_init           
000021c1  UART1_Handler                 
0000220d  uart_sendChar                 
00002229  uart_sendStr                  
000023fd  __aeabi_ddiv                  
00002659  ldexp                         
00002659  ldexpl                        
00002659  scalbn                        
00002659  scalbnl                       
00002769  aligned_alloc                 
00002769  memalign                      
00002869  __aeabi_dmul                  
00002965  free                          
00002afd  main                          
00002ba7  __aeabi_memcpy                
00002ba7  __aeabi_memcpy4               
00002ba7  __aeabi_memcpy8               
00002ba7  memcpy                        
00002c43  __aeabi_uldivmod              
00002cd9  __aeabi_cdcmpeq               
00002cd9  __aeabi_cdcmple               
00002d5f  __aeabi_cdrcmple              
00002de5  __aeabi_memclr                
00002de5  __aeabi_memclr4               
00002de5  __aeabi_memclr8               
00002de7  __aeabi_memset                
00002de7  __aeabi_memset4               
00002de7  __aeabi_memset8               
00002ded  memset                        
00002f3f  __aeabi_d2f                   
00002fad  __TI_decompress_lzss          
00003015  frexp                         
00003015  frexpl                        
000030cf  __TI_ltoa                     
00003175  atoi                          
000031c1  __aeabi_d2iz                  
00003209  __TI_auto_init_nobinit_nopinit
0000324d  sprintf                       
000032cd  calloc                        
00003305  __aeabi_f2d                   
0000333d  IntRegister                   
00003371  _c_int00_noargs               
000033a5  __aeabi_i2d                   
000033fd  __TI_zero_init_nomemset       
00003435  memccpy                       
00003451  copysign                      
00003451  copysignl                     
00003483  oi_parseInt                   
0000349b  strcmp                        
000034b3  strchr                        
000034c9  strlen                        
000034dd  wcslen                        
000034ef  IntMasterEnable               
000034ff  __TI_decompress_none          
0000350d  CPUcpsie                      
00003519  ResetISR                      
00003531  __aeabi_errno_addr            
00003539  malloc                        
00003541  _system_pre_init              
00003545  C$$EXIT                       
00003545  abort                         
00003548  _ctypes_                      
00003670  __TI_Handler_Table_Base       
0000367c  __TI_Handler_Table_Limit      
00003690  __TI_CINIT_Base               
000036a8  __TI_CINIT_Limit              
20000000  __start___llvm_prf_cnts       
20000000  __stop___llvm_prf_cnts        
20000000  g_pfnRAMVectors               
20000270  __stack                       
20000470  __STACK_TOP                   
20001270  __STACK_END                   
20001270  _sys_memory                   
20002270  motor_cal_factor_L            
20002274  motor_cal_factor_R            
20002290  _lock                         
20002294  _unlock                       
200022a0  errno                         
200022a4  scan_active                   
200022a8  _running                      
200022c4  _timeout_ticks                
200022c8  received_char                 
ffffffff  __TI_pprof_out_hndl           
ffffffff  __TI_prof_data_size           
ffffffff  __TI_prof_data_start          
ffffffff  __binit__                     
ffffffff  __c_args__                    
ffffffff  binit                         
UNDEFED   __mpu_init                    
UNDEFED   _system_post_cinit            

[131 symbols]
