******************************************************************************
                  TI ARM Linker PC v20.2.7                     
******************************************************************************
>> Linked Mon May  5 20:59:49 2025

OUTPUT FILE NAME:   <Gitwork.out>
ENTRY POINT SYMBOL: "_c_int00_noargs"  address: 00006031


MEMORY CONFIGURATION

         name            origin    length      used     unused   attr    fill
----------------------  --------  ---------  --------  --------  ----  --------
  FLASH                 00000000   00040000  000065b7  00039a49  R  X
  SRAM                  20000000   00008000  0000233f  00005cc1  RW X


SEGMENT ALLOCATION MAP

run origin  load origin   length   init length attrs members
----------  ----------- ---------- ----------- ----- -------
00000000    00000000    000065c0   000065c0    r-x
  00000000    00000000    0000026c   0000026c    r-- .intvecs
  0000026c    0000026c    00006008   00006008    r-x .text
  00006278    00006278    000002f3   000002f3    r-- .const
  00006570    00006570    00000050   00000050    r-- .cinit
20000000    20000000    00002345   00000000    rw-
  20000000    20000000    0000026c   00000000    rw- .vtable
  20000270    20000270    00001000   00000000    rw- .stack
  20001270    20001270    00001000   00000000    rw- .sysmem
  20002270    20002270    00000092   00000000    rw- .bss
  20002304    20002304    00000041   00000000    rw- .data


SECTION ALLOCATION MAP

 output                                  attributes/
section   page    origin      length       input sections
--------  ----  ----------  ----------   ----------------
.intvecs   0    00000000    0000026c     
                  00000000    0000026c     tm4c123gh6pm_startup_ccs.obj (.intvecs)

.text      0    0000026c    00006008     
                  0000026c    00000c20     open_interface.obj (.text)
                  00000e8c    00000b04     scan.obj (.text)
                  00001990    00000a4e     rtsv7M4_T_le_v4SPD16_eabi.lib : _printfi.c.obj (.text:__TI_printfi)
                  000023de    00000002                                   : _lock.c.obj (.text:_nop)
                  000023e0    00000744     YesInterruptMove.obj (.text)
                  00002b24    00000738     rtsv7M4_T_le_v4SPD16_eabi.lib : k_rem_pio2.c.obj (.text:__kernel_rem_pio2)
                  0000325c    00000508                                   : s_tan.c.obj (.text:tan)
                  00003764    00000328     lcd.obj (.text)
                  00003a8c    0000031c     rtsv7M4_T_le_v4SPD16_eabi.lib : k_tan.c.obj (.text:__kernel_tan)
                  00003da8    00000270                                   : _printfi.c.obj (.text:_pconv_a)
                  00004018    00000260     libcybotScan.lib : cyBot_Scan.obj (.text)
                  00004278    00000248     Timer.obj (.text)
                  000044c0    000001ec     libcybotScan.lib : ping.obj (.text)
                  000046ac    000001d0     rtsv7M4_T_le_v4SPD16_eabi.lib : _printfi.c.obj (.text:_pconv_g)
                  0000487c    000001b6                                   : fd_add_t2.asm.obj (.text)
                  00004a32    00000002                                   : div0.asm.obj (.text)
                  00004a34    0000016c     new_uart_interrupt.obj (.text)
                  00004ba0    00000158     libcybotScan.lib : servo.obj (.text)
                  00004cf8    0000013c     rtsv7M4_T_le_v4SPD16_eabi.lib : _printfi.c.obj (.text:_pconv_e)
                  00004e34    00000136                                   : fd_div_t2.asm.obj (.text)
                  00004f6a    00000002     --HOLE-- [fill = 0]
                  00004f6c    00000124                                   : _printfi.c.obj (.text:fcvt)
                  00005090    00000118     libcybotScan.lib : ir.obj (.text)
                  000051a8    00000110     rtsv7M4_T_le_v4SPD16_eabi.lib : s_scalbn.c.obj (.text:scalbn)
                  000052b8    00000100                                   : memory.c.obj (.text:aligned_alloc)
                  000053b8    000000fc                                   : fd_mul_t2.asm.obj (.text)
                  000054b4    000000f8                                   : s_floor.c.obj (.text:floor)
                  000055ac    000000e4                                   : memory.c.obj (.text:free)
                  00005690    000000e4                                   : memory.c.obj (.text:realloc)
                  00005774    000000b1                                   : _printfi.c.obj (.text:_ltostr)
                  00005825    00000001     --HOLE-- [fill = 0]
                  00005826    0000009c                                   : memcpy_t2.asm.obj (.text)
                  000058c2    00000096                                   : ull_div_t2.asm.obj (.text)
                  00005958    00000086                                   : fd_cmp_t2.asm.obj (.text:__aeabi_cdcmple)
                  000059de    00000086                                   : fd_cmp_t2.asm.obj (.text:__aeabi_cdrcmple)
                  00005a64    0000007a                                   : memset_t2.asm.obj (.text)
                  00005ade    00000002     --HOLE-- [fill = 0]
                  00005ae0    00000070                                   : memory.c.obj (.text:split)
                  00005b50    0000006e                                   : _printfi.c.obj (.text:_mcpy)
                  00005bbe    0000006e                                   : fd_tos_t2.asm.obj (.text)
                  00005c2c    00000068                                   : copy_decompress_lzss.c.obj (.text:decompress:lzss:__TI_decompress_lzss)
                  00005c94    00000064                                   : s_frexp.c.obj (.text:frexp)
                  00005cf8    00000056                                   : _printfi.c.obj (.text:_pconv_f)
                  00005d4e    00000054                                   : _ltoa.c.obj (.text:__TI_ltoa)
                  00005da2    00000052                                   : _printfi.c.obj (.text:_ecpy)
                  00005df4    0000004c                                   : atoi.c.obj (.text:atoi)
                  00005e40    00000048                                   : fd_toi_t2.asm.obj (.text)
                  00005e88    00000044                                   : autoinit.c.obj (.text:__TI_auto_init_nobinit_nopinit:__TI_auto_init_nobinit_nopinit)
                  00005ecc    00000040                                   : sprintf.c.obj (.text:sprintf)
                  00005f0c    00000040                                   : vsnprintf.c.obj (.text:vsnprintf)
                  00005f4c    0000003e                                   : _printfi.c.obj (.text:_fcpy)
                  00005f8a    00000002     --HOLE-- [fill = 0]
                  00005f8c    00000038                                   : memory.c.obj (.text:calloc)
                  00005fc4    00000038                                   : fs_tod_t2.asm.obj (.text)
                  00005ffc    00000034     driverlib.lib : interrupt.obj (.text:IntRegister)
                  00006030    00000034     rtsv7M4_T_le_v4SPD16_eabi.lib : boot_cortex_m.c.obj (.text:_c_int00_noargs:_c_int00_noargs)
                  00006064    00000030                                   : vsnprintf.c.obj (.text:_outs)
                  00006094    0000002e                                   : i_tofd_t2.asm.obj (.text)
                  000060c2    00000002     --HOLE-- [fill = 0]
                  000060c4    00000028                                   : memory.c.obj (.text:free_list_insert)
                  000060ec    0000001c                                   : copy_zero_init.c.obj (.text:decompress:ZI:__TI_zero_init_nomemset:__TI_zero_init_nomemset)
                  00006108    0000001c                                   : memory.c.obj (.text:free_list_remove)
                  00006124    0000001c                                   : memccpy.c.obj (.text:memccpy)
                  00006140    0000001a                                   : s_copysign.c.obj (.text:copysign)
                  0000615a    00000018                                   : vsnprintf.c.obj (.text:_outc)
                  00006172    00000018                                   : sprintf.c.obj (.text:_outs)
                  0000618a    00000018     open_interface.obj (.text:oi_parseInt)
                  000061a2    00000018     rtsv7M4_T_le_v4SPD16_eabi.lib : strcmp.c.obj (.text:strcmp)
                  000061ba    00000016                                   : strchr.c.obj (.text:strchr)
                  000061d0    00000014                                   : strcpy.c.obj (.text:strcpy)
                  000061e4    00000014                                   : strlen.c.obj (.text:strlen)
                  000061f8    00000012                                   : wcslen.c.obj (.text:wcslen)
                  0000620a    00000010     driverlib.lib : interrupt.obj (.text:IntMasterEnable)
                  0000621a    00000010     lcd.obj (.text:lcd_clear)
                  0000622a    0000000e     rtsv7M4_T_le_v4SPD16_eabi.lib : copy_decompress_none.c.obj (.text:decompress:none:__TI_decompress_none)
                  00006238    0000000c     driverlib.lib : cpu.obj (.text:CPUcpsie)
                  00006244    0000000c     tm4c123gh6pm_startup_ccs.obj (.text)
                  00006250    0000000a     rtsv7M4_T_le_v4SPD16_eabi.lib : sprintf.c.obj (.text:_outc)
                  0000625a    00000002     --HOLE-- [fill = 0]
                  0000625c    00000008                                   : errno.c.obj (.text:__aeabi_errno_addr)
                  00006264    00000008                                   : memory.c.obj (.text:malloc)
                  0000626c    00000004                                   : pre_init.c.obj (.text:_system_pre_init)
                  00006270    00000004                                   : exit.c.obj (.text:abort:abort)

.const     0    00006278    000002f3     
                  00006278    00000158     rtsv7M4_T_le_v4SPD16_eabi.lib : k_rem_pio2.c.obj (.const:$O1$$)
                  000063d0    00000101                                   : ctype.c.obj (.const:.string:_ctypes_)
                  000064d1    00000004     lcd.obj (.const:.string:lineAddress$1)
                  000064d5    00000003     --HOLE-- [fill = 0]
                  000064d8    00000080     rtsv7M4_T_le_v4SPD16_eabi.lib : k_tan.c.obj (.const:xxx)
                  00006558    0000000f     open_interface.obj (.const:.string:$P$T0$3)
                  00006567    00000004     lcd.obj (.const:.string:lineAddresses$2)

.cinit     0    00006570    00000050     
                  00006570    0000001c     (.cinit..data.load) [load image, compression = lzss]
                  0000658c    0000000c     (__TI_handler_table)
                  00006598    00000008     (.cinit..bss.load) [load image, compression = zero_init]
                  000065a0    00000008     (.cinit..vtable.load) [load image, compression = zero_init]
                  000065a8    00000018     (__TI_cinit_table)

.init_array 
*          0    00000000    00000000     UNINITIALIZED

.vtable    0    20000000    0000026c     UNINITIALIZED
                  20000000    0000026c     driverlib.lib : interrupt.obj (.vtable)

.stack     0    20000270    00001000     UNINITIALIZED
                  20000270    00000004     rtsv7M4_T_le_v4SPD16_eabi.lib : boot_cortex_m.c.obj (.stack)
                  20000274    00000ffc     --HOLE--

.sysmem    0    20001270    00001000     UNINITIALIZED
                  20001270    00000010     rtsv7M4_T_le_v4SPD16_eabi.lib : memory.c.obj (.sysmem)
                  20001280    00000ff0     --HOLE--

.bss       0    20002270    00000092     UNINITIALIZED
                  20002270    00000054     lcd.obj (.bss:lastbuffer$3)
                  200022c4    00000018     open_interface.obj (.bss:firmware$2)
                  200022dc    00000004     (.common:ReturnMidpoint)
                  200022e0    00000004     (.common:_timeout_ticks)
                  200022e4    00000004     (.common:fallingEdge)
                  200022e8    00000004     (.common:isr_int_value)
                  200022ec    00000004     (.common:left_calibration_value)
                  200022f0    00000004     (.common:pulseLength)
                  200022f4    00000004     (.common:returnPing)
                  200022f8    00000004     (.common:right_calibration_value)
                  200022fc    00000004     (.common:risingEdge)
                  20002300    00000001     (.common:isRisingEdge)
                  20002301    00000001     (.common:received_char)

.data      0    20002304    00000041     UNINITIALIZED
                  20002304    00000020     open_interface.obj (.data)
                  20002324    00000008     rtsv7M4_T_le_v4SPD16_eabi.lib : _lock.c.obj (.data:$O1$$)
                  2000232c    00000008                                   : memory.c.obj (.data:$O1$$)
                  20002334    00000008     scan.obj (.data)
                  2000233c    00000004     libcybotScan.lib : cyBot_Scan.obj (.data)
                  20002340    00000004     rtsv7M4_T_le_v4SPD16_eabi.lib : errno.c.obj (.data)
                  20002344    00000001     Timer.obj (.data)

__llvm_prf_cnts 
*          0    20000000    00000000     UNINITIALIZED

MODULE SUMMARY

       Module                         code    ro data   rw data
       ------                         ----    -------   -------
    .\
       open_interface.obj             3128    15        56     
       scan.obj                       2820    0         16     
       YesInterruptMove.obj           1860    0         9      
       lcd.obj                        824     8         84     
       tm4c123gh6pm_startup_ccs.obj   12      620       0      
       Timer.obj                      584     0         5      
       new_uart_interrupt.obj         364     0         0      
    +--+------------------------------+-------+---------+---------+
       Total:                         9592    643       170    
                                                               
    C:/ti/TivaWare_C_Series-2.2.0.295/driverlib/ccs/Debug/driverlib.lib
       interrupt.obj                  68      0         620    
       cpu.obj                        12      0         0      
    +--+------------------------------+-------+---------+---------+
       Total:                         80      0         620    
                                                               
    C:\ti\ccs1271\ccs\tools\compiler\ti-cgt-arm_20.2.7.LTS\lib\rtsv7M4_T_le_v4SPD16_eabi.lib
       _printfi.c.obj                 4851    0         0      
       k_rem_pio2.c.obj               1848    344       0      
       s_tan.c.obj                    1288    0         0      
       memory.c.obj                   956     0         8      
       k_tan.c.obj                    796     128       0      
       fd_add_t2.asm.obj              438     0         0      
       fd_div_t2.asm.obj              310     0         0      
       s_scalbn.c.obj                 272     0         0      
       fd_cmp_t2.asm.obj              268     0         0      
       ctype.c.obj                    0       257       0      
       fd_mul_t2.asm.obj              252     0         0      
       s_floor.c.obj                  248     0         0      
       memcpy_t2.asm.obj              156     0         0      
       ull_div_t2.asm.obj             150     0         0      
       vsnprintf.c.obj                136     0         0      
       memset_t2.asm.obj              122     0         0      
       fd_tos_t2.asm.obj              110     0         0      
       copy_decompress_lzss.c.obj     104     0         0      
       s_frexp.c.obj                  100     0         0      
       sprintf.c.obj                  98      0         0      
       _ltoa.c.obj                    84      0         0      
       atoi.c.obj                     76      0         0      
       fd_toi_t2.asm.obj              72      0         0      
       autoinit.c.obj                 68      0         0      
       fs_tod_t2.asm.obj              56      0         0      
       boot_cortex_m.c.obj            52      0         0      
       i_tofd_t2.asm.obj              46      0         0      
       copy_zero_init.c.obj           28      0         0      
       memccpy.c.obj                  28      0         0      
       s_copysign.c.obj               26      0         0      
       strcmp.c.obj                   24      0         0      
       strchr.c.obj                   22      0         0      
       strcpy.c.obj                   20      0         0      
       strlen.c.obj                   20      0         0      
       wcslen.c.obj                   18      0         0      
       copy_decompress_none.c.obj     14      0         0      
       errno.c.obj                    8       0         4      
       _lock.c.obj                    2       0         8      
       exit.c.obj                     4       0         0      
       pre_init.c.obj                 4       0         0      
       div0.asm.obj                   2       0         0      
    +--+------------------------------+-------+---------+---------+
       Total:                         13177   729       20     
                                                               
    U:/CPRE288Workspace/Lab3/libcybotScan.lib
       cyBot_Scan.obj                 608     0         4      
       ping.obj                       492     0         13     
       servo.obj                      344     0         0      
       ir.obj                         280     0         4      
    +--+------------------------------+-------+---------+---------+
       Total:                         1724    0         21     
                                                               
       Heap:                          0       0         4096   
       Stack:                         0       0         4096   
       Linker Generated:              0       80        0      
    +--+------------------------------+-------+---------+---------+
       Grand Total:                   24573   1452      9023   


LINKER GENERATED COPY TABLES

__TI_cinit_table @ 000065a8 records: 3, size/record: 8, table size: 24
	.data: load addr=00006570, load size=0000001c bytes, run addr=20002304, run size=00000041 bytes, compression=lzss
	.bss: load addr=00006598, load size=00000008 bytes, run addr=20002270, run size=00000092 bytes, compression=zero_init
	.vtable: load addr=000065a0, load size=00000008 bytes, run addr=20000000, run size=0000026c bytes, compression=zero_init


LINKER GENERATED HANDLER TABLE

__TI_handler_table @ 0000658c records: 3, size/record: 4, table size: 12
	index: 0, handler: __TI_zero_init
	index: 1, handler: __TI_decompress_lzss
	index: 2, handler: __TI_decompress_none


GLOBAL SYMBOLS: SORTED ALPHABETICALLY BY Name 

address   name                          
-------   ----                          
00005129  ADC0SS0_Handler               
00006271  C$$EXIT                       
00006239  CPUcpsie                      
00000bc3  GPIOF_Handler                 
00000ea3  IR_to_cm                      
0000620b  IntMasterEnable               
00005ffd  IntRegister                   
00001859  IrToMeters                    
00006245  ResetISR                      
200022dc  ReturnMidpoint                
000045b1  TIMER3B_Handler               
00004af3  UART1_Handler                 
20001270  __STACK_END                   
00001000  __STACK_SIZE                  
20000470  __STACK_TOP                   
00001000  __SYSMEM_SIZE                 
000065a8  __TI_CINIT_Base               
000065c0  __TI_CINIT_Limit              
0000658c  __TI_Handler_Table_Base       
00006598  __TI_Handler_Table_Limit      
00005e89  __TI_auto_init_nobinit_nopinit
00005c2d  __TI_decompress_lzss          
0000622b  __TI_decompress_none          
00005d4f  __TI_ltoa                     
ffffffff  __TI_pprof_out_hndl           
00001991  __TI_printfi                  
ffffffff  __TI_prof_data_size           
ffffffff  __TI_prof_data_start          
00000000  __TI_static_base__            
000060ed  __TI_zero_init_nomemset       
00005959  __aeabi_cdcmpeq               
00005959  __aeabi_cdcmple               
000059df  __aeabi_cdrcmple              
00005bbf  __aeabi_d2f                   
00005e41  __aeabi_d2iz                  
00004887  __aeabi_dadd                  
00004e35  __aeabi_ddiv                  
000053b9  __aeabi_dmul                  
0000487d  __aeabi_dsub                  
0000625d  __aeabi_errno_addr            
00005fc5  __aeabi_f2d                   
00006095  __aeabi_i2d                   
00004a33  __aeabi_idiv0                 
00004a33  __aeabi_ldiv0                 
00005a65  __aeabi_memclr                
00005a65  __aeabi_memclr4               
00005a65  __aeabi_memclr8               
00005827  __aeabi_memcpy                
00005827  __aeabi_memcpy4               
00005827  __aeabi_memcpy8               
00005a67  __aeabi_memset                
00005a67  __aeabi_memset4               
00005a67  __aeabi_memset8               
000058c3  __aeabi_uldivmod              
ffffffff  __binit__                     
ffffffff  __c_args__                    
00002b25  __kernel_rem_pio2             
00003a8d  __kernel_tan                  
UNDEFED   __mpu_init                    
20000270  __stack                       
20000000  __start___llvm_prf_cnts       
20000000  __stop___llvm_prf_cnts        
00006031  _c_int00_noargs               
000063d0  _ctypes_                      
20002324  _lock                         
000023df  _nop                          
20002344  _running                      
20001270  _sys_memory                   
UNDEFED   _system_post_cinit            
0000626d  _system_pre_init              
200022e0  _timeout_ticks                
20002328  _unlock                       
00006271  abort                         
000052b9  aligned_alloc                 
00005df5  atoi                          
ffffffff  binit                         
000023e1  boundary_detect               
000018c9  calculateLinearWidth          
00005f8d  calloc                        
00006141  copysign                      
00006141  copysignl                     
000040f1  cyBOT_SERVO_cal               
0000407f  cyBOT_Scan                    
00004027  cyBOT_init_Scan               
2000233c  cyBOT_scan_features           
00004019  cyBOT_scan_version            
20002338  detectedObject                
20002340  errno                         
200022e4  fallingEdge                   
000054b5  floor                         
000054b5  floorl                        
000055ad  free                          
00005c95  frexp                         
00005c95  frexpl                        
20000000  g_pfnRAMVectors               
00000000  g_pfnVectors                  
00000e9d  getMaxDistance                
0000184f  getMidPoint                   
00001837  getPing                       
0000097f  go_charge                     
00002423  hole_detect                   
0000513f  ir_enableInterrupt            
00005121  ir_getDistance                
000050f9  ir_getValue                   
00005091  ir_init                       
20002300  isRisingEdge                  
200022e8  isr_int_value                 
0000621b  lcd_clear                     
00003939  lcd_gotoLine                  
000037a1  lcd_init                      
0000399f  lcd_printf                    
00003861  lcd_putc                      
00003899  lcd_puts                      
00003765  lcd_reverseNibble             
000038b7  lcd_sendCommand               
000038f5  lcd_sendNibble                
00003961  lcd_setCursorPos              
000051a9  ldexp                         
000051a9  ldexpl                        
200022ec  left_calibration_value        
000013d1  longScan                      
00002483  main                          
00006265  malloc                        
20002334  maxDistance                   
000052b9  memalign                      
00006125  memccpy                       
00005827  memcpy                        
00005a6d  memset                        
20002304  motor_cal_factor_L            
20002308  motor_cal_factor_R            
0000026d  oi_alloc                      
00000aa9  oi_checkFirmware              
000002c7  oi_close                      
00000279  oi_free                       
00000ded  oi_getMotorCalibrationLeft    
00000e01  oi_getMotorCalibrationRight   
000002b1  oi_init                       
00000289  oi_init_noupdate              
00000915  oi_loadSong                   
0000618b  oi_parseInt                   
0000032b  oi_parsePacket                
0000096b  oi_play_song                  
0000084b  oi_setLeds                    
00000db1  oi_setMotorCalibration        
0000088f  oi_setWheels                  
00000b51  oi_shutoff_init               
0000098d  oi_uartInit                   
00000a31  oi_uartReceive                
00000a77  oi_uartSendBuff               
00000a15  oi_uartSendChar               
00000a59  oi_uartSendStr                
000002d9  oi_update                     
00004603  ping_getDistance              
000044c1  ping_init                     
00004547  ping_trigger                  
200022f0  pulseLength                   
00005691  realloc                       
20002301  received_char                 
200022f4  returnPing                    
200022f8  right_calibration_value       
200022fc  risingEdge                    
000051a9  scalbn                        
000051a9  scalbnl                       
00004ba1  servo_init                    
00004c31  servo_move                    
00004c91  servo_setPWM                  
00004c25  servo_stop                    
00001825  setDistance                   
00000e8d  setMaxDistance                
0000183f  setMidpoint                   
00000edd  shortScan                     
00005ecd  sprintf                       
000061bb  strchr                        
000061a3  strcmp                        
000061d1  strcpy                        
000061e5  strlen                        
0000245d  tall_tree_detect              
0000325d  tan                           
0000325d  tanl                          
00004397  timer_getMicros               
0000433f  timer_getMillis               
00004279  timer_init                    
0000431b  timer_pause                   
0000432d  timer_resume                  
000042f1  timer_stop                    
000043f1  timer_waitMicros              
00004423  timer_waitMillis              
00004a35  uart_interrupt_init           
00004b13  uart_sendChar                 
00004b2f  uart_sendStr                  
00005f0d  vsnprintf                     
000061f9  wcslen                        


GLOBAL SYMBOLS: SORTED BY Symbol Address 

address   name                          
-------   ----                          
00000000  __TI_static_base__            
00000000  g_pfnVectors                  
0000026d  oi_alloc                      
00000279  oi_free                       
00000289  oi_init_noupdate              
000002b1  oi_init                       
000002c7  oi_close                      
000002d9  oi_update                     
0000032b  oi_parsePacket                
0000084b  oi_setLeds                    
0000088f  oi_setWheels                  
00000915  oi_loadSong                   
0000096b  oi_play_song                  
0000097f  go_charge                     
0000098d  oi_uartInit                   
00000a15  oi_uartSendChar               
00000a31  oi_uartReceive                
00000a59  oi_uartSendStr                
00000a77  oi_uartSendBuff               
00000aa9  oi_checkFirmware              
00000b51  oi_shutoff_init               
00000bc3  GPIOF_Handler                 
00000db1  oi_setMotorCalibration        
00000ded  oi_getMotorCalibrationLeft    
00000e01  oi_getMotorCalibrationRight   
00000e8d  setMaxDistance                
00000e9d  getMaxDistance                
00000ea3  IR_to_cm                      
00000edd  shortScan                     
00001000  __STACK_SIZE                  
00001000  __SYSMEM_SIZE                 
000013d1  longScan                      
00001825  setDistance                   
00001837  getPing                       
0000183f  setMidpoint                   
0000184f  getMidPoint                   
00001859  IrToMeters                    
000018c9  calculateLinearWidth          
00001991  __TI_printfi                  
000023df  _nop                          
000023e1  boundary_detect               
00002423  hole_detect                   
0000245d  tall_tree_detect              
00002483  main                          
00002b25  __kernel_rem_pio2             
0000325d  tan                           
0000325d  tanl                          
00003765  lcd_reverseNibble             
000037a1  lcd_init                      
00003861  lcd_putc                      
00003899  lcd_puts                      
000038b7  lcd_sendCommand               
000038f5  lcd_sendNibble                
00003939  lcd_gotoLine                  
00003961  lcd_setCursorPos              
0000399f  lcd_printf                    
00003a8d  __kernel_tan                  
00004019  cyBOT_scan_version            
00004027  cyBOT_init_Scan               
0000407f  cyBOT_Scan                    
000040f1  cyBOT_SERVO_cal               
00004279  timer_init                    
000042f1  timer_stop                    
0000431b  timer_pause                   
0000432d  timer_resume                  
0000433f  timer_getMillis               
00004397  timer_getMicros               
000043f1  timer_waitMicros              
00004423  timer_waitMillis              
000044c1  ping_init                     
00004547  ping_trigger                  
000045b1  TIMER3B_Handler               
00004603  ping_getDistance              
0000487d  __aeabi_dsub                  
00004887  __aeabi_dadd                  
00004a33  __aeabi_idiv0                 
00004a33  __aeabi_ldiv0                 
00004a35  uart_interrupt_init           
00004af3  UART1_Handler                 
00004b13  uart_sendChar                 
00004b2f  uart_sendStr                  
00004ba1  servo_init                    
00004c25  servo_stop                    
00004c31  servo_move                    
00004c91  servo_setPWM                  
00004e35  __aeabi_ddiv                  
00005091  ir_init                       
000050f9  ir_getValue                   
00005121  ir_getDistance                
00005129  ADC0SS0_Handler               
0000513f  ir_enableInterrupt            
000051a9  ldexp                         
000051a9  ldexpl                        
000051a9  scalbn                        
000051a9  scalbnl                       
000052b9  aligned_alloc                 
000052b9  memalign                      
000053b9  __aeabi_dmul                  
000054b5  floor                         
000054b5  floorl                        
000055ad  free                          
00005691  realloc                       
00005827  __aeabi_memcpy                
00005827  __aeabi_memcpy4               
00005827  __aeabi_memcpy8               
00005827  memcpy                        
000058c3  __aeabi_uldivmod              
00005959  __aeabi_cdcmpeq               
00005959  __aeabi_cdcmple               
000059df  __aeabi_cdrcmple              
00005a65  __aeabi_memclr                
00005a65  __aeabi_memclr4               
00005a65  __aeabi_memclr8               
00005a67  __aeabi_memset                
00005a67  __aeabi_memset4               
00005a67  __aeabi_memset8               
00005a6d  memset                        
00005bbf  __aeabi_d2f                   
00005c2d  __TI_decompress_lzss          
00005c95  frexp                         
00005c95  frexpl                        
00005d4f  __TI_ltoa                     
00005df5  atoi                          
00005e41  __aeabi_d2iz                  
00005e89  __TI_auto_init_nobinit_nopinit
00005ecd  sprintf                       
00005f0d  vsnprintf                     
00005f8d  calloc                        
00005fc5  __aeabi_f2d                   
00005ffd  IntRegister                   
00006031  _c_int00_noargs               
00006095  __aeabi_i2d                   
000060ed  __TI_zero_init_nomemset       
00006125  memccpy                       
00006141  copysign                      
00006141  copysignl                     
0000618b  oi_parseInt                   
000061a3  strcmp                        
000061bb  strchr                        
000061d1  strcpy                        
000061e5  strlen                        
000061f9  wcslen                        
0000620b  IntMasterEnable               
0000621b  lcd_clear                     
0000622b  __TI_decompress_none          
00006239  CPUcpsie                      
00006245  ResetISR                      
0000625d  __aeabi_errno_addr            
00006265  malloc                        
0000626d  _system_pre_init              
00006271  C$$EXIT                       
00006271  abort                         
000063d0  _ctypes_                      
0000658c  __TI_Handler_Table_Base       
00006598  __TI_Handler_Table_Limit      
000065a8  __TI_CINIT_Base               
000065c0  __TI_CINIT_Limit              
20000000  __start___llvm_prf_cnts       
20000000  __stop___llvm_prf_cnts        
20000000  g_pfnRAMVectors               
20000270  __stack                       
20000470  __STACK_TOP                   
20001270  __STACK_END                   
20001270  _sys_memory                   
200022dc  ReturnMidpoint                
200022e0  _timeout_ticks                
200022e4  fallingEdge                   
200022e8  isr_int_value                 
200022ec  left_calibration_value        
200022f0  pulseLength                   
200022f4  returnPing                    
200022f8  right_calibration_value       
200022fc  risingEdge                    
20002300  isRisingEdge                  
20002301  received_char                 
20002304  motor_cal_factor_L            
20002308  motor_cal_factor_R            
20002324  _lock                         
20002328  _unlock                       
20002334  maxDistance                   
20002338  detectedObject                
2000233c  cyBOT_scan_features           
20002340  errno                         
20002344  _running                      
ffffffff  __TI_pprof_out_hndl           
ffffffff  __TI_prof_data_size           
ffffffff  __TI_prof_data_start          
ffffffff  __binit__                     
ffffffff  __c_args__                    
ffffffff  binit                         
UNDEFED   __mpu_init                    
UNDEFED   _system_post_cinit            

[192 symbols]
