******************************************************************************
                  TI ARM Linker PC v20.2.7                     
******************************************************************************
>> Linked Wed May  7 00:32:01 2025

OUTPUT FILE NAME:   <Gitwork.out>
ENTRY POINT SYMBOL: "_c_int00_noargs"  address: 00006905


MEMORY CONFIGURATION

         name            origin    length      used     unused   attr    fill
----------------------  --------  ---------  --------  --------  ----  --------
  FLASH                 00000000   00040000  00006f4f  000390b1  R  X
  SRAM                  20000000   00008000  0000233f  00005cc1  RW X


SEGMENT ALLOCATION MAP

run origin  load origin   length   init length attrs members
----------  ----------- ---------- ----------- ----- -------
00000000    00000000    00006f50   00006f50    r-x
  00000000    00000000    0000026c   0000026c    r-- .intvecs
  0000026c    0000026c    0000691c   0000691c    r-x .text
  00006b88    00006b88    00000377   00000377    r-- .const
  00006f00    00006f00    00000050   00000050    r-- .cinit
20000000    20000000    00002345   00000000    rw-
  20000000    20000000    0000026c   00000000    rw- .vtable
  20000270    20000270    00001000   00000000    rw- .stack
  20001270    20001270    00001000   00000000    rw- .sysmem
  20002270    20002270    00000092   00000000    rw- .bss
  20002304    20002304    00000041   00000000    rw- .data


SECTION ALLOCATION MAP

 output                                  attributes/
section   page    origin      length       input sections
--------  ----  ----------  ----------   ----------------
.intvecs   0    00000000    0000026c     
                  00000000    0000026c     tm4c123gh6pm_startup_ccs.obj (.intvecs)

.text      0    0000026c    0000691c     
                  0000026c    00000c20     open_interface.obj (.text)
                  00000e8c    00000b60     scan.obj (.text)
                  000019ec    00000a4e     rtsv7M4_T_le_v4SPD16_eabi.lib : _printfi.c.obj (.text:__TI_printfi)
                  0000243a    00000002                                   : _lock.c.obj (.text:_nop)
                  0000243c    0000087c     YesInterruptMove.obj (.text)
                  00002cb8    00000738     rtsv7M4_T_le_v4SPD16_eabi.lib : k_rem_pio2.c.obj (.text:__kernel_rem_pio2)
                  000033f0    0000058c                                   : e_powf.c.obj (.text:powf)
                  0000397c    00000508                                   : s_tan.c.obj (.text:tan)
                  00003e84    00000328     lcd.obj (.text)
                  000041ac    0000031c     rtsv7M4_T_le_v4SPD16_eabi.lib : k_tan.c.obj (.text:__kernel_tan)
                  000044c8    00000270                                   : _printfi.c.obj (.text:_pconv_a)
                  00004738    00000260     libcybotScan.lib : cyBot_Scan.obj (.text)
                  00004998    00000248     Timer.obj (.text)
                  00004be0    000001ec     libcybotScan.lib : ping.obj (.text)
                  00004dcc    000001d0     rtsv7M4_T_le_v4SPD16_eabi.lib : _printfi.c.obj (.text:_pconv_g)
                  00004f9c    000001b6                                   : fd_add_t2.asm.obj (.text)
                  00005152    00000002                                   : div0.asm.obj (.text)
                  00005154    0000016c     new_uart_interrupt.obj (.text)
                  000052c0    00000158     libcybotScan.lib : servo.obj (.text)
                  00005418    0000013c     rtsv7M4_T_le_v4SPD16_eabi.lib : _printfi.c.obj (.text:_pconv_e)
                  00005554    00000136                                   : fd_div_t2.asm.obj (.text)
                  0000568a    00000002     --HOLE-- [fill = 0]
                  0000568c    00000124                                   : _printfi.c.obj (.text:fcvt)
                  000057b0    00000118     libcybotScan.lib : ir.obj (.text)
                  000058c8    00000110     rtsv7M4_T_le_v4SPD16_eabi.lib : s_scalbn.c.obj (.text:scalbn)
                  000059d8    00000100                                   : memory.c.obj (.text:aligned_alloc)
                  00005ad8    000000fc                                   : fd_mul_t2.asm.obj (.text)
                  00005bd4    000000f8                                   : s_floor.c.obj (.text:floor)
                  00005ccc    000000e4     adc.obj (.text)
                  00005db0    000000e4     rtsv7M4_T_le_v4SPD16_eabi.lib : memory.c.obj (.text:free)
                  00005e94    000000e4                                   : memory.c.obj (.text:realloc)
                  00005f78    000000d0                                   : s_scalbnf.c.obj (.text:scalbnf)
                  00006048    000000b1                                   : _printfi.c.obj (.text:_ltostr)
                  000060f9    00000001     --HOLE-- [fill = 0]
                  000060fa    0000009c                                   : memcpy_t2.asm.obj (.text)
                  00006196    00000096                                   : ull_div_t2.asm.obj (.text)
                  0000622c    00000086                                   : fd_cmp_t2.asm.obj (.text:__aeabi_cdcmple)
                  000062b2    00000086                                   : fd_cmp_t2.asm.obj (.text:__aeabi_cdrcmple)
                  00006338    0000007a                                   : memset_t2.asm.obj (.text)
                  000063b2    00000002     --HOLE-- [fill = 0]
                  000063b4    00000070                                   : memory.c.obj (.text:split)
                  00006424    0000006e                                   : _printfi.c.obj (.text:_mcpy)
                  00006492    0000006e                                   : fd_tos_t2.asm.obj (.text)
                  00006500    00000068                                   : copy_decompress_lzss.c.obj (.text:decompress:lzss:__TI_decompress_lzss)
                  00006568    00000064                                   : s_frexp.c.obj (.text:frexp)
                  000065cc    00000056                                   : _printfi.c.obj (.text:_pconv_f)
                  00006622    00000054                                   : _ltoa.c.obj (.text:__TI_ltoa)
                  00006676    00000052                                   : _printfi.c.obj (.text:_ecpy)
                  000066c8    0000004c                                   : atoi.c.obj (.text:atoi)
                  00006714    00000048                                   : fd_toi_t2.asm.obj (.text)
                  0000675c    00000044                                   : autoinit.c.obj (.text:__TI_auto_init_nobinit_nopinit:__TI_auto_init_nobinit_nopinit)
                  000067a0    00000040                                   : sprintf.c.obj (.text:sprintf)
                  000067e0    00000040                                   : vsnprintf.c.obj (.text:vsnprintf)
                  00006820    0000003e                                   : _printfi.c.obj (.text:_fcpy)
                  0000685e    00000002     --HOLE-- [fill = 0]
                  00006860    00000038                                   : memory.c.obj (.text:calloc)
                  00006898    00000038                                   : fs_tod_t2.asm.obj (.text)
                  000068d0    00000034     driverlib.lib : interrupt.obj (.text:IntRegister)
                  00006904    00000034     rtsv7M4_T_le_v4SPD16_eabi.lib : boot_cortex_m.c.obj (.text:_c_int00_noargs:_c_int00_noargs)
                  00006938    00000030                                   : vsnprintf.c.obj (.text:_outs)
                  00006968    0000002e                                   : i_tofd_t2.asm.obj (.text)
                  00006996    00000002     --HOLE-- [fill = 0]
                  00006998    00000028                                   : memory.c.obj (.text:free_list_insert)
                  000069c0    00000028                                   : e_sqrtf.c.obj (.text:sqrtf)
                  000069e8    0000001c                                   : copy_zero_init.c.obj (.text:decompress:ZI:__TI_zero_init_nomemset:__TI_zero_init_nomemset)
                  00006a04    0000001c                                   : memory.c.obj (.text:free_list_remove)
                  00006a20    0000001c                                   : memccpy.c.obj (.text:memccpy)
                  00006a3c    0000001a                                   : s_copysign.c.obj (.text:copysign)
                  00006a56    00000018                                   : vsnprintf.c.obj (.text:_outc)
                  00006a6e    00000018                                   : sprintf.c.obj (.text:_outs)
                  00006a86    00000018                                   : s_copysignf.c.obj (.text:copysignf)
                  00006a9e    00000018     open_interface.obj (.text:oi_parseInt)
                  00006ab6    00000018     rtsv7M4_T_le_v4SPD16_eabi.lib : strcmp.c.obj (.text:strcmp)
                  00006ace    00000016                                   : strchr.c.obj (.text:strchr)
                  00006ae4    00000014                                   : strcpy.c.obj (.text:strcpy)
                  00006af8    00000014                                   : strlen.c.obj (.text:strlen)
                  00006b0c    00000012                                   : wcslen.c.obj (.text:wcslen)
                  00006b1e    00000010     driverlib.lib : interrupt.obj (.text:IntMasterEnable)
                  00006b2e    00000010     lcd.obj (.text:lcd_clear)
                  00006b3e    0000000e     rtsv7M4_T_le_v4SPD16_eabi.lib : copy_decompress_none.c.obj (.text:decompress:none:__TI_decompress_none)
                  00006b4c    0000000c     driverlib.lib : cpu.obj (.text:CPUcpsie)
                  00006b58    0000000c     tm4c123gh6pm_startup_ccs.obj (.text)
                  00006b64    0000000a     rtsv7M4_T_le_v4SPD16_eabi.lib : sprintf.c.obj (.text:_outc)
                  00006b6e    00000002     --HOLE-- [fill = 0]
                  00006b70    00000008                                   : errno.c.obj (.text:__aeabi_errno_addr)
                  00006b78    00000008                                   : memory.c.obj (.text:malloc)
                  00006b80    00000004                                   : pre_init.c.obj (.text:_system_pre_init)
                  00006b84    00000004                                   : exit.c.obj (.text:abort:abort)

.const     0    00006b88    00000377     
                  00006b88    00000158     rtsv7M4_T_le_v4SPD16_eabi.lib : k_rem_pio2.c.obj (.const:$O1$$)
                  00006ce0    00000101                                   : ctype.c.obj (.const:.string:_ctypes_)
                  00006de1    00000004     lcd.obj (.const:.string:lineAddress$1)
                  00006de5    00000003     --HOLE-- [fill = 0]
                  00006de8    00000080     rtsv7M4_T_le_v4SPD16_eabi.lib : k_tan.c.obj (.const:xxx)
                  00006e68    00000036     YesInterruptMove.obj (.const:.string:$P$T0$1)
                  00006e9e    00000036     YesInterruptMove.obj (.const:.string:$P$T1$2)
                  00006ed4    00000018     rtsv7M4_T_le_v4SPD16_eabi.lib : e_powf.c.obj (.const:$O1$$)
                  00006eec    0000000f     open_interface.obj (.const:.string:$P$T0$3)
                  00006efb    00000004     lcd.obj (.const:.string:lineAddresses$2)

.cinit     0    00006f00    00000050     
                  00006f00    0000001c     (.cinit..data.load) [load image, compression = lzss]
                  00006f1c    0000000c     (__TI_handler_table)
                  00006f28    00000008     (.cinit..bss.load) [load image, compression = zero_init]
                  00006f30    00000008     (.cinit..vtable.load) [load image, compression = zero_init]
                  00006f38    00000018     (__TI_cinit_table)

.init_array 
*          0    00000000    00000000     UNINITIALIZED

.vtable    0    20000000    0000026c     UNINITIALIZED
                  20000000    0000026c     driverlib.lib : interrupt.obj (.vtable)

.stack     0    20000270    00001000     UNINITIALIZED
                  20000270    00000004     rtsv7M4_T_le_v4SPD16_eabi.lib : boot_cortex_m.c.obj (.stack)
                  20000274    00000ffc     --HOLE--

.sysmem    0    20001270    00001000     UNINITIALIZED
                  20001270    00000010     rtsv7M4_T_le_v4SPD16_eabi.lib : memory.c.obj (.sysmem)
                  20001280    00000ff0     --HOLE--

.bss       0    20002270    00000092     UNINITIALIZED
                  20002270    00000054     lcd.obj (.bss:lastbuffer$3)
                  200022c4    00000018     open_interface.obj (.bss:firmware$2)
                  200022dc    00000004     (.common:ReturnMidpoint)
                  200022e0    00000004     (.common:_timeout_ticks)
                  200022e4    00000004     (.common:fallingEdge)
                  200022e8    00000004     (.common:isr_int_value)
                  200022ec    00000004     (.common:left_calibration_value)
                  200022f0    00000004     (.common:pulseLength)
                  200022f4    00000004     (.common:returnPing)
                  200022f8    00000004     (.common:right_calibration_value)
                  200022fc    00000004     (.common:risingEdge)
                  20002300    00000001     (.common:isRisingEdge)
                  20002301    00000001     (.common:received_char)

.data      0    20002304    00000041     UNINITIALIZED
                  20002304    00000020     open_interface.obj (.data)
                  20002324    00000008     rtsv7M4_T_le_v4SPD16_eabi.lib : _lock.c.obj (.data:$O1$$)
                  2000232c    00000008                                   : memory.c.obj (.data:$O1$$)
                  20002334    00000008     scan.obj (.data)
                  2000233c    00000004     libcybotScan.lib : cyBot_Scan.obj (.data)
                  20002340    00000004     rtsv7M4_T_le_v4SPD16_eabi.lib : errno.c.obj (.data)
                  20002344    00000001     Timer.obj (.data)

__llvm_prf_cnts 
*          0    20000000    00000000     UNINITIALIZED

MODULE SUMMARY

       Module                         code    ro data   rw data
       ------                         ----    -------   -------
    .\
       open_interface.obj             3128    15        56     
       scan.obj                       2912    0         16     
       YesInterruptMove.obj           2172    108       9      
       lcd.obj                        824     8         84     
       tm4c123gh6pm_startup_ccs.obj   12      620       0      
       Timer.obj                      584     0         5      
       new_uart_interrupt.obj         364     0         0      
       adc.obj                        228     0         0      
    +--+------------------------------+-------+---------+---------+
       Total:                         10224   751       170    
                                                               
    C:/ti/TivaWare_C_Series-2.2.0.295/driverlib/ccs/Debug/driverlib.lib
       interrupt.obj                  68      0         620    
       cpu.obj                        12      0         0      
    +--+------------------------------+-------+---------+---------+
       Total:                         80      0         620    
                                                               
    C:\ti\ccs1271\ccs\tools\compiler\ti-cgt-arm_20.2.7.LTS\lib\rtsv7M4_T_le_v4SPD16_eabi.lib
       _printfi.c.obj                 4851    0         0      
       k_rem_pio2.c.obj               1848    344       0      
       e_powf.c.obj                   1420    24        0      
       s_tan.c.obj                    1288    0         0      
       memory.c.obj                   956     0         8      
       k_tan.c.obj                    796     128       0      
       fd_add_t2.asm.obj              438     0         0      
       fd_div_t2.asm.obj              310     0         0      
       s_scalbn.c.obj                 272     0         0      
       fd_cmp_t2.asm.obj              268     0         0      
       ctype.c.obj                    0       257       0      
       fd_mul_t2.asm.obj              252     0         0      
       s_floor.c.obj                  248     0         0      
       s_scalbnf.c.obj                208     0         0      
       memcpy_t2.asm.obj              156     0         0      
       ull_div_t2.asm.obj             150     0         0      
       vsnprintf.c.obj                136     0         0      
       memset_t2.asm.obj              122     0         0      
       fd_tos_t2.asm.obj              110     0         0      
       copy_decompress_lzss.c.obj     104     0         0      
       s_frexp.c.obj                  100     0         0      
       sprintf.c.obj                  98      0         0      
       _ltoa.c.obj                    84      0         0      
       atoi.c.obj                     76      0         0      
       fd_toi_t2.asm.obj              72      0         0      
       autoinit.c.obj                 68      0         0      
       fs_tod_t2.asm.obj              56      0         0      
       boot_cortex_m.c.obj            52      0         0      
       i_tofd_t2.asm.obj              46      0         0      
       e_sqrtf.c.obj                  40      0         0      
       copy_zero_init.c.obj           28      0         0      
       memccpy.c.obj                  28      0         0      
       s_copysign.c.obj               26      0         0      
       s_copysignf.c.obj              24      0         0      
       strcmp.c.obj                   24      0         0      
       strchr.c.obj                   22      0         0      
       strcpy.c.obj                   20      0         0      
       strlen.c.obj                   20      0         0      
       wcslen.c.obj                   18      0         0      
       copy_decompress_none.c.obj     14      0         0      
       errno.c.obj                    8       0         4      
       _lock.c.obj                    2       0         8      
       exit.c.obj                     4       0         0      
       pre_init.c.obj                 4       0         0      
       div0.asm.obj                   2       0         0      
    +--+------------------------------+-------+---------+---------+
       Total:                         14869   753       20     
                                                               
    U:/CPRE288Workspace/Lab3/libcybotScan.lib
       cyBot_Scan.obj                 608     0         4      
       ping.obj                       492     0         13     
       servo.obj                      344     0         0      
       ir.obj                         280     0         4      
    +--+------------------------------+-------+---------+---------+
       Total:                         1724    0         21     
                                                               
       Heap:                          0       0         4096   
       Stack:                         0       0         4096   
       Linker Generated:              0       80        0      
    +--+------------------------------+-------+---------+---------+
       Grand Total:                   26897   1584      9023   


LINKER GENERATED COPY TABLES

__TI_cinit_table @ 00006f38 records: 3, size/record: 8, table size: 24
	.data: load addr=00006f00, load size=0000001c bytes, run addr=20002304, run size=00000041 bytes, compression=lzss
	.bss: load addr=00006f28, load size=00000008 bytes, run addr=20002270, run size=00000092 bytes, compression=zero_init
	.vtable: load addr=00006f30, load size=00000008 bytes, run addr=20000000, run size=0000026c bytes, compression=zero_init


LINKER GENERATED HANDLER TABLE

__TI_handler_table @ 00006f1c records: 3, size/record: 4, table size: 12
	index: 0, handler: __TI_zero_init
	index: 1, handler: __TI_decompress_lzss
	index: 2, handler: __TI_decompress_none


GLOBAL SYMBOLS: SORTED ALPHABETICALLY BY Name 

address   name                          
-------   ----                          
00005849  ADC0SS0_Handler               
00006b85  C$$EXIT                       
00006b4d  CPUcpsie                      
00000bc3  GPIOF_Handler                 
00000ea3  IR_to_cm                      
00006b1f  IntMasterEnable               
000068d1  IntRegister                   
000018b5  IrToMeters                    
00006b59  ResetISR                      
200022dc  ReturnMidpoint                
00004cd1  TIMER3B_Handler               
00005213  UART1_Handler                 
20001270  __STACK_END                   
00001000  __STACK_SIZE                  
20000470  __STACK_TOP                   
00001000  __SYSMEM_SIZE                 
00006f38  __TI_CINIT_Base               
00006f50  __TI_CINIT_Limit              
00006f1c  __TI_Handler_Table_Base       
00006f28  __TI_Handler_Table_Limit      
0000675d  __TI_auto_init_nobinit_nopinit
00006501  __TI_decompress_lzss          
00006b3f  __TI_decompress_none          
00006623  __TI_ltoa                     
ffffffff  __TI_pprof_out_hndl           
000019ed  __TI_printfi                  
ffffffff  __TI_prof_data_size           
ffffffff  __TI_prof_data_start          
00000000  __TI_static_base__            
000069e9  __TI_zero_init_nomemset       
0000622d  __aeabi_cdcmpeq               
0000622d  __aeabi_cdcmple               
000062b3  __aeabi_cdrcmple              
00006493  __aeabi_d2f                   
00006715  __aeabi_d2iz                  
00004fa7  __aeabi_dadd                  
00005555  __aeabi_ddiv                  
00005ad9  __aeabi_dmul                  
00004f9d  __aeabi_dsub                  
00006b71  __aeabi_errno_addr            
00006899  __aeabi_f2d                   
00006969  __aeabi_i2d                   
00005153  __aeabi_idiv0                 
00005153  __aeabi_ldiv0                 
00006339  __aeabi_memclr                
00006339  __aeabi_memclr4               
00006339  __aeabi_memclr8               
000060fb  __aeabi_memcpy                
000060fb  __aeabi_memcpy4               
000060fb  __aeabi_memcpy8               
0000633b  __aeabi_memset                
0000633b  __aeabi_memset4               
0000633b  __aeabi_memset8               
00006197  __aeabi_uldivmod              
ffffffff  __binit__                     
ffffffff  __c_args__                    
00002cb9  __kernel_rem_pio2             
000041ad  __kernel_tan                  
UNDEFED   __mpu_init                    
20000270  __stack                       
20000000  __start___llvm_prf_cnts       
20000000  __stop___llvm_prf_cnts        
00006905  _c_int00_noargs               
00006ce0  _ctypes_                      
20002324  _lock                         
0000243b  _nop                          
20002344  _running                      
20001270  _sys_memory                   
UNDEFED   _system_post_cinit            
00006b81  _system_pre_init              
200022e0  _timeout_ticks                
20002328  _unlock                       
00006b85  abort                         
00005ccd  adc_init                      
00005d47  adc_read                      
000059d9  aligned_alloc                 
000066c9  atoi                          
ffffffff  binit                         
0000246d  boundary_detect               
00001925  calculateLinearWidth          
00006861  calloc                        
00006a3d  copysign                      
00006a87  copysignf                     
00006a3d  copysignl                     
00004811  cyBOT_SERVO_cal               
0000479f  cyBOT_Scan                    
00004747  cyBOT_init_Scan               
2000233c  cyBOT_scan_features           
00004739  cyBOT_scan_version            
20002338  detectedObject                
20002340  errno                         
200022e4  fallingEdge                   
00005bd5  floor                         
00005bd5  floorl                        
00005db1  free                          
00006569  frexp                         
00006569  frexpl                        
20000000  g_pfnRAMVectors               
00000000  g_pfnVectors                  
00000e9d  getMaxDistance                
000018ab  getMidPoint                   
00001893  getPing                       
0000097f  go_charge                     
000024af  hole_detect                   
0000585f  ir_enableInterrupt            
00005841  ir_getDistance                
00005819  ir_getValue                   
000057b1  ir_init                       
20002300  isRisingEdge                  
200022e8  isr_int_value                 
00006b2f  lcd_clear                     
00004059  lcd_gotoLine                  
00003ec1  lcd_init                      
000040bf  lcd_printf                    
00003f81  lcd_putc                      
00003fb9  lcd_puts                      
00003e85  lcd_reverseNibble             
00003fd7  lcd_sendCommand               
00004015  lcd_sendNibble                
00004081  lcd_setCursorPos              
000058c9  ldexp                         
00005f79  ldexpf                        
000058c9  ldexpl                        
200022ec  left_calibration_value        
00001421  longScan                      
00002519  main                          
00006b79  malloc                        
20002334  maxDistance                   
000059d9  memalign                      
00006a21  memccpy                       
000060fb  memcpy                        
00006341  memset                        
20002304  motor_cal_factor_L            
20002308  motor_cal_factor_R            
0000026d  oi_alloc                      
00000aa9  oi_checkFirmware              
000002c7  oi_close                      
00000279  oi_free                       
00000ded  oi_getMotorCalibrationLeft    
00000e01  oi_getMotorCalibrationRight   
000002b1  oi_init                       
00000289  oi_init_noupdate              
00000915  oi_loadSong                   
00006a9f  oi_parseInt                   
0000032b  oi_parsePacket                
0000096b  oi_play_song                  
0000084b  oi_setLeds                    
00000db1  oi_setMotorCalibration        
0000088f  oi_setWheels                  
00000b51  oi_shutoff_init               
0000098d  oi_uartInit                   
00000a31  oi_uartReceive                
00000a77  oi_uartSendBuff               
00000a15  oi_uartSendChar               
00000a59  oi_uartSendStr                
000002d9  oi_update                     
00004d23  ping_getDistance              
00004be1  ping_init                     
00004c67  ping_trigger                  
0000243d  play_music                    
000033f1  powf                          
200022f0  pulseLength                   
00005e95  realloc                       
20002301  received_char                 
200022f4  returnPing                    
200022f8  right_calibration_value       
200022fc  risingEdge                    
000058c9  scalbn                        
00005f79  scalbnf                       
000058c9  scalbnl                       
000052c1  servo_init                    
00005351  servo_move                    
000053b1  servo_setPWM                  
00005345  servo_stop                    
00001881  setDistance                   
00000e8d  setMaxDistance                
0000189b  setMidpoint                   
00000ef1  shortScan                     
000067a1  sprintf                       
000069c1  sqrtf                         
00006acf  strchr                        
00006ab7  strcmp                        
00006ae5  strcpy                        
00006af9  strlen                        
000024e9  tall_tree_detect              
0000397d  tan                           
0000397d  tanl                          
00004ab7  timer_getMicros               
00004a5f  timer_getMillis               
00004999  timer_init                    
00004a3b  timer_pause                   
00004a4d  timer_resume                  
00004a11  timer_stop                    
00004b11  timer_waitMicros              
00004b43  timer_waitMillis              
00005155  uart_interrupt_init           
00005233  uart_sendChar                 
0000524f  uart_sendStr                  
000067e1  vsnprintf                     
00006b0d  wcslen                        


GLOBAL SYMBOLS: SORTED BY Symbol Address 

address   name                          
-------   ----                          
00000000  __TI_static_base__            
00000000  g_pfnVectors                  
0000026d  oi_alloc                      
00000279  oi_free                       
00000289  oi_init_noupdate              
000002b1  oi_init                       
000002c7  oi_close                      
000002d9  oi_update                     
0000032b  oi_parsePacket                
0000084b  oi_setLeds                    
0000088f  oi_setWheels                  
00000915  oi_loadSong                   
0000096b  oi_play_song                  
0000097f  go_charge                     
0000098d  oi_uartInit                   
00000a15  oi_uartSendChar               
00000a31  oi_uartReceive                
00000a59  oi_uartSendStr                
00000a77  oi_uartSendBuff               
00000aa9  oi_checkFirmware              
00000b51  oi_shutoff_init               
00000bc3  GPIOF_Handler                 
00000db1  oi_setMotorCalibration        
00000ded  oi_getMotorCalibrationLeft    
00000e01  oi_getMotorCalibrationRight   
00000e8d  setMaxDistance                
00000e9d  getMaxDistance                
00000ea3  IR_to_cm                      
00000ef1  shortScan                     
00001000  __STACK_SIZE                  
00001000  __SYSMEM_SIZE                 
00001421  longScan                      
00001881  setDistance                   
00001893  getPing                       
0000189b  setMidpoint                   
000018ab  getMidPoint                   
000018b5  IrToMeters                    
00001925  calculateLinearWidth          
000019ed  __TI_printfi                  
0000243b  _nop                          
0000243d  play_music                    
0000246d  boundary_detect               
000024af  hole_detect                   
000024e9  tall_tree_detect              
00002519  main                          
00002cb9  __kernel_rem_pio2             
000033f1  powf                          
0000397d  tan                           
0000397d  tanl                          
00003e85  lcd_reverseNibble             
00003ec1  lcd_init                      
00003f81  lcd_putc                      
00003fb9  lcd_puts                      
00003fd7  lcd_sendCommand               
00004015  lcd_sendNibble                
00004059  lcd_gotoLine                  
00004081  lcd_setCursorPos              
000040bf  lcd_printf                    
000041ad  __kernel_tan                  
00004739  cyBOT_scan_version            
00004747  cyBOT_init_Scan               
0000479f  cyBOT_Scan                    
00004811  cyBOT_SERVO_cal               
00004999  timer_init                    
00004a11  timer_stop                    
00004a3b  timer_pause                   
00004a4d  timer_resume                  
00004a5f  timer_getMillis               
00004ab7  timer_getMicros               
00004b11  timer_waitMicros              
00004b43  timer_waitMillis              
00004be1  ping_init                     
00004c67  ping_trigger                  
00004cd1  TIMER3B_Handler               
00004d23  ping_getDistance              
00004f9d  __aeabi_dsub                  
00004fa7  __aeabi_dadd                  
00005153  __aeabi_idiv0                 
00005153  __aeabi_ldiv0                 
00005155  uart_interrupt_init           
00005213  UART1_Handler                 
00005233  uart_sendChar                 
0000524f  uart_sendStr                  
000052c1  servo_init                    
00005345  servo_stop                    
00005351  servo_move                    
000053b1  servo_setPWM                  
00005555  __aeabi_ddiv                  
000057b1  ir_init                       
00005819  ir_getValue                   
00005841  ir_getDistance                
00005849  ADC0SS0_Handler               
0000585f  ir_enableInterrupt            
000058c9  ldexp                         
000058c9  ldexpl                        
000058c9  scalbn                        
000058c9  scalbnl                       
000059d9  aligned_alloc                 
000059d9  memalign                      
00005ad9  __aeabi_dmul                  
00005bd5  floor                         
00005bd5  floorl                        
00005ccd  adc_init                      
00005d47  adc_read                      
00005db1  free                          
00005e95  realloc                       
00005f79  ldexpf                        
00005f79  scalbnf                       
000060fb  __aeabi_memcpy                
000060fb  __aeabi_memcpy4               
000060fb  __aeabi_memcpy8               
000060fb  memcpy                        
00006197  __aeabi_uldivmod              
0000622d  __aeabi_cdcmpeq               
0000622d  __aeabi_cdcmple               
000062b3  __aeabi_cdrcmple              
00006339  __aeabi_memclr                
00006339  __aeabi_memclr4               
00006339  __aeabi_memclr8               
0000633b  __aeabi_memset                
0000633b  __aeabi_memset4               
0000633b  __aeabi_memset8               
00006341  memset                        
00006493  __aeabi_d2f                   
00006501  __TI_decompress_lzss          
00006569  frexp                         
00006569  frexpl                        
00006623  __TI_ltoa                     
000066c9  atoi                          
00006715  __aeabi_d2iz                  
0000675d  __TI_auto_init_nobinit_nopinit
000067a1  sprintf                       
000067e1  vsnprintf                     
00006861  calloc                        
00006899  __aeabi_f2d                   
000068d1  IntRegister                   
00006905  _c_int00_noargs               
00006969  __aeabi_i2d                   
000069c1  sqrtf                         
000069e9  __TI_zero_init_nomemset       
00006a21  memccpy                       
00006a3d  copysign                      
00006a3d  copysignl                     
00006a87  copysignf                     
00006a9f  oi_parseInt                   
00006ab7  strcmp                        
00006acf  strchr                        
00006ae5  strcpy                        
00006af9  strlen                        
00006b0d  wcslen                        
00006b1f  IntMasterEnable               
00006b2f  lcd_clear                     
00006b3f  __TI_decompress_none          
00006b4d  CPUcpsie                      
00006b59  ResetISR                      
00006b71  __aeabi_errno_addr            
00006b79  malloc                        
00006b81  _system_pre_init              
00006b85  C$$EXIT                       
00006b85  abort                         
00006ce0  _ctypes_                      
00006f1c  __TI_Handler_Table_Base       
00006f28  __TI_Handler_Table_Limit      
00006f38  __TI_CINIT_Base               
00006f50  __TI_CINIT_Limit              
20000000  __start___llvm_prf_cnts       
20000000  __stop___llvm_prf_cnts        
20000000  g_pfnRAMVectors               
20000270  __stack                       
20000470  __STACK_TOP                   
20001270  __STACK_END                   
20001270  _sys_memory                   
200022dc  ReturnMidpoint                
200022e0  _timeout_ticks                
200022e4  fallingEdge                   
200022e8  isr_int_value                 
200022ec  left_calibration_value        
200022f0  pulseLength                   
200022f4  returnPing                    
200022f8  right_calibration_value       
200022fc  risingEdge                    
20002300  isRisingEdge                  
20002301  received_char                 
20002304  motor_cal_factor_L            
20002308  motor_cal_factor_R            
20002324  _lock                         
20002328  _unlock                       
20002334  maxDistance                   
20002338  detectedObject                
2000233c  cyBOT_scan_features           
20002340  errno                         
20002344  _running                      
ffffffff  __TI_pprof_out_hndl           
ffffffff  __TI_prof_data_size           
ffffffff  __TI_prof_data_start          
ffffffff  __binit__                     
ffffffff  __c_args__                    
ffffffff  binit                         
UNDEFED   __mpu_init                    
UNDEFED   _system_post_cinit            

[200 symbols]
