******************************************************************************
                  TI ARM Linker PC v20.2.7                     
******************************************************************************
>> Linked Thu Mar 27 13:30:44 2025

OUTPUT FILE NAME:   <Lab5.out>
ENTRY POINT SYMBOL: "_c_int00_noargs"  address: 000027cd


MEMORY CONFIGURATION

         name            origin    length      used     unused   attr    fill
----------------------  --------  ---------  --------  --------  ----  --------
  FLASH                 00000000   00040000  00002af9  0003d507  R  X
  SRAM                  20000000   00008000  000012ca  00006d36  RW X


SEGMENT ALLOCATION MAP

run origin  load origin   length   init length attrs members
----------  ----------- ---------- ----------- ----- -------
00000000    00000000    00002b00   00002b00    r-x
  00000000    00000000    0000026c   0000026c    r-- .intvecs
  0000026c    0000026c    00002720   00002720    r-x .text
  0000298c    0000298c    0000012d   0000012d    r-- .const
  00002ac0    00002ac0    00000040   00000040    r-- .cinit
20000000    20000000    000012ce   00000000    rw-
  20000000    20000000    0000026c   00000000    rw- .vtable
  20000270    20000270    00001000   00000000    rw- .stack
  20001270    20001270    00000058   00000000    rw- .bss
  200012c8    200012c8    00000006   00000000    rw- .data


SECTION ALLOCATION MAP

 output                                  attributes/
section   page    origin      length       input sections
--------  ----  ----------  ----------   ----------------
.intvecs   0    00000000    0000026c     
                  00000000    0000026c     tm4c123gh6pm_startup_ccs.obj (.intvecs)

.text      0    0000026c    00002720     
                  0000026c    00000a4e     rtsv7M4_T_le_v4SPD16_eabi.lib : _printfi.c.obj (.text:__TI_printfi)
                  00000cba    00000002                                   : div0.asm.obj (.text)
                  00000cbc    00000328     lcd.obj (.text)
                  00000fe4    00000270     rtsv7M4_T_le_v4SPD16_eabi.lib : _printfi.c.obj (.text:_pconv_a)
                  00001254    00000248     Timer.obj (.text)
                  0000149c    000001d0     rtsv7M4_T_le_v4SPD16_eabi.lib : _printfi.c.obj (.text:_pconv_g)
                  0000166c    000001b6                                   : fd_add_t2.asm.obj (.text)
                  00001822    00000002     --HOLE-- [fill = 0]
                  00001824    0000013c                                   : _printfi.c.obj (.text:_pconv_e)
                  00001960    00000136                                   : fd_div_t2.asm.obj (.text)
                  00001a96    00000002     --HOLE-- [fill = 0]
                  00001a98    00000130     uart.obj (.text)
                  00001bc8    00000124     rtsv7M4_T_le_v4SPD16_eabi.lib : _printfi.c.obj (.text:fcvt)
                  00001cec    00000110                                   : s_scalbn.c.obj (.text:scalbn)
                  00001dfc    00000104     Main5.obj (.text)
                  00001f00    000000fc     rtsv7M4_T_le_v4SPD16_eabi.lib : fd_mul_t2.asm.obj (.text)
                  00001ffc    000000b1                                   : _printfi.c.obj (.text:_ltostr)
                  000020ad    00000001     --HOLE-- [fill = 0]
                  000020ae    0000009c                                   : memcpy_t2.asm.obj (.text)
                  0000214a    00000096                                   : ull_div_t2.asm.obj (.text)
                  000021e0    00000086                                   : fd_cmp_t2.asm.obj (.text:__aeabi_cdcmple)
                  00002266    00000086                                   : fd_cmp_t2.asm.obj (.text:__aeabi_cdrcmple)
                  000022ec    0000007a                                   : memset_t2.asm.obj (.text)
                  00002366    0000006e                                   : _printfi.c.obj (.text:_mcpy)
                  000023d4    00000068                                   : copy_decompress_lzss.c.obj (.text:decompress:lzss:__TI_decompress_lzss)
                  0000243c    00000064     button.obj (.text)
                  000024a0    00000064     rtsv7M4_T_le_v4SPD16_eabi.lib : s_frexp.c.obj (.text:frexp)
                  00002504    00000056                                   : _printfi.c.obj (.text:_pconv_f)
                  0000255a    00000054                                   : _ltoa.c.obj (.text:__TI_ltoa)
                  000025ae    00000052                                   : _printfi.c.obj (.text:_ecpy)
                  00002600    0000004c                                   : atoi.c.obj (.text:atoi)
                  0000264c    00000048                                   : fd_toi_t2.asm.obj (.text)
                  00002694    00000044                                   : autoinit.c.obj (.text:__TI_auto_init_nobinit_nopinit:__TI_auto_init_nobinit_nopinit)
                  000026d8    00000040                                   : sprintf.c.obj (.text:sprintf)
                  00002718    00000040                                   : vsnprintf.c.obj (.text:vsnprintf)
                  00002758    0000003e                                   : _printfi.c.obj (.text:_fcpy)
                  00002796    00000002     --HOLE-- [fill = 0]
                  00002798    00000034     driverlib.lib : interrupt.obj (.text:IntRegister)
                  000027cc    00000034     rtsv7M4_T_le_v4SPD16_eabi.lib : boot_cortex_m.c.obj (.text:_c_int00_noargs:_c_int00_noargs)
                  00002800    00000030                                   : vsnprintf.c.obj (.text:_outs)
                  00002830    0000002e                                   : i_tofd_t2.asm.obj (.text)
                  0000285e    0000001c                                   : copy_zero_init.c.obj (.text:decompress:ZI:__TI_zero_init_nomemset:__TI_zero_init_nomemset)
                  0000287a    0000001c                                   : memccpy.c.obj (.text:memccpy)
                  00002896    0000001a                                   : s_copysign.c.obj (.text:copysign)
                  000028b0    00000018                                   : vsnprintf.c.obj (.text:_outc)
                  000028c8    00000018                                   : sprintf.c.obj (.text:_outs)
                  000028e0    00000018                                   : strcmp.c.obj (.text:strcmp)
                  000028f8    00000016                                   : strchr.c.obj (.text:strchr)
                  0000290e    00000014                                   : strcpy.c.obj (.text:strcpy)
                  00002922    00000014                                   : strlen.c.obj (.text:strlen)
                  00002936    00000012                                   : wcslen.c.obj (.text:wcslen)
                  00002948    00000010     lcd.obj (.text:lcd_clear)
                  00002958    0000000e     rtsv7M4_T_le_v4SPD16_eabi.lib : copy_decompress_none.c.obj (.text:decompress:none:__TI_decompress_none)
                  00002966    0000000c     tm4c123gh6pm_startup_ccs.obj (.text)
                  00002972    0000000a     rtsv7M4_T_le_v4SPD16_eabi.lib : sprintf.c.obj (.text:_outc)
                  0000297c    00000008                                   : errno.c.obj (.text:__aeabi_errno_addr)
                  00002984    00000004                                   : pre_init.c.obj (.text:_system_pre_init)
                  00002988    00000004                                   : exit.c.obj (.text:abort:abort)

.const     0    0000298c    0000012d     
                  0000298c    00000101     rtsv7M4_T_le_v4SPD16_eabi.lib : ctype.c.obj (.const:.string:_ctypes_)
                  00002a8d    00000015     Main5.obj (.const:.string:$P$T0$1)
                  00002aa2    0000000f     Main5.obj (.const:.string:$P$T1$2)
                  00002ab1    00000004     lcd.obj (.const:.string:lineAddress$1)
                  00002ab5    00000004     lcd.obj (.const:.string:lineAddresses$2)

.cinit     0    00002ac0    00000040     
                  00002ac0    0000000c     (__TI_handler_table)
                  00002acc    00000004     --HOLE-- [fill = 0]
                  00002ad0    00000008     (.cinit..bss.load) [load image, compression = zero_init]
                  00002ad8    00000008     (.cinit..vtable.load) [load image, compression = zero_init]
                  00002ae0    00000007     (.cinit..data.load) [load image, compression = lzss]
                  00002ae7    00000001     --HOLE-- [fill = 0]
                  00002ae8    00000018     (__TI_cinit_table)

.init_array 
*          0    00000000    00000000     UNINITIALIZED

.vtable    0    20000000    0000026c     UNINITIALIZED
                  20000000    0000026c     driverlib.lib : interrupt.obj (.vtable)

.bss       0    20001270    00000058     UNINITIALIZED
                  20001270    00000054     lcd.obj (.bss:lastbuffer$3)
                  200012c4    00000004     (.common:_timeout_ticks)

.data      0    200012c8    00000006     UNINITIALIZED
                  200012c8    00000004     rtsv7M4_T_le_v4SPD16_eabi.lib : errno.c.obj (.data)
                  200012cc    00000001     Timer.obj (.data)
                  200012cd    00000001     button.obj (.data)

.stack     0    20000270    00001000     UNINITIALIZED
                  20000270    00000004     rtsv7M4_T_le_v4SPD16_eabi.lib : boot_cortex_m.c.obj (.stack)
                  20000274    00000ffc     --HOLE--

__llvm_prf_cnts 
*          0    20000000    00000000     UNINITIALIZED

MODULE SUMMARY

       Module                         code    ro data   rw data
       ------                         ----    -------   -------
    .\
       lcd.obj                        824     8         84     
       tm4c123gh6pm_startup_ccs.obj   12      620       0      
       Timer.obj                      584     0         5      
       uart.obj                       304     0         0      
       Main5.obj                      260     36        0      
       button.obj                     100     0         1      
    +--+------------------------------+-------+---------+---------+
       Total:                         2084    664       90     
                                                               
    C:/ti/TivaWare_C_Series-2.2.0.295/driverlib/ccs/Debug/driverlib.lib
       interrupt.obj                  52      0         620    
    +--+------------------------------+-------+---------+---------+
       Total:                         52      0         620    
                                                               
    C:\ti\ccs1271\ccs\tools\compiler\ti-cgt-arm_20.2.7.LTS\lib\rtsv7M4_T_le_v4SPD16_eabi.lib
       _printfi.c.obj                 4851    0         0      
       fd_add_t2.asm.obj              438     0         0      
       fd_div_t2.asm.obj              310     0         0      
       s_scalbn.c.obj                 272     0         0      
       fd_cmp_t2.asm.obj              268     0         0      
       ctype.c.obj                    0       257       0      
       fd_mul_t2.asm.obj              252     0         0      
       memcpy_t2.asm.obj              156     0         0      
       ull_div_t2.asm.obj             150     0         0      
       vsnprintf.c.obj                136     0         0      
       memset_t2.asm.obj              122     0         0      
       copy_decompress_lzss.c.obj     104     0         0      
       s_frexp.c.obj                  100     0         0      
       sprintf.c.obj                  98      0         0      
       _ltoa.c.obj                    84      0         0      
       atoi.c.obj                     76      0         0      
       fd_toi_t2.asm.obj              72      0         0      
       autoinit.c.obj                 68      0         0      
       boot_cortex_m.c.obj            52      0         0      
       i_tofd_t2.asm.obj              46      0         0      
       copy_zero_init.c.obj           28      0         0      
       memccpy.c.obj                  28      0         0      
       s_copysign.c.obj               26      0         0      
       strcmp.c.obj                   24      0         0      
       strchr.c.obj                   22      0         0      
       strcpy.c.obj                   20      0         0      
       strlen.c.obj                   20      0         0      
       wcslen.c.obj                   18      0         0      
       copy_decompress_none.c.obj     14      0         0      
       errno.c.obj                    8       0         4      
       exit.c.obj                     4       0         0      
       pre_init.c.obj                 4       0         0      
       div0.asm.obj                   2       0         0      
    +--+------------------------------+-------+---------+---------+
       Total:                         7873    257       4      
                                                               
       Stack:                         0       0         4096   
       Linker Generated:              0       59        0      
    +--+------------------------------+-------+---------+---------+
       Grand Total:                   10009   980       4810   


LINKER GENERATED COPY TABLES

__TI_cinit_table @ 00002ae8 records: 3, size/record: 8, table size: 24
	.bss: load addr=00002ad0, load size=00000008 bytes, run addr=20001270, run size=00000058 bytes, compression=zero_init
	.vtable: load addr=00002ad8, load size=00000008 bytes, run addr=20000000, run size=0000026c bytes, compression=zero_init
	.data: load addr=00002ae0, load size=00000007 bytes, run addr=200012c8, run size=00000006 bytes, compression=lzss


LINKER GENERATED HANDLER TABLE

__TI_handler_table @ 00002ac0 records: 3, size/record: 4, table size: 12
	index: 0, handler: __TI_zero_init
	index: 1, handler: __TI_decompress_lzss
	index: 2, handler: __TI_decompress_none


GLOBAL SYMBOLS: SORTED ALPHABETICALLY BY Name 

address   name                          
-------   ----                          
00002989  C$$EXIT                       
00002799  IntRegister                   
00002967  ResetISR                      
20001270  __STACK_END                   
00001000  __STACK_SIZE                  
20000470  __STACK_TOP                   
00002ae8  __TI_CINIT_Base               
00002b00  __TI_CINIT_Limit              
00002ac0  __TI_Handler_Table_Base       
00002acc  __TI_Handler_Table_Limit      
00002695  __TI_auto_init_nobinit_nopinit
000023d5  __TI_decompress_lzss          
00002959  __TI_decompress_none          
0000255b  __TI_ltoa                     
ffffffff  __TI_pprof_out_hndl           
0000026d  __TI_printfi                  
ffffffff  __TI_prof_data_size           
ffffffff  __TI_prof_data_start          
00000000  __TI_static_base__            
0000285f  __TI_zero_init_nomemset       
000021e1  __aeabi_cdcmpeq               
000021e1  __aeabi_cdcmple               
00002267  __aeabi_cdrcmple              
0000264d  __aeabi_d2iz                  
00001677  __aeabi_dadd                  
00001961  __aeabi_ddiv                  
00001f01  __aeabi_dmul                  
0000166d  __aeabi_dsub                  
0000297d  __aeabi_errno_addr            
00002831  __aeabi_i2d                   
00000cbb  __aeabi_idiv0                 
00000cbb  __aeabi_ldiv0                 
000022ed  __aeabi_memclr                
000022ed  __aeabi_memclr4               
000022ed  __aeabi_memclr8               
000020af  __aeabi_memcpy                
000020af  __aeabi_memcpy4               
000020af  __aeabi_memcpy8               
000022ef  __aeabi_memset                
000022ef  __aeabi_memset4               
000022ef  __aeabi_memset8               
0000214b  __aeabi_uldivmod              
ffffffff  __binit__                     
ffffffff  __c_args__                    
UNDEFED   __mpu_init                    
20000270  __stack                       
20000000  __start___llvm_prf_cnts       
20000000  __stop___llvm_prf_cnts        
000027cd  _c_int00_noargs               
0000298c  _ctypes_                      
200012cc  _running                      
UNDEFED   _system_post_cinit            
00002985  _system_pre_init              
200012c4  _timeout_ticks                
00002989  abort                         
00002601  atoi                          
ffffffff  binit                         
00002475  button_getButton              
0000243d  button_init                   
00002897  copysign                      
00002897  copysignl                     
200012c8  errno                         
000024a1  frexp                         
000024a1  frexpl                        
20000000  g_pfnRAMVectors               
00000000  g_pfnVectors                  
00002949  lcd_clear                     
00000e91  lcd_gotoLine                  
00000cf9  lcd_init                      
00000ef7  lcd_printf                    
00000db9  lcd_putc                      
00000df1  lcd_puts                      
00000cbd  lcd_reverseNibble             
00000e0f  lcd_sendCommand               
00000e4d  lcd_sendNibble                
00000eb9  lcd_setCursorPos              
00001ced  ldexp                         
00001ced  ldexpl                        
00001dfd  main                          
0000287b  memccpy                       
000020af  memcpy                        
000022f5  memset                        
00001ced  scalbn                        
00001ced  scalbnl                       
000026d9  sprintf                       
000028f9  strchr                        
000028e1  strcmp                        
0000290f  strcpy                        
00002923  strlen                        
00001373  timer_getMicros               
0000131b  timer_getMillis               
00001255  timer_init                    
000012f7  timer_pause                   
00001309  timer_resume                  
000012cd  timer_stop                    
000013cd  timer_waitMicros              
000013ff  timer_waitMillis              
00001a99  uart_init                     
00001b47  uart_receive                  
00001b2b  uart_sendChar                 
00001b69  uart_sendStr                  
00002719  vsnprintf                     
00002937  wcslen                        


GLOBAL SYMBOLS: SORTED BY Symbol Address 

address   name                          
-------   ----                          
00000000  __TI_static_base__            
00000000  g_pfnVectors                  
0000026d  __TI_printfi                  
00000cbb  __aeabi_idiv0                 
00000cbb  __aeabi_ldiv0                 
00000cbd  lcd_reverseNibble             
00000cf9  lcd_init                      
00000db9  lcd_putc                      
00000df1  lcd_puts                      
00000e0f  lcd_sendCommand               
00000e4d  lcd_sendNibble                
00000e91  lcd_gotoLine                  
00000eb9  lcd_setCursorPos              
00000ef7  lcd_printf                    
00001000  __STACK_SIZE                  
00001255  timer_init                    
000012cd  timer_stop                    
000012f7  timer_pause                   
00001309  timer_resume                  
0000131b  timer_getMillis               
00001373  timer_getMicros               
000013cd  timer_waitMicros              
000013ff  timer_waitMillis              
0000166d  __aeabi_dsub                  
00001677  __aeabi_dadd                  
00001961  __aeabi_ddiv                  
00001a99  uart_init                     
00001b2b  uart_sendChar                 
00001b47  uart_receive                  
00001b69  uart_sendStr                  
00001ced  ldexp                         
00001ced  ldexpl                        
00001ced  scalbn                        
00001ced  scalbnl                       
00001dfd  main                          
00001f01  __aeabi_dmul                  
000020af  __aeabi_memcpy                
000020af  __aeabi_memcpy4               
000020af  __aeabi_memcpy8               
000020af  memcpy                        
0000214b  __aeabi_uldivmod              
000021e1  __aeabi_cdcmpeq               
000021e1  __aeabi_cdcmple               
00002267  __aeabi_cdrcmple              
000022ed  __aeabi_memclr                
000022ed  __aeabi_memclr4               
000022ed  __aeabi_memclr8               
000022ef  __aeabi_memset                
000022ef  __aeabi_memset4               
000022ef  __aeabi_memset8               
000022f5  memset                        
000023d5  __TI_decompress_lzss          
0000243d  button_init                   
00002475  button_getButton              
000024a1  frexp                         
000024a1  frexpl                        
0000255b  __TI_ltoa                     
00002601  atoi                          
0000264d  __aeabi_d2iz                  
00002695  __TI_auto_init_nobinit_nopinit
000026d9  sprintf                       
00002719  vsnprintf                     
00002799  IntRegister                   
000027cd  _c_int00_noargs               
00002831  __aeabi_i2d                   
0000285f  __TI_zero_init_nomemset       
0000287b  memccpy                       
00002897  copysign                      
00002897  copysignl                     
000028e1  strcmp                        
000028f9  strchr                        
0000290f  strcpy                        
00002923  strlen                        
00002937  wcslen                        
00002949  lcd_clear                     
00002959  __TI_decompress_none          
00002967  ResetISR                      
0000297d  __aeabi_errno_addr            
00002985  _system_pre_init              
00002989  C$$EXIT                       
00002989  abort                         
0000298c  _ctypes_                      
00002ac0  __TI_Handler_Table_Base       
00002acc  __TI_Handler_Table_Limit      
00002ae8  __TI_CINIT_Base               
00002b00  __TI_CINIT_Limit              
20000000  __start___llvm_prf_cnts       
20000000  __stop___llvm_prf_cnts        
20000000  g_pfnRAMVectors               
20000270  __stack                       
20000470  __STACK_TOP                   
20001270  __STACK_END                   
200012c4  _timeout_ticks                
200012c8  errno                         
200012cc  _running                      
ffffffff  __TI_pprof_out_hndl           
ffffffff  __TI_prof_data_size           
ffffffff  __TI_prof_data_start          
ffffffff  __binit__                     
ffffffff  __c_args__                    
ffffffff  binit                         
UNDEFED   __mpu_init                    
UNDEFED   _system_post_cinit            

[103 symbols]
