******************************************************************************
                  TI ARM Linker PC v20.2.7                     
******************************************************************************
>> Linked Fri Apr  4 14:27:07 2025

OUTPUT FILE NAME:   <Lab7.out>
ENTRY POINT SYMBOL: "_c_int00_noargs"  address: 00005705


MEMORY CONFIGURATION

         name            origin    length      used     unused   attr    fill
----------------------  --------  ---------  --------  --------  ----  --------
  FLASH                 00000000   00040000  00005c8b  0003a375  R  X
  SRAM                  20000000   00008000  0000233b  00005cc5  RW X


SEGMENT ALLOCATION MAP

run origin  load origin   length   init length attrs members
----------  ----------- ---------- ----------- ----- -------
00000000    00000000    00005c90   00005c90    r-x
  00000000    00000000    0000026c   0000026c    r-- .intvecs
  0000026c    0000026c    000056dc   000056dc    r-x .text
  00005948    00005948    000002f3   000002f3    r-- .const
  00005c40    00005c40    00000050   00000050    r-- .cinit
20000000    20000000    00002342   00000000    rw-
  20000000    20000000    0000026c   00000000    rw- .vtable
  20000270    20000270    00001000   00000000    rw- .stack
  20001270    20001270    00001000   00000000    rw- .sysmem
  20002270    20002270    00000091   00000000    rw- .bss
  20002304    20002304    0000003e   00000000    rw- .data


SECTION ALLOCATION MAP

 output                                  attributes/
section   page    origin      length       input sections
--------  ----  ----------  ----------   ----------------
.intvecs   0    00000000    0000026c     
                  00000000    0000026c     tm4c123gh6pm_startup_ccs.obj (.intvecs)

.text      0    0000026c    000056dc     
                  0000026c    00000c20     open_interface.obj (.text)
                  00000e8c    00000a4e     rtsv7M4_T_le_v4SPD16_eabi.lib : _printfi.c.obj (.text:__TI_printfi)
                  000018da    00000002                                   : _lock.c.obj (.text:_nop)
                  000018dc    00000738                                   : k_rem_pio2.c.obj (.text:__kernel_rem_pio2)
                  00002014    00000508                                   : s_tan.c.obj (.text:tan)
                  0000251c    000004bc     movement.obj (.text)
                  000029d8    000003ec     scan.obj (.text)
                  00002dc4    00000328     lcd.obj (.text)
                  000030ec    0000031c     rtsv7M4_T_le_v4SPD16_eabi.lib : k_tan.c.obj (.text:__kernel_tan)
                  00003408    00000270                                   : _printfi.c.obj (.text:_pconv_a)
                  00003678    00000260     libcybotScan.lib : cyBot_Scan.obj (.text)
                  000038d8    00000248     Timer.obj (.text)
                  00003b20    000001ec     libcybotScan.lib : ping.obj (.text)
                  00003d0c    000001d0     rtsv7M4_T_le_v4SPD16_eabi.lib : _printfi.c.obj (.text:_pconv_g)
                  00003edc    000001b6                                   : fd_add_t2.asm.obj (.text)
                  00004092    00000002                                   : div0.asm.obj (.text)
                  00004094    00000158     libcybotScan.lib : servo.obj (.text)
                  000041ec    0000013c     rtsv7M4_T_le_v4SPD16_eabi.lib : _printfi.c.obj (.text:_pconv_e)
                  00004328    00000136                                   : fd_div_t2.asm.obj (.text)
                  0000445e    00000002     --HOLE-- [fill = 0]
                  00004460    00000130     uart.obj (.text)
                  00004590    00000124     rtsv7M4_T_le_v4SPD16_eabi.lib : _printfi.c.obj (.text:fcvt)
                  000046b4    00000118     libcybotScan.lib : ir.obj (.text)
                  000047cc    00000110     rtsv7M4_T_le_v4SPD16_eabi.lib : s_scalbn.c.obj (.text:scalbn)
                  000048dc    00000100                                   : memory.c.obj (.text:aligned_alloc)
                  000049dc    000000fc                                   : fd_mul_t2.asm.obj (.text)
                  00004ad8    000000f8                                   : s_floor.c.obj (.text:floor)
                  00004bd0    000000e4                                   : memory.c.obj (.text:free)
                  00004cb4    000000e4                                   : memory.c.obj (.text:realloc)
                  00004d98    000000b1                                   : _printfi.c.obj (.text:_ltostr)
                  00004e49    00000001     --HOLE-- [fill = 0]
                  00004e4a    0000009c                                   : memcpy_t2.asm.obj (.text)
                  00004ee6    00000096                                   : ull_div_t2.asm.obj (.text)
                  00004f7c    00000086                                   : fd_cmp_t2.asm.obj (.text:__aeabi_cdcmple)
                  00005002    00000086                                   : fd_cmp_t2.asm.obj (.text:__aeabi_cdrcmple)
                  00005088    0000007a                                   : memset_t2.asm.obj (.text)
                  00005102    00000002     --HOLE-- [fill = 0]
                  00005104    00000070                                   : memory.c.obj (.text:split)
                  00005174    0000006e                                   : _printfi.c.obj (.text:_mcpy)
                  000051e2    0000006e                                   : fd_tos_t2.asm.obj (.text)
                  00005250    00000068                                   : copy_decompress_lzss.c.obj (.text:decompress:lzss:__TI_decompress_lzss)
                  000052b8    00000064     button.obj (.text)
                  0000531c    00000064     rtsv7M4_T_le_v4SPD16_eabi.lib : s_frexp.c.obj (.text:frexp)
                  00005380    00000056                                   : _printfi.c.obj (.text:_pconv_f)
                  000053d6    00000054                                   : _ltoa.c.obj (.text:__TI_ltoa)
                  0000542a    00000052                                   : _printfi.c.obj (.text:_ecpy)
                  0000547c    0000004c     Main7.obj (.text)
                  000054c8    0000004c     rtsv7M4_T_le_v4SPD16_eabi.lib : atoi.c.obj (.text:atoi)
                  00005514    00000048                                   : fd_toi_t2.asm.obj (.text)
                  0000555c    00000044                                   : autoinit.c.obj (.text:__TI_auto_init_nobinit_nopinit:__TI_auto_init_nobinit_nopinit)
                  000055a0    00000040                                   : sprintf.c.obj (.text:sprintf)
                  000055e0    00000040                                   : vsnprintf.c.obj (.text:vsnprintf)
                  00005620    0000003e                                   : _printfi.c.obj (.text:_fcpy)
                  0000565e    00000002     --HOLE-- [fill = 0]
                  00005660    00000038                                   : memory.c.obj (.text:calloc)
                  00005698    00000038                                   : fs_tod_t2.asm.obj (.text)
                  000056d0    00000034     driverlib.lib : interrupt.obj (.text:IntRegister)
                  00005704    00000034     rtsv7M4_T_le_v4SPD16_eabi.lib : boot_cortex_m.c.obj (.text:_c_int00_noargs:_c_int00_noargs)
                  00005738    00000030                                   : vsnprintf.c.obj (.text:_outs)
                  00005768    0000002e                                   : i_tofd_t2.asm.obj (.text)
                  00005796    00000002     --HOLE-- [fill = 0]
                  00005798    00000028                                   : memory.c.obj (.text:free_list_insert)
                  000057c0    0000001c                                   : copy_zero_init.c.obj (.text:decompress:ZI:__TI_zero_init_nomemset:__TI_zero_init_nomemset)
                  000057dc    0000001c                                   : memory.c.obj (.text:free_list_remove)
                  000057f8    0000001c                                   : memccpy.c.obj (.text:memccpy)
                  00005814    0000001a                                   : s_copysign.c.obj (.text:copysign)
                  0000582e    00000018                                   : vsnprintf.c.obj (.text:_outc)
                  00005846    00000018                                   : sprintf.c.obj (.text:_outs)
                  0000585e    00000018     open_interface.obj (.text:oi_parseInt)
                  00005876    00000018     rtsv7M4_T_le_v4SPD16_eabi.lib : strcmp.c.obj (.text:strcmp)
                  0000588e    00000016                                   : strchr.c.obj (.text:strchr)
                  000058a4    00000014                                   : strcpy.c.obj (.text:strcpy)
                  000058b8    00000014                                   : strlen.c.obj (.text:strlen)
                  000058cc    00000012                                   : wcslen.c.obj (.text:wcslen)
                  000058de    00000010     driverlib.lib : interrupt.obj (.text:IntMasterEnable)
                  000058ee    00000010     lcd.obj (.text:lcd_clear)
                  000058fe    0000000e     rtsv7M4_T_le_v4SPD16_eabi.lib : copy_decompress_none.c.obj (.text:decompress:none:__TI_decompress_none)
                  0000590c    0000000c     driverlib.lib : cpu.obj (.text:CPUcpsie)
                  00005918    0000000c     tm4c123gh6pm_startup_ccs.obj (.text)
                  00005924    0000000a     rtsv7M4_T_le_v4SPD16_eabi.lib : sprintf.c.obj (.text:_outc)
                  0000592e    00000002     --HOLE-- [fill = 0]
                  00005930    00000008                                   : errno.c.obj (.text:__aeabi_errno_addr)
                  00005938    00000008                                   : memory.c.obj (.text:malloc)
                  00005940    00000004                                   : pre_init.c.obj (.text:_system_pre_init)
                  00005944    00000004                                   : exit.c.obj (.text:abort:abort)

.const     0    00005948    000002f3     
                  00005948    00000158     rtsv7M4_T_le_v4SPD16_eabi.lib : k_rem_pio2.c.obj (.const:$O1$$)
                  00005aa0    00000101                                   : ctype.c.obj (.const:.string:_ctypes_)
                  00005ba1    00000004     lcd.obj (.const:.string:lineAddress$1)
                  00005ba5    00000003     --HOLE-- [fill = 0]
                  00005ba8    00000080     rtsv7M4_T_le_v4SPD16_eabi.lib : k_tan.c.obj (.const:xxx)
                  00005c28    0000000f     open_interface.obj (.const:.string:$P$T0$3)
                  00005c37    00000004     lcd.obj (.const:.string:lineAddresses$2)

.cinit     0    00005c40    00000050     
                  00005c40    00000019     (.cinit..data.load) [load image, compression = lzss]
                  00005c59    00000003     --HOLE-- [fill = 0]
                  00005c5c    0000000c     (__TI_handler_table)
                  00005c68    00000008     (.cinit..bss.load) [load image, compression = zero_init]
                  00005c70    00000008     (.cinit..vtable.load) [load image, compression = zero_init]
                  00005c78    00000018     (__TI_cinit_table)

.init_array 
*          0    00000000    00000000     UNINITIALIZED

.vtable    0    20000000    0000026c     UNINITIALIZED
                  20000000    0000026c     driverlib.lib : interrupt.obj (.vtable)

.stack     0    20000270    00001000     UNINITIALIZED
                  20000270    00000004     rtsv7M4_T_le_v4SPD16_eabi.lib : boot_cortex_m.c.obj (.stack)
                  20000274    00000ffc     --HOLE--

.sysmem    0    20001270    00001000     UNINITIALIZED
                  20001270    00000010     rtsv7M4_T_le_v4SPD16_eabi.lib : memory.c.obj (.sysmem)
                  20001280    00000ff0     --HOLE--

.bss       0    20002270    00000091     UNINITIALIZED
                  20002270    00000054     lcd.obj (.bss:lastbuffer$3)
                  200022c4    00000018     open_interface.obj (.bss:firmware$2)
                  200022dc    00000004     (.common:ReturnMidpoint)
                  200022e0    00000004     (.common:_timeout_ticks)
                  200022e4    00000004     (.common:fallingEdge)
                  200022e8    00000004     (.common:isr_int_value)
                  200022ec    00000004     (.common:left_calibration_value)
                  200022f0    00000004     (.common:pulseLength)
                  200022f4    00000004     (.common:returnPing)
                  200022f8    00000004     (.common:right_calibration_value)
                  200022fc    00000004     (.common:risingEdge)
                  20002300    00000001     (.common:isRisingEdge)

.data      0    20002304    0000003e     UNINITIALIZED
                  20002304    00000020     open_interface.obj (.data)
                  20002324    00000008     rtsv7M4_T_le_v4SPD16_eabi.lib : _lock.c.obj (.data:$O1$$)
                  2000232c    00000008                                   : memory.c.obj (.data:$O1$$)
                  20002334    00000004     libcybotScan.lib : cyBot_Scan.obj (.data)
                  20002338    00000004     rtsv7M4_T_le_v4SPD16_eabi.lib : errno.c.obj (.data)
                  2000233c    00000004     scan.obj (.data)
                  20002340    00000001     Timer.obj (.data)
                  20002341    00000001     button.obj (.data)

__llvm_prf_cnts 
*          0    20000000    00000000     UNINITIALIZED

MODULE SUMMARY

       Module                         code    ro data   rw data
       ------                         ----    -------   -------
    .\
       open_interface.obj             3128    15        56     
       movement.obj                   1212    0         0      
       scan.obj                       1004    0         12     
       lcd.obj                        824     8         84     
       tm4c123gh6pm_startup_ccs.obj   12      620       0      
       Timer.obj                      584     0         5      
       uart.obj                       304     0         0      
       button.obj                     100     0         1      
       Main7.obj                      76      0         8      
    +--+------------------------------+-------+---------+---------+
       Total:                         7244    643       166    
                                                               
    ../libcybotScan.lib
       cyBot_Scan.obj                 608     0         4      
       ping.obj                       492     0         13     
       servo.obj                      344     0         0      
       ir.obj                         280     0         4      
    +--+------------------------------+-------+---------+---------+
       Total:                         1724    0         21     
                                                               
    C:/ti/TivaWare_C_Series-2.2.0.295/driverlib/ccs/Debug/driverlib.lib
       interrupt.obj                  68      0         620    
       cpu.obj                        12      0         0      
    +--+------------------------------+-------+---------+---------+
       Total:                         80      0         620    
                                                               
    C:\ti\ccs1271\ccs\tools\compiler\ti-cgt-arm_20.2.7.LTS\lib\rtsv7M4_T_le_v4SPD16_eabi.lib
       _printfi.c.obj                 4851    0         0      
       k_rem_pio2.c.obj               1848    344       0      
       s_tan.c.obj                    1288    0         0      
       memory.c.obj                   956     0         8      
       k_tan.c.obj                    796     128       0      
       fd_add_t2.asm.obj              438     0         0      
       fd_div_t2.asm.obj              310     0         0      
       s_scalbn.c.obj                 272     0         0      
       fd_cmp_t2.asm.obj              268     0         0      
       ctype.c.obj                    0       257       0      
       fd_mul_t2.asm.obj              252     0         0      
       s_floor.c.obj                  248     0         0      
       memcpy_t2.asm.obj              156     0         0      
       ull_div_t2.asm.obj             150     0         0      
       vsnprintf.c.obj                136     0         0      
       memset_t2.asm.obj              122     0         0      
       fd_tos_t2.asm.obj              110     0         0      
       copy_decompress_lzss.c.obj     104     0         0      
       s_frexp.c.obj                  100     0         0      
       sprintf.c.obj                  98      0         0      
       _ltoa.c.obj                    84      0         0      
       atoi.c.obj                     76      0         0      
       fd_toi_t2.asm.obj              72      0         0      
       autoinit.c.obj                 68      0         0      
       fs_tod_t2.asm.obj              56      0         0      
       boot_cortex_m.c.obj            52      0         0      
       i_tofd_t2.asm.obj              46      0         0      
       copy_zero_init.c.obj           28      0         0      
       memccpy.c.obj                  28      0         0      
       s_copysign.c.obj               26      0         0      
       strcmp.c.obj                   24      0         0      
       strchr.c.obj                   22      0         0      
       strcpy.c.obj                   20      0         0      
       strlen.c.obj                   20      0         0      
       wcslen.c.obj                   18      0         0      
       copy_decompress_none.c.obj     14      0         0      
       errno.c.obj                    8       0         4      
       _lock.c.obj                    2       0         8      
       exit.c.obj                     4       0         0      
       pre_init.c.obj                 4       0         0      
       div0.asm.obj                   2       0         0      
    +--+------------------------------+-------+---------+---------+
       Total:                         13177   729       20     
                                                               
       Heap:                          0       0         4096   
       Stack:                         0       0         4096   
       Linker Generated:              0       77        0      
    +--+------------------------------+-------+---------+---------+
       Grand Total:                   22225   1449      9019   


LINKER GENERATED COPY TABLES

__TI_cinit_table @ 00005c78 records: 3, size/record: 8, table size: 24
	.data: load addr=00005c40, load size=00000019 bytes, run addr=20002304, run size=0000003e bytes, compression=lzss
	.bss: load addr=00005c68, load size=00000008 bytes, run addr=20002270, run size=00000091 bytes, compression=zero_init
	.vtable: load addr=00005c70, load size=00000008 bytes, run addr=20000000, run size=0000026c bytes, compression=zero_init


LINKER GENERATED HANDLER TABLE

__TI_handler_table @ 00005c5c records: 3, size/record: 4, table size: 12
	index: 0, handler: __TI_zero_init
	index: 1, handler: __TI_decompress_lzss
	index: 2, handler: __TI_decompress_none


GLOBAL SYMBOLS: SORTED ALPHABETICALLY BY Name 

address   name                          
-------   ----                          
0000474d  ADC0SS0_Handler               
00005945  C$$EXIT                       
0000590d  CPUcpsie                      
00000bc3  GPIOF_Handler                 
000058df  IntMasterEnable               
000056d1  IntRegister                   
00002c7d  IrToMeters                    
00005919  ResetISR                      
200022dc  ReturnMidpoint                
00003c11  TIMER3B_Handler               
20001270  __STACK_END                   
00001000  __STACK_SIZE                  
20000470  __STACK_TOP                   
00001000  __SYSMEM_SIZE                 
00005c78  __TI_CINIT_Base               
00005c90  __TI_CINIT_Limit              
00005c5c  __TI_Handler_Table_Base       
00005c68  __TI_Handler_Table_Limit      
0000555d  __TI_auto_init_nobinit_nopinit
00005251  __TI_decompress_lzss          
000058ff  __TI_decompress_none          
000053d7  __TI_ltoa                     
ffffffff  __TI_pprof_out_hndl           
00000e8d  __TI_printfi                  
ffffffff  __TI_prof_data_size           
ffffffff  __TI_prof_data_start          
00000000  __TI_static_base__            
000057c1  __TI_zero_init_nomemset       
00004f7d  __aeabi_cdcmpeq               
00004f7d  __aeabi_cdcmple               
00005003  __aeabi_cdrcmple              
000051e3  __aeabi_d2f                   
00005515  __aeabi_d2iz                  
00003ee7  __aeabi_dadd                  
00004329  __aeabi_ddiv                  
000049dd  __aeabi_dmul                  
00003edd  __aeabi_dsub                  
00005931  __aeabi_errno_addr            
00005699  __aeabi_f2d                   
00005769  __aeabi_i2d                   
00004093  __aeabi_idiv0                 
00004093  __aeabi_ldiv0                 
00005089  __aeabi_memclr                
00005089  __aeabi_memclr4               
00005089  __aeabi_memclr8               
00004e4b  __aeabi_memcpy                
00004e4b  __aeabi_memcpy4               
00004e4b  __aeabi_memcpy8               
0000508b  __aeabi_memset                
0000508b  __aeabi_memset4               
0000508b  __aeabi_memset8               
00004ee7  __aeabi_uldivmod              
ffffffff  __binit__                     
ffffffff  __c_args__                    
000018dd  __kernel_rem_pio2             
000030ed  __kernel_tan                  
UNDEFED   __mpu_init                    
20000270  __stack                       
20000000  __start___llvm_prf_cnts       
20000000  __stop___llvm_prf_cnts        
00005705  _c_int00_noargs               
00005aa0  _ctypes_                      
20002324  _lock                         
000018db  _nop                          
20002340  _running                      
20001270  _sys_memory                   
UNDEFED   _system_post_cinit            
00005941  _system_pre_init              
200022e0  _timeout_ticks                
20002328  _unlock                       
00005945  abort                         
000048dd  aligned_alloc                 
000054c9  atoi                          
ffffffff  binit                         
000052f1  button_getButton              
000052b9  button_init                   
00002cf5  calculateLinearWidth          
00005661  calloc                        
00005815  copysign                      
00005815  copysignl                     
00003751  cyBOT_SERVO_cal               
000036df  cyBOT_Scan                    
00003687  cyBOT_init_Scan               
20002334  cyBOT_scan_features           
00003679  cyBOT_scan_version            
2000233c  detectedObject                
20002338  errno                         
200022e4  fallingEdge                   
00004ad9  floor                         
00004ad9  floorl                        
00002775  forward_bump                  
00004bd1  free                          
0000531d  frexp                         
0000531d  frexpl                        
20000000  g_pfnRAMVectors               
00000000  g_pfnVectors                  
00002c77  getMidPoint                   
00002c5f  getPing                       
0000097f  go_charge                     
00004763  ir_enableInterrupt            
00004745  ir_getDistance                
0000471d  ir_getValue                   
000046b5  ir_init                       
20002300  isRisingEdge                  
200022e8  isr_int_value                 
000058ef  lcd_clear                     
00002f99  lcd_gotoLine                  
00002e01  lcd_init                      
00002fff  lcd_printf                    
00002ec1  lcd_putc                      
00002ef9  lcd_puts                      
00002dc5  lcd_reverseNibble             
00002f17  lcd_sendCommand               
00002f55  lcd_sendNibble                
00002fc1  lcd_setCursorPos              
000047cd  ldexp                         
000047cd  ldexpl                        
200022ec  left_calibration_value        
0000547d  main                          
00005939  malloc                        
000048dd  memalign                      
000057f9  memccpy                       
00004e4b  memcpy                        
00005091  memset                        
20002304  motor_cal_factor_L            
20002308  motor_cal_factor_R            
000029d9  move_Servo                    
0000258f  move_backward                 
0000251d  move_forward                  
00002705  move_in_square                
0000026d  oi_alloc                      
00000aa9  oi_checkFirmware              
000002c7  oi_close                      
00000279  oi_free                       
00000ded  oi_getMotorCalibrationLeft    
00000e01  oi_getMotorCalibrationRight   
000002b1  oi_init                       
00000289  oi_init_noupdate              
00000915  oi_loadSong                   
0000585f  oi_parseInt                   
0000032b  oi_parsePacket                
0000096b  oi_play_song                  
0000084b  oi_setLeds                    
00000db1  oi_setMotorCalibration        
0000088f  oi_setWheels                  
00000b51  oi_shutoff_init               
0000098d  oi_uartInit                   
00000a31  oi_uartReceive                
00000a77  oi_uartSendBuff               
00000a15  oi_uartSendChar               
00000a59  oi_uartSendStr                
000002d9  oi_update                     
00003c63  ping_getDistance              
00003b21  ping_init                     
00003ba7  ping_trigger                  
200022f0  pulseLength                   
00004cb5  realloc                       
200022f4  returnPing                    
200022f8  right_calibration_value       
200022fc  risingEdge                    
000047cd  scalbn                        
000047cd  scalbnl                       
00004095  servo_init                    
00004125  servo_move                    
00004185  servo_setPWM                  
00004119  servo_stop                    
00002c4d  setDistance                   
00002c67  setMidpoint                   
000028dd  smartMoveOrSomethingIDK       
000055a1  sprintf                       
0000588f  strchr                        
00005877  strcmp                        
000058a5  strcpy                        
000058b9  strlen                        
00002015  tan                           
00002015  tanl                          
000039f7  timer_getMicros               
0000399f  timer_getMillis               
000038d9  timer_init                    
0000397b  timer_pause                   
0000398d  timer_resume                  
00003951  timer_stop                    
00003a51  timer_waitMicros              
00003a83  timer_waitMillis              
00002685  turn_left                     
00002605  turn_right                    
00004461  uart_init                     
0000450f  uart_receive                  
000044f3  uart_sendChar                 
00004531  uart_sendStr                  
000055e1  vsnprintf                     
000058cd  wcslen                        


GLOBAL SYMBOLS: SORTED BY Symbol Address 

address   name                          
-------   ----                          
00000000  __TI_static_base__            
00000000  g_pfnVectors                  
0000026d  oi_alloc                      
00000279  oi_free                       
00000289  oi_init_noupdate              
000002b1  oi_init                       
000002c7  oi_close                      
000002d9  oi_update                     
0000032b  oi_parsePacket                
0000084b  oi_setLeds                    
0000088f  oi_setWheels                  
00000915  oi_loadSong                   
0000096b  oi_play_song                  
0000097f  go_charge                     
0000098d  oi_uartInit                   
00000a15  oi_uartSendChar               
00000a31  oi_uartReceive                
00000a59  oi_uartSendStr                
00000a77  oi_uartSendBuff               
00000aa9  oi_checkFirmware              
00000b51  oi_shutoff_init               
00000bc3  GPIOF_Handler                 
00000db1  oi_setMotorCalibration        
00000ded  oi_getMotorCalibrationLeft    
00000e01  oi_getMotorCalibrationRight   
00000e8d  __TI_printfi                  
00001000  __STACK_SIZE                  
00001000  __SYSMEM_SIZE                 
000018db  _nop                          
000018dd  __kernel_rem_pio2             
00002015  tan                           
00002015  tanl                          
0000251d  move_forward                  
0000258f  move_backward                 
00002605  turn_right                    
00002685  turn_left                     
00002705  move_in_square                
00002775  forward_bump                  
000028dd  smartMoveOrSomethingIDK       
000029d9  move_Servo                    
00002c4d  setDistance                   
00002c5f  getPing                       
00002c67  setMidpoint                   
00002c77  getMidPoint                   
00002c7d  IrToMeters                    
00002cf5  calculateLinearWidth          
00002dc5  lcd_reverseNibble             
00002e01  lcd_init                      
00002ec1  lcd_putc                      
00002ef9  lcd_puts                      
00002f17  lcd_sendCommand               
00002f55  lcd_sendNibble                
00002f99  lcd_gotoLine                  
00002fc1  lcd_setCursorPos              
00002fff  lcd_printf                    
000030ed  __kernel_tan                  
00003679  cyBOT_scan_version            
00003687  cyBOT_init_Scan               
000036df  cyBOT_Scan                    
00003751  cyBOT_SERVO_cal               
000038d9  timer_init                    
00003951  timer_stop                    
0000397b  timer_pause                   
0000398d  timer_resume                  
0000399f  timer_getMillis               
000039f7  timer_getMicros               
00003a51  timer_waitMicros              
00003a83  timer_waitMillis              
00003b21  ping_init                     
00003ba7  ping_trigger                  
00003c11  TIMER3B_Handler               
00003c63  ping_getDistance              
00003edd  __aeabi_dsub                  
00003ee7  __aeabi_dadd                  
00004093  __aeabi_idiv0                 
00004093  __aeabi_ldiv0                 
00004095  servo_init                    
00004119  servo_stop                    
00004125  servo_move                    
00004185  servo_setPWM                  
00004329  __aeabi_ddiv                  
00004461  uart_init                     
000044f3  uart_sendChar                 
0000450f  uart_receive                  
00004531  uart_sendStr                  
000046b5  ir_init                       
0000471d  ir_getValue                   
00004745  ir_getDistance                
0000474d  ADC0SS0_Handler               
00004763  ir_enableInterrupt            
000047cd  ldexp                         
000047cd  ldexpl                        
000047cd  scalbn                        
000047cd  scalbnl                       
000048dd  aligned_alloc                 
000048dd  memalign                      
000049dd  __aeabi_dmul                  
00004ad9  floor                         
00004ad9  floorl                        
00004bd1  free                          
00004cb5  realloc                       
00004e4b  __aeabi_memcpy                
00004e4b  __aeabi_memcpy4               
00004e4b  __aeabi_memcpy8               
00004e4b  memcpy                        
00004ee7  __aeabi_uldivmod              
00004f7d  __aeabi_cdcmpeq               
00004f7d  __aeabi_cdcmple               
00005003  __aeabi_cdrcmple              
00005089  __aeabi_memclr                
00005089  __aeabi_memclr4               
00005089  __aeabi_memclr8               
0000508b  __aeabi_memset                
0000508b  __aeabi_memset4               
0000508b  __aeabi_memset8               
00005091  memset                        
000051e3  __aeabi_d2f                   
00005251  __TI_decompress_lzss          
000052b9  button_init                   
000052f1  button_getButton              
0000531d  frexp                         
0000531d  frexpl                        
000053d7  __TI_ltoa                     
0000547d  main                          
000054c9  atoi                          
00005515  __aeabi_d2iz                  
0000555d  __TI_auto_init_nobinit_nopinit
000055a1  sprintf                       
000055e1  vsnprintf                     
00005661  calloc                        
00005699  __aeabi_f2d                   
000056d1  IntRegister                   
00005705  _c_int00_noargs               
00005769  __aeabi_i2d                   
000057c1  __TI_zero_init_nomemset       
000057f9  memccpy                       
00005815  copysign                      
00005815  copysignl                     
0000585f  oi_parseInt                   
00005877  strcmp                        
0000588f  strchr                        
000058a5  strcpy                        
000058b9  strlen                        
000058cd  wcslen                        
000058df  IntMasterEnable               
000058ef  lcd_clear                     
000058ff  __TI_decompress_none          
0000590d  CPUcpsie                      
00005919  ResetISR                      
00005931  __aeabi_errno_addr            
00005939  malloc                        
00005941  _system_pre_init              
00005945  C$$EXIT                       
00005945  abort                         
00005aa0  _ctypes_                      
00005c5c  __TI_Handler_Table_Base       
00005c68  __TI_Handler_Table_Limit      
00005c78  __TI_CINIT_Base               
00005c90  __TI_CINIT_Limit              
20000000  __start___llvm_prf_cnts       
20000000  __stop___llvm_prf_cnts        
20000000  g_pfnRAMVectors               
20000270  __stack                       
20000470  __STACK_TOP                   
20001270  __STACK_END                   
20001270  _sys_memory                   
200022dc  ReturnMidpoint                
200022e0  _timeout_ticks                
200022e4  fallingEdge                   
200022e8  isr_int_value                 
200022ec  left_calibration_value        
200022f0  pulseLength                   
200022f4  returnPing                    
200022f8  right_calibration_value       
200022fc  risingEdge                    
20002300  isRisingEdge                  
20002304  motor_cal_factor_L            
20002308  motor_cal_factor_R            
20002324  _lock                         
20002328  _unlock                       
20002334  cyBOT_scan_features           
20002338  errno                         
2000233c  detectedObject                
20002340  _running                      
ffffffff  __TI_pprof_out_hndl           
ffffffff  __TI_prof_data_size           
ffffffff  __TI_prof_data_start          
ffffffff  __binit__                     
ffffffff  __c_args__                    
ffffffff  binit                         
UNDEFED   __mpu_init                    
UNDEFED   _system_post_cinit            

[192 symbols]
