<?xml version="1.0" encoding="ISO-8859-1" ?>
<link_info>
   <banner>TI ARM Linker PC v20.2.7.LTS</banner>
   <copyright>Copyright (c) 1996-2018 Texas Instruments Incorporated</copyright>
   <link_time>0x681017da</link_time>
   <link_errors>0x0</link_errors>
   <output_file>Testing.out</output_file>
   <entry_point>
      <name>_c_int00_noargs</name>
      <address>0x576d</address>
   </entry_point>
   <input_file_list>
      <input_file id="fl-2">
         <path>.\</path>
         <kind>object</kind>
         <file>Timer.obj</file>
         <name>Timer.obj</name>
      </input_file>
      <input_file id="fl-3">
         <path>.\</path>
         <kind>object</kind>
         <file>adc.obj</file>
         <name>adc.obj</name>
      </input_file>
      <input_file id="fl-4">
         <path>.\</path>
         <kind>object</kind>
         <file>lcd.obj</file>
         <name>lcd.obj</name>
      </input_file>
      <input_file id="fl-5">
         <path>.\</path>
         <kind>object</kind>
         <file>main.obj</file>
         <name>main.obj</name>
      </input_file>
      <input_file id="fl-6">
         <path>.\</path>
         <kind>object</kind>
         <file>movement.obj</file>
         <name>movement.obj</name>
      </input_file>
      <input_file id="fl-7">
         <path>.\</path>
         <kind>object</kind>
         <file>open_interface.obj</file>
         <name>open_interface.obj</name>
      </input_file>
      <input_file id="fl-8">
         <path>.\</path>
         <kind>object</kind>
         <file>tm4c123gh6pm_startup_ccs.obj</file>
         <name>tm4c123gh6pm_startup_ccs.obj</name>
      </input_file>
      <input_file id="fl-9">
         <path>.\</path>
         <kind>object</kind>
         <file>uart-interrupt.obj</file>
         <name>uart-interrupt.obj</name>
      </input_file>
      <input_file id="fl-10">
         <kind>object</kind>
         <file>&lt;internal&gt;</file>
         <name>&lt;internal&gt;</name>
      </input_file>
      <input_file id="fl-c6">
         <path>C:\ti\ccs1271\ccs\tools\compiler\ti-cgt-arm_20.2.7.LTS\lib\</path>
         <kind>archive</kind>
         <file>rtsv7M4_T_le_v4SPD16_eabi.lib</file>
         <name>s_tan.c.obj</name>
      </input_file>
      <input_file id="fl-c7">
         <path>C:\ti\ccs1271\ccs\tools\compiler\ti-cgt-arm_20.2.7.LTS\lib\</path>
         <kind>archive</kind>
         <file>rtsv7M4_T_le_v4SPD16_eabi.lib</file>
         <name>vsnprintf.c.obj</name>
      </input_file>
      <input_file id="fl-c8">
         <path>C:\ti\ccs1271\ccs\tools\compiler\ti-cgt-arm_20.2.7.LTS\lib\</path>
         <kind>archive</kind>
         <file>rtsv7M4_T_le_v4SPD16_eabi.lib</file>
         <name>fd_add_t2.asm.obj</name>
      </input_file>
      <input_file id="fl-c9">
         <path>C:\ti\ccs1271\ccs\tools\compiler\ti-cgt-arm_20.2.7.LTS\lib\</path>
         <kind>archive</kind>
         <file>rtsv7M4_T_le_v4SPD16_eabi.lib</file>
         <name>fd_cmp_t2.asm.obj</name>
      </input_file>
      <input_file id="fl-ca">
         <path>C:\ti\ccs1271\ccs\tools\compiler\ti-cgt-arm_20.2.7.LTS\lib\</path>
         <kind>archive</kind>
         <file>rtsv7M4_T_le_v4SPD16_eabi.lib</file>
         <name>fd_div_t2.asm.obj</name>
      </input_file>
      <input_file id="fl-cb">
         <path>C:\ti\ccs1271\ccs\tools\compiler\ti-cgt-arm_20.2.7.LTS\lib\</path>
         <kind>archive</kind>
         <file>rtsv7M4_T_le_v4SPD16_eabi.lib</file>
         <name>fd_mul_t2.asm.obj</name>
      </input_file>
      <input_file id="fl-cc">
         <path>C:\ti\ccs1271\ccs\tools\compiler\ti-cgt-arm_20.2.7.LTS\lib\</path>
         <kind>archive</kind>
         <file>rtsv7M4_T_le_v4SPD16_eabi.lib</file>
         <name>fd_toi_t2.asm.obj</name>
      </input_file>
      <input_file id="fl-cd">
         <path>C:\ti\ccs1271\ccs\tools\compiler\ti-cgt-arm_20.2.7.LTS\lib\</path>
         <kind>archive</kind>
         <file>rtsv7M4_T_le_v4SPD16_eabi.lib</file>
         <name>fd_tos_t2.asm.obj</name>
      </input_file>
      <input_file id="fl-ce">
         <path>C:\ti\ccs1271\ccs\tools\compiler\ti-cgt-arm_20.2.7.LTS\lib\</path>
         <kind>archive</kind>
         <file>rtsv7M4_T_le_v4SPD16_eabi.lib</file>
         <name>fs_tod_t2.asm.obj</name>
      </input_file>
      <input_file id="fl-cf">
         <path>C:\ti\ccs1271\ccs\tools\compiler\ti-cgt-arm_20.2.7.LTS\lib\</path>
         <kind>archive</kind>
         <file>rtsv7M4_T_le_v4SPD16_eabi.lib</file>
         <name>i_tofd_t2.asm.obj</name>
      </input_file>
      <input_file id="fl-d0">
         <path>C:\ti\ccs1271\ccs\tools\compiler\ti-cgt-arm_20.2.7.LTS\lib\</path>
         <kind>archive</kind>
         <file>rtsv7M4_T_le_v4SPD16_eabi.lib</file>
         <name>memcpy_t2.asm.obj</name>
      </input_file>
      <input_file id="fl-d1">
         <path>C:\ti\ccs1271\ccs\tools\compiler\ti-cgt-arm_20.2.7.LTS\lib\</path>
         <kind>archive</kind>
         <file>rtsv7M4_T_le_v4SPD16_eabi.lib</file>
         <name>copy_zero_init.c.obj</name>
      </input_file>
      <input_file id="fl-d2">
         <path>C:\ti\ccs1271\ccs\tools\compiler\ti-cgt-arm_20.2.7.LTS\lib\</path>
         <kind>archive</kind>
         <file>rtsv7M4_T_le_v4SPD16_eabi.lib</file>
         <name>copy_decompress_none.c.obj</name>
      </input_file>
      <input_file id="fl-d3">
         <path>C:\ti\ccs1271\ccs\tools\compiler\ti-cgt-arm_20.2.7.LTS\lib\</path>
         <kind>archive</kind>
         <file>rtsv7M4_T_le_v4SPD16_eabi.lib</file>
         <name>copy_decompress_lzss.c.obj</name>
      </input_file>
      <input_file id="fl-d4">
         <path>C:\ti\ccs1271\ccs\tools\compiler\ti-cgt-arm_20.2.7.LTS\lib\</path>
         <kind>archive</kind>
         <file>rtsv7M4_T_le_v4SPD16_eabi.lib</file>
         <name>memory.c.obj</name>
      </input_file>
      <input_file id="fl-d5">
         <path>C:\ti\ccs1271\ccs\tools\compiler\ti-cgt-arm_20.2.7.LTS\lib\</path>
         <kind>archive</kind>
         <file>rtsv7M4_T_le_v4SPD16_eabi.lib</file>
         <name>strcmp.c.obj</name>
      </input_file>
      <input_file id="fl-d6">
         <path>C:\ti\ccs1271\ccs\tools\compiler\ti-cgt-arm_20.2.7.LTS\lib\</path>
         <kind>archive</kind>
         <file>rtsv7M4_T_le_v4SPD16_eabi.lib</file>
         <name>strcpy.c.obj</name>
      </input_file>
      <input_file id="fl-d7">
         <path>C:\ti\ccs1271\ccs\tools\compiler\ti-cgt-arm_20.2.7.LTS\lib\</path>
         <kind>archive</kind>
         <file>rtsv7M4_T_le_v4SPD16_eabi.lib</file>
         <name>k_rem_pio2.c.obj</name>
      </input_file>
      <input_file id="fl-d8">
         <path>C:\ti\ccs1271\ccs\tools\compiler\ti-cgt-arm_20.2.7.LTS\lib\</path>
         <kind>archive</kind>
         <file>rtsv7M4_T_le_v4SPD16_eabi.lib</file>
         <name>boot_cortex_m.c.obj</name>
      </input_file>
      <input_file id="fl-d9">
         <path>C:\ti\ccs1271\ccs\tools\compiler\ti-cgt-arm_20.2.7.LTS\lib\</path>
         <kind>archive</kind>
         <file>rtsv7M4_T_le_v4SPD16_eabi.lib</file>
         <name>errno.c.obj</name>
      </input_file>
      <input_file id="fl-da">
         <path>C:\ti\ccs1271\ccs\tools\compiler\ti-cgt-arm_20.2.7.LTS\lib\</path>
         <kind>archive</kind>
         <file>rtsv7M4_T_le_v4SPD16_eabi.lib</file>
         <name>k_tan.c.obj</name>
      </input_file>
      <input_file id="fl-db">
         <path>C:\ti\ccs1271\ccs\tools\compiler\ti-cgt-arm_20.2.7.LTS\lib\</path>
         <kind>archive</kind>
         <file>rtsv7M4_T_le_v4SPD16_eabi.lib</file>
         <name>s_floor.c.obj</name>
      </input_file>
      <input_file id="fl-dc">
         <path>C:\ti\ccs1271\ccs\tools\compiler\ti-cgt-arm_20.2.7.LTS\lib\</path>
         <kind>archive</kind>
         <file>rtsv7M4_T_le_v4SPD16_eabi.lib</file>
         <name>s_scalbn.c.obj</name>
      </input_file>
      <input_file id="fl-dd">
         <path>C:\ti\ccs1271\ccs\tools\compiler\ti-cgt-arm_20.2.7.LTS\lib\</path>
         <kind>archive</kind>
         <file>rtsv7M4_T_le_v4SPD16_eabi.lib</file>
         <name>_printfi.c.obj</name>
      </input_file>
      <input_file id="fl-de">
         <path>C:\ti\ccs1271\ccs\tools\compiler\ti-cgt-arm_20.2.7.LTS\lib\</path>
         <kind>archive</kind>
         <file>rtsv7M4_T_le_v4SPD16_eabi.lib</file>
         <name>memset_t2.asm.obj</name>
      </input_file>
      <input_file id="fl-df">
         <path>C:\ti\ccs1271\ccs\tools\compiler\ti-cgt-arm_20.2.7.LTS\lib\</path>
         <kind>archive</kind>
         <file>rtsv7M4_T_le_v4SPD16_eabi.lib</file>
         <name>ull_div_t2.asm.obj</name>
      </input_file>
      <input_file id="fl-e0">
         <path>C:\ti\ccs1271\ccs\tools\compiler\ti-cgt-arm_20.2.7.LTS\lib\</path>
         <kind>archive</kind>
         <file>rtsv7M4_T_le_v4SPD16_eabi.lib</file>
         <name>autoinit.c.obj</name>
      </input_file>
      <input_file id="fl-e1">
         <path>C:\ti\ccs1271\ccs\tools\compiler\ti-cgt-arm_20.2.7.LTS\lib\</path>
         <kind>archive</kind>
         <file>rtsv7M4_T_le_v4SPD16_eabi.lib</file>
         <name>pre_init.c.obj</name>
      </input_file>
      <input_file id="fl-e2">
         <path>C:\ti\ccs1271\ccs\tools\compiler\ti-cgt-arm_20.2.7.LTS\lib\</path>
         <kind>archive</kind>
         <file>rtsv7M4_T_le_v4SPD16_eabi.lib</file>
         <name>cpy_tbl.c.obj</name>
      </input_file>
      <input_file id="fl-e3">
         <path>C:\ti\ccs1271\ccs\tools\compiler\ti-cgt-arm_20.2.7.LTS\lib\</path>
         <kind>archive</kind>
         <file>rtsv7M4_T_le_v4SPD16_eabi.lib</file>
         <name>exit.c.obj</name>
      </input_file>
      <input_file id="fl-e4">
         <path>C:\ti\ccs1271\ccs\tools\compiler\ti-cgt-arm_20.2.7.LTS\lib\</path>
         <kind>archive</kind>
         <file>rtsv7M4_T_le_v4SPD16_eabi.lib</file>
         <name>_lock.c.obj</name>
      </input_file>
      <input_file id="fl-e5">
         <path>C:\ti\ccs1271\ccs\tools\compiler\ti-cgt-arm_20.2.7.LTS\lib\</path>
         <kind>archive</kind>
         <file>rtsv7M4_T_le_v4SPD16_eabi.lib</file>
         <name>_ltoa.c.obj</name>
      </input_file>
      <input_file id="fl-e6">
         <path>C:\ti\ccs1271\ccs\tools\compiler\ti-cgt-arm_20.2.7.LTS\lib\</path>
         <kind>archive</kind>
         <file>rtsv7M4_T_le_v4SPD16_eabi.lib</file>
         <name>args_main.c.obj</name>
      </input_file>
      <input_file id="fl-e7">
         <path>C:\ti\ccs1271\ccs\tools\compiler\ti-cgt-arm_20.2.7.LTS\lib\</path>
         <kind>archive</kind>
         <file>rtsv7M4_T_le_v4SPD16_eabi.lib</file>
         <name>atoi.c.obj</name>
      </input_file>
      <input_file id="fl-e8">
         <path>C:\ti\ccs1271\ccs\tools\compiler\ti-cgt-arm_20.2.7.LTS\lib\</path>
         <kind>archive</kind>
         <file>rtsv7M4_T_le_v4SPD16_eabi.lib</file>
         <name>ctype.c.obj</name>
      </input_file>
      <input_file id="fl-e9">
         <path>C:\ti\ccs1271\ccs\tools\compiler\ti-cgt-arm_20.2.7.LTS\lib\</path>
         <kind>archive</kind>
         <file>rtsv7M4_T_le_v4SPD16_eabi.lib</file>
         <name>memccpy.c.obj</name>
      </input_file>
      <input_file id="fl-ea">
         <path>C:\ti\ccs1271\ccs\tools\compiler\ti-cgt-arm_20.2.7.LTS\lib\</path>
         <kind>archive</kind>
         <file>rtsv7M4_T_le_v4SPD16_eabi.lib</file>
         <name>strchr.c.obj</name>
      </input_file>
      <input_file id="fl-eb">
         <path>C:\ti\ccs1271\ccs\tools\compiler\ti-cgt-arm_20.2.7.LTS\lib\</path>
         <kind>archive</kind>
         <file>rtsv7M4_T_le_v4SPD16_eabi.lib</file>
         <name>strlen.c.obj</name>
      </input_file>
      <input_file id="fl-ec">
         <path>C:\ti\ccs1271\ccs\tools\compiler\ti-cgt-arm_20.2.7.LTS\lib\</path>
         <kind>archive</kind>
         <file>rtsv7M4_T_le_v4SPD16_eabi.lib</file>
         <name>wcslen.c.obj</name>
      </input_file>
      <input_file id="fl-ed">
         <path>C:\ti\ccs1271\ccs\tools\compiler\ti-cgt-arm_20.2.7.LTS\lib\</path>
         <kind>archive</kind>
         <file>rtsv7M4_T_le_v4SPD16_eabi.lib</file>
         <name>s_copysign.c.obj</name>
      </input_file>
      <input_file id="fl-ee">
         <path>C:\ti\ccs1271\ccs\tools\compiler\ti-cgt-arm_20.2.7.LTS\lib\</path>
         <kind>archive</kind>
         <file>rtsv7M4_T_le_v4SPD16_eabi.lib</file>
         <name>s_frexp.c.obj</name>
      </input_file>
      <input_file id="fl-ef">
         <path>C:\ti\ccs1271\ccs\tools\compiler\ti-cgt-arm_20.2.7.LTS\lib\</path>
         <kind>archive</kind>
         <file>rtsv7M4_T_le_v4SPD16_eabi.lib</file>
         <name>div0.asm.obj</name>
      </input_file>
      <input_file id="fl-f0">
         <path>U:\CPRE288Workspace\Lab3\</path>
         <kind>archive</kind>
         <file>libcybotScan.lib</file>
         <name>cyBot_Scan.obj</name>
      </input_file>
      <input_file id="fl-f1">
         <path>U:\CPRE288Workspace\Lab3\</path>
         <kind>archive</kind>
         <file>libcybotScan.lib</file>
         <name>ir.obj</name>
      </input_file>
      <input_file id="fl-f2">
         <path>U:\CPRE288Workspace\Lab3\</path>
         <kind>archive</kind>
         <file>libcybotScan.lib</file>
         <name>ping.obj</name>
      </input_file>
      <input_file id="fl-f3">
         <path>U:\CPRE288Workspace\Lab3\</path>
         <kind>archive</kind>
         <file>libcybotScan.lib</file>
         <name>servo.obj</name>
      </input_file>
      <input_file id="fl-f4">
         <path>C:\ti\TivaWare_C_Series-2.2.0.295\driverlib\ccs\Debug\</path>
         <kind>archive</kind>
         <file>driverlib.lib</file>
         <name>interrupt.obj</name>
      </input_file>
      <input_file id="fl-f5">
         <path>C:\ti\TivaWare_C_Series-2.2.0.295\driverlib\ccs\Debug\</path>
         <kind>archive</kind>
         <file>driverlib.lib</file>
         <name>cpu.obj</name>
      </input_file>
   </input_file_list>
   <object_component_list>
      <object_component id="oc-12">
         <name>.intvecs</name>
         <load_address>0x0</load_address>
         <run_address>0x0</run_address>
         <size>0x26c</size>
         <input_file_ref idref="fl-8"/>
      </object_component>
      <object_component id="oc-ef">
         <name>.text</name>
         <load_address>0x26c</load_address>
         <run_address>0x26c</run_address>
         <size>0xc20</size>
         <input_file_ref idref="fl-7"/>
      </object_component>
      <object_component id="oc-25f">
         <name>.text:__TI_printfi</name>
         <load_address>0xe8c</load_address>
         <run_address>0xe8c</run_address>
         <size>0xa4e</size>
         <input_file_ref idref="fl-dd"/>
      </object_component>
      <object_component id="oc-2e6">
         <name>.text:_nop</name>
         <load_address>0x18da</load_address>
         <run_address>0x18da</run_address>
         <size>0x2</size>
         <input_file_ref idref="fl-e4"/>
      </object_component>
      <object_component id="oc-20f">
         <name>.text:__kernel_rem_pio2</name>
         <load_address>0x18dc</load_address>
         <run_address>0x18dc</run_address>
         <size>0x738</size>
         <input_file_ref idref="fl-d7"/>
      </object_component>
      <object_component id="oc-a2">
         <name>.text</name>
         <load_address>0x2014</load_address>
         <run_address>0x2014</run_address>
         <size>0x5ac</size>
         <input_file_ref idref="fl-5"/>
      </object_component>
      <object_component id="oc-120">
         <name>.text:tan</name>
         <load_address>0x25c0</load_address>
         <run_address>0x25c0</run_address>
         <size>0x508</size>
         <input_file_ref idref="fl-c6"/>
      </object_component>
      <object_component id="oc-f5">
         <name>.text</name>
         <load_address>0x2ac8</load_address>
         <run_address>0x2ac8</run_address>
         <size>0x3e0</size>
         <input_file_ref idref="fl-6"/>
      </object_component>
      <object_component id="oc-e3">
         <name>.text</name>
         <load_address>0x2ea8</load_address>
         <run_address>0x2ea8</run_address>
         <size>0x328</size>
         <input_file_ref idref="fl-4"/>
      </object_component>
      <object_component id="oc-215">
         <name>.text:__kernel_tan</name>
         <load_address>0x31d0</load_address>
         <run_address>0x31d0</run_address>
         <size>0x31c</size>
         <input_file_ref idref="fl-da"/>
      </object_component>
      <object_component id="oc-338">
         <name>.text:_pconv_a</name>
         <load_address>0x34ec</load_address>
         <run_address>0x34ec</run_address>
         <size>0x270</size>
         <input_file_ref idref="fl-dd"/>
      </object_component>
      <object_component id="oc-e9">
         <name>.text</name>
         <load_address>0x375c</load_address>
         <run_address>0x375c</run_address>
         <size>0x260</size>
         <input_file_ref idref="fl-f0"/>
      </object_component>
      <object_component id="oc-d7">
         <name>.text</name>
         <load_address>0x39bc</load_address>
         <run_address>0x39bc</run_address>
         <size>0x248</size>
         <input_file_ref idref="fl-2"/>
      </object_component>
      <object_component id="oc-1b3">
         <name>.text</name>
         <load_address>0x3c04</load_address>
         <run_address>0x3c04</run_address>
         <size>0x1ec</size>
         <input_file_ref idref="fl-f2"/>
      </object_component>
      <object_component id="oc-326">
         <name>.text:_pconv_g</name>
         <load_address>0x3df0</load_address>
         <run_address>0x3df0</run_address>
         <size>0x1d0</size>
         <input_file_ref idref="fl-dd"/>
      </object_component>
      <object_component id="oc-1de">
         <name>.text</name>
         <load_address>0x3fc0</load_address>
         <run_address>0x3fc0</run_address>
         <size>0x1b6</size>
         <input_file_ref idref="fl-c8"/>
      </object_component>
      <object_component id="oc-3fe">
         <name>.text</name>
         <load_address>0x4176</load_address>
         <run_address>0x4176</run_address>
         <size>0x2</size>
         <input_file_ref idref="fl-ef"/>
      </object_component>
      <object_component id="oc-dd">
         <name>.text</name>
         <load_address>0x4178</load_address>
         <run_address>0x4178</run_address>
         <size>0x1a4</size>
         <input_file_ref idref="fl-9"/>
      </object_component>
      <object_component id="oc-1ad">
         <name>.text</name>
         <load_address>0x431c</load_address>
         <run_address>0x431c</run_address>
         <size>0x158</size>
         <input_file_ref idref="fl-f3"/>
      </object_component>
      <object_component id="oc-332">
         <name>.text:_pconv_e</name>
         <load_address>0x4474</load_address>
         <run_address>0x4474</run_address>
         <size>0x13c</size>
         <input_file_ref idref="fl-dd"/>
      </object_component>
      <object_component id="oc-111">
         <name>.text</name>
         <load_address>0x45b0</load_address>
         <run_address>0x45b0</run_address>
         <size>0x136</size>
         <input_file_ref idref="fl-ca"/>
      </object_component>
      <object_component id="oc-3b9">
         <name>.text:fcvt</name>
         <load_address>0x46e8</load_address>
         <run_address>0x46e8</run_address>
         <size>0x124</size>
         <input_file_ref idref="fl-dd"/>
      </object_component>
      <object_component id="oc-1b9">
         <name>.text</name>
         <load_address>0x480c</load_address>
         <run_address>0x480c</run_address>
         <size>0x118</size>
         <input_file_ref idref="fl-f1"/>
      </object_component>
      <object_component id="oc-2b7">
         <name>.text:scalbn</name>
         <load_address>0x4924</load_address>
         <run_address>0x4924</run_address>
         <size>0x110</size>
         <input_file_ref idref="fl-dc"/>
      </object_component>
      <object_component id="oc-362">
         <name>.text:aligned_alloc</name>
         <load_address>0x4a34</load_address>
         <run_address>0x4a34</run_address>
         <size>0x100</size>
         <input_file_ref idref="fl-d4"/>
      </object_component>
      <object_component id="oc-10c">
         <name>.text</name>
         <load_address>0x4b34</load_address>
         <run_address>0x4b34</run_address>
         <size>0xfc</size>
         <input_file_ref idref="fl-cb"/>
      </object_component>
      <object_component id="oc-2bd">
         <name>.text:floor</name>
         <load_address>0x4c30</load_address>
         <run_address>0x4c30</run_address>
         <size>0xf8</size>
         <input_file_ref idref="fl-db"/>
      </object_component>
      <object_component id="oc-101">
         <name>.text</name>
         <load_address>0x4d28</load_address>
         <run_address>0x4d28</run_address>
         <size>0xe4</size>
         <input_file_ref idref="fl-3"/>
      </object_component>
      <object_component id="oc-1ce">
         <name>.text:free</name>
         <load_address>0x4e0c</load_address>
         <run_address>0x4e0c</run_address>
         <size>0xe4</size>
         <input_file_ref idref="fl-d4"/>
      </object_component>
      <object_component id="oc-320">
         <name>.text:_ltostr</name>
         <load_address>0x4ef0</load_address>
         <run_address>0x4ef0</run_address>
         <size>0xb1</size>
         <input_file_ref idref="fl-dd"/>
      </object_component>
      <object_component id="oc-3e">
         <name>.text</name>
         <load_address>0x4fa2</load_address>
         <run_address>0x4fa2</run_address>
         <size>0x9c</size>
         <input_file_ref idref="fl-d0"/>
      </object_component>
      <object_component id="oc-3a0">
         <name>.text</name>
         <load_address>0x503e</load_address>
         <run_address>0x503e</run_address>
         <size>0x96</size>
         <input_file_ref idref="fl-df"/>
      </object_component>
      <object_component id="oc-1e9">
         <name>.text:__aeabi_cdcmple</name>
         <load_address>0x50d4</load_address>
         <run_address>0x50d4</run_address>
         <size>0x86</size>
         <input_file_ref idref="fl-c9"/>
      </object_component>
      <object_component id="oc-2c3">
         <name>.text:__aeabi_cdrcmple</name>
         <load_address>0x515a</load_address>
         <run_address>0x515a</run_address>
         <size>0x86</size>
         <input_file_ref idref="fl-c9"/>
      </object_component>
      <object_component id="oc-96">
         <name>.text</name>
         <load_address>0x51e0</load_address>
         <run_address>0x51e0</run_address>
         <size>0x7a</size>
         <input_file_ref idref="fl-de"/>
      </object_component>
      <object_component id="oc-3e9">
         <name>.text:split</name>
         <load_address>0x525c</load_address>
         <run_address>0x525c</run_address>
         <size>0x70</size>
         <input_file_ref idref="fl-d4"/>
      </object_component>
      <object_component id="oc-3b2">
         <name>.text:_mcpy</name>
         <load_address>0x52cc</load_address>
         <run_address>0x52cc</run_address>
         <size>0x6e</size>
         <input_file_ref idref="fl-dd"/>
      </object_component>
      <object_component id="oc-116">
         <name>.text</name>
         <load_address>0x533a</load_address>
         <run_address>0x533a</run_address>
         <size>0x6e</size>
         <input_file_ref idref="fl-cd"/>
      </object_component>
      <object_component id="oc-15">
         <name>.text:decompress:lzss:__TI_decompress_lzss</name>
         <load_address>0x53a8</load_address>
         <run_address>0x53a8</run_address>
         <size>0x68</size>
         <input_file_ref idref="fl-d3"/>
      </object_component>
      <object_component id="oc-3c7">
         <name>.text:frexp</name>
         <load_address>0x5410</load_address>
         <run_address>0x5410</run_address>
         <size>0x64</size>
         <input_file_ref idref="fl-ee"/>
      </object_component>
      <object_component id="oc-32c">
         <name>.text:_pconv_f</name>
         <load_address>0x5474</load_address>
         <run_address>0x5474</run_address>
         <size>0x56</size>
         <input_file_ref idref="fl-dd"/>
      </object_component>
      <object_component id="oc-3a6">
         <name>.text:__TI_ltoa</name>
         <load_address>0x54ca</load_address>
         <run_address>0x54ca</run_address>
         <size>0x54</size>
         <input_file_ref idref="fl-e5"/>
      </object_component>
      <object_component id="oc-3ac">
         <name>.text:_ecpy</name>
         <load_address>0x551e</load_address>
         <run_address>0x551e</run_address>
         <size>0x52</size>
         <input_file_ref idref="fl-dd"/>
      </object_component>
      <object_component id="oc-31a">
         <name>.text:atoi</name>
         <load_address>0x5570</load_address>
         <run_address>0x5570</run_address>
         <size>0x4c</size>
         <input_file_ref idref="fl-e7"/>
      </object_component>
      <object_component id="oc-20a">
         <name>.text</name>
         <load_address>0x55bc</load_address>
         <run_address>0x55bc</run_address>
         <size>0x48</size>
         <input_file_ref idref="fl-cc"/>
      </object_component>
      <object_component id="oc-139">
         <name>.text:__TI_auto_init_nobinit_nopinit:__TI_auto_init_nobinit_nopinit</name>
         <load_address>0x5604</load_address>
         <run_address>0x5604</run_address>
         <size>0x44</size>
         <input_file_ref idref="fl-e0"/>
      </object_component>
      <object_component id="oc-191">
         <name>.text:vsnprintf</name>
         <load_address>0x5648</load_address>
         <run_address>0x5648</run_address>
         <size>0x40</size>
         <input_file_ref idref="fl-c7"/>
      </object_component>
      <object_component id="oc-3bf">
         <name>.text:_fcpy</name>
         <load_address>0x5688</load_address>
         <run_address>0x5688</run_address>
         <size>0x3e</size>
         <input_file_ref idref="fl-dd"/>
      </object_component>
      <object_component id="oc-1c8">
         <name>.text:calloc</name>
         <load_address>0x56c8</load_address>
         <run_address>0x56c8</run_address>
         <size>0x38</size>
         <input_file_ref idref="fl-d4"/>
      </object_component>
      <object_component id="oc-11b">
         <name>.text</name>
         <load_address>0x5700</load_address>
         <run_address>0x5700</run_address>
         <size>0x38</size>
         <input_file_ref idref="fl-ce"/>
      </object_component>
      <object_component id="oc-16d">
         <name>.text:IntRegister</name>
         <load_address>0x5738</load_address>
         <run_address>0x5738</run_address>
         <size>0x34</size>
         <input_file_ref idref="fl-f4"/>
      </object_component>
      <object_component id="oc-5c">
         <name>.text:_c_int00_noargs:_c_int00_noargs</name>
         <load_address>0x576c</load_address>
         <run_address>0x576c</run_address>
         <size>0x34</size>
         <input_file_ref idref="fl-d8"/>
      </object_component>
      <object_component id="oc-265">
         <name>.text:_outs</name>
         <load_address>0x57a0</load_address>
         <run_address>0x57a0</run_address>
         <size>0x30</size>
         <input_file_ref idref="fl-c7"/>
      </object_component>
      <object_component id="oc-107">
         <name>.text</name>
         <load_address>0x57d0</load_address>
         <run_address>0x57d0</run_address>
         <size>0x2e</size>
         <input_file_ref idref="fl-cf"/>
      </object_component>
      <object_component id="oc-2a3">
         <name>.text:free_list_insert</name>
         <load_address>0x5800</load_address>
         <run_address>0x5800</run_address>
         <size>0x28</size>
         <input_file_ref idref="fl-d4"/>
      </object_component>
      <object_component id="oc-4a">
         <name>.text:decompress:ZI:__TI_zero_init_nomemset:__TI_zero_init_nomemset</name>
         <load_address>0x5828</load_address>
         <run_address>0x5828</run_address>
         <size>0x1c</size>
         <input_file_ref idref="fl-d1"/>
      </object_component>
      <object_component id="oc-29d">
         <name>.text:free_list_remove</name>
         <load_address>0x5844</load_address>
         <run_address>0x5844</run_address>
         <size>0x1c</size>
         <input_file_ref idref="fl-d4"/>
      </object_component>
      <object_component id="oc-33e">
         <name>.text:memccpy</name>
         <load_address>0x5860</load_address>
         <run_address>0x5860</run_address>
         <size>0x1c</size>
         <input_file_ref idref="fl-e9"/>
      </object_component>
      <object_component id="oc-36e">
         <name>.text:copysign</name>
         <load_address>0x587c</load_address>
         <run_address>0x587c</run_address>
         <size>0x1a</size>
         <input_file_ref idref="fl-ed"/>
      </object_component>
      <object_component id="oc-26b">
         <name>.text:_outc</name>
         <load_address>0x5896</load_address>
         <run_address>0x5896</run_address>
         <size>0x18</size>
         <input_file_ref idref="fl-c7"/>
      </object_component>
      <object_component id="oc-1d4">
         <name>.text:oi_parseInt</name>
         <load_address>0x58ae</load_address>
         <run_address>0x58ae</run_address>
         <size>0x18</size>
         <input_file_ref idref="fl-7"/>
      </object_component>
      <object_component id="oc-197">
         <name>.text:strcmp</name>
         <load_address>0x58c6</load_address>
         <run_address>0x58c6</run_address>
         <size>0x18</size>
         <input_file_ref idref="fl-d5"/>
      </object_component>
      <object_component id="oc-3cd">
         <name>.text:strchr</name>
         <load_address>0x58de</load_address>
         <run_address>0x58de</run_address>
         <size>0x16</size>
         <input_file_ref idref="fl-ea"/>
      </object_component>
      <object_component id="oc-19d">
         <name>.text:strcpy</name>
         <load_address>0x58f4</load_address>
         <run_address>0x58f4</run_address>
         <size>0x14</size>
         <input_file_ref idref="fl-d6"/>
      </object_component>
      <object_component id="oc-314">
         <name>.text:strlen</name>
         <load_address>0x5908</load_address>
         <run_address>0x5908</run_address>
         <size>0x14</size>
         <input_file_ref idref="fl-eb"/>
      </object_component>
      <object_component id="oc-344">
         <name>.text:wcslen</name>
         <load_address>0x591c</load_address>
         <run_address>0x591c</run_address>
         <size>0x12</size>
         <input_file_ref idref="fl-ec"/>
      </object_component>
      <object_component id="oc-178">
         <name>.text:IntMasterEnable</name>
         <load_address>0x592e</load_address>
         <run_address>0x592e</run_address>
         <size>0x10</size>
         <input_file_ref idref="fl-f4"/>
      </object_component>
      <object_component id="oc-18a">
         <name>.text:lcd_clear</name>
         <load_address>0x593e</load_address>
         <run_address>0x593e</run_address>
         <size>0x10</size>
         <input_file_ref idref="fl-4"/>
      </object_component>
      <object_component id="oc-1b">
         <name>.text:decompress:none:__TI_decompress_none</name>
         <load_address>0x594e</load_address>
         <run_address>0x594e</run_address>
         <size>0xe</size>
         <input_file_ref idref="fl-d2"/>
      </object_component>
      <object_component id="oc-254">
         <name>.text:CPUcpsie</name>
         <load_address>0x595c</load_address>
         <run_address>0x595c</run_address>
         <size>0xc</size>
         <input_file_ref idref="fl-f5"/>
      </object_component>
      <object_component id="oc-2a">
         <name>.text</name>
         <load_address>0x5968</load_address>
         <run_address>0x5968</run_address>
         <size>0xc</size>
         <input_file_ref idref="fl-8"/>
      </object_component>
      <object_component id="oc-21b">
         <name>.text:__aeabi_errno_addr</name>
         <load_address>0x5974</load_address>
         <run_address>0x5974</run_address>
         <size>0x8</size>
         <input_file_ref idref="fl-d9"/>
      </object_component>
      <object_component id="oc-296">
         <name>.text:malloc</name>
         <load_address>0x597c</load_address>
         <run_address>0x597c</run_address>
         <size>0x8</size>
         <input_file_ref idref="fl-d4"/>
      </object_component>
      <object_component id="oc-9c">
         <name>.text:_system_pre_init</name>
         <load_address>0x5984</load_address>
         <run_address>0x5984</run_address>
         <size>0x4</size>
         <input_file_ref idref="fl-e1"/>
      </object_component>
      <object_component id="oc-12d">
         <name>.text:abort:abort</name>
         <load_address>0x5988</load_address>
         <run_address>0x5988</run_address>
         <size>0x4</size>
         <input_file_ref idref="fl-e3"/>
      </object_component>
      <object_component id="oc-2c8">
         <name>.const:$O1$$</name>
         <load_address>0x5990</load_address>
         <run_address>0x5990</run_address>
         <size>0x158</size>
         <input_file_ref idref="fl-d7"/>
      </object_component>
      <object_component id="oc-39b">
         <name>.const:.string:_ctypes_</name>
         <load_address>0x5ae8</load_address>
         <run_address>0x5ae8</run_address>
         <size>0x101</size>
         <input_file_ref idref="fl-e8"/>
      </object_component>
      <object_component id="oc-1a3">
         <name>.const:.string:lineAddress$1</name>
         <load_address>0x5be9</load_address>
         <run_address>0x5be9</run_address>
         <size>0x4</size>
         <input_file_ref idref="fl-4"/>
      </object_component>
      <object_component id="oc-2d3">
         <name>.const:xxx</name>
         <load_address>0x5bf0</load_address>
         <run_address>0x5bf0</run_address>
         <size>0x80</size>
         <input_file_ref idref="fl-da"/>
      </object_component>
      <object_component id="oc-1e3">
         <name>.const:.string:$P$T0$3</name>
         <load_address>0x5c70</load_address>
         <run_address>0x5c70</run_address>
         <size>0xf</size>
         <input_file_ref idref="fl-7"/>
      </object_component>
      <object_component id="oc-1a4">
         <name>.const:.string:lineAddresses$2</name>
         <load_address>0x5c7f</load_address>
         <run_address>0x5c7f</run_address>
         <size>0x4</size>
         <input_file_ref idref="fl-4"/>
      </object_component>
      <object_component id="oc-452">
         <name>.cinit..data.load</name>
         <load_address>0x5c88</load_address>
         <run_address>0x5c88</run_address>
         <size>0x19</size>
      </object_component>
      <object_component id="oc-44f">
         <name>__TI_handler_table</name>
         <load_address>0x5ca4</load_address>
         <run_address>0x5ca4</run_address>
         <size>0xc</size>
      </object_component>
      <object_component id="oc-453">
         <name>.cinit..bss.load</name>
         <load_address>0x5cb0</load_address>
         <run_address>0x5cb0</run_address>
         <size>0x8</size>
      </object_component>
      <object_component id="oc-451">
         <name>.cinit..vtable.load</name>
         <load_address>0x5cb8</load_address>
         <run_address>0x5cb8</run_address>
         <size>0x8</size>
      </object_component>
      <object_component id="oc-450">
         <name>__TI_cinit_table</name>
         <load_address>0x5cc0</load_address>
         <run_address>0x5cc0</run_address>
         <size>0x18</size>
      </object_component>
      <object_component id="oc-248">
         <name>.vtable</name>
         <uninitialized>true</uninitialized>
         <run_address>0x20000000</run_address>
         <size>0x26c</size>
         <input_file_ref idref="fl-f4"/>
      </object_component>
      <object_component id="oc-173">
         <name>.data</name>
         <load_address>0x20002350</load_address>
         <run_address>0x20002350</run_address>
         <size>0x1</size>
         <input_file_ref idref="fl-2"/>
      </object_component>
      <object_component id="oc-1db">
         <name>.data</name>
         <load_address>0x20002314</load_address>
         <run_address>0x20002314</run_address>
         <size>0x20</size>
         <input_file_ref idref="fl-7"/>
      </object_component>
      <object_component id="oc-181">
         <name>.data</name>
         <load_address>0x2000234c</load_address>
         <run_address>0x2000234c</run_address>
         <size>0x4</size>
         <input_file_ref idref="fl-9"/>
      </object_component>
      <object_component id="oc-369">
         <name>.data:$O1$$</name>
         <load_address>0x2000233c</load_address>
         <run_address>0x2000233c</run_address>
         <size>0x8</size>
         <input_file_ref idref="fl-d4"/>
      </object_component>
      <object_component id="oc-2d8">
         <name>.data</name>
         <load_address>0x20002348</load_address>
         <run_address>0x20002348</run_address>
         <size>0x4</size>
         <input_file_ref idref="fl-d9"/>
      </object_component>
      <object_component id="oc-22c">
         <name>.data:$O1$$</name>
         <load_address>0x20002334</load_address>
         <run_address>0x20002334</run_address>
         <size>0x8</size>
         <input_file_ref idref="fl-e4"/>
      </object_component>
      <object_component id="oc-1bf">
         <name>.data</name>
         <load_address>0x20002344</load_address>
         <run_address>0x20002344</run_address>
         <size>0x4</size>
         <input_file_ref idref="fl-f0"/>
      </object_component>
      <object_component id="oc-1a5">
         <name>.bss:lastbuffer$3</name>
         <uninitialized>true</uninitialized>
         <run_address>0x20002270</run_address>
         <size>0x54</size>
         <input_file_ref idref="fl-4"/>
      </object_component>
      <object_component id="oc-1e6">
         <name>.bss:firmware$2</name>
         <uninitialized>true</uninitialized>
         <run_address>0x200022c4</run_address>
         <size>0x18</size>
         <input_file_ref idref="fl-7"/>
      </object_component>
      <object_component id="oc-176">
         <name>.common:_timeout_ticks</name>
         <uninitialized>true</uninitialized>
         <run_address>0x200022f4</run_address>
         <size>0x4</size>
      </object_component>
      <object_component id="oc-fb">
         <name>.common:right_calibration_value</name>
         <uninitialized>true</uninitialized>
         <run_address>0x20002308</run_address>
         <size>0x4</size>
      </object_component>
      <object_component id="oc-100">
         <name>.common:left_calibration_value</name>
         <uninitialized>true</uninitialized>
         <run_address>0x20002300</run_address>
         <size>0x4</size>
      </object_component>
      <object_component id="oc-126">
         <name>.common:Object</name>
         <uninitialized>true</uninitialized>
         <run_address>0x200022dc</run_address>
         <size>0x18</size>
      </object_component>
      <object_component id="oc-17e">
         <name>.common:received_char</name>
         <uninitialized>true</uninitialized>
         <run_address>0x20002311</run_address>
         <size>0x1</size>
      </object_component>
      <object_component id="oc-290">
         <name>.common:isr_int_value</name>
         <uninitialized>true</uninitialized>
         <run_address>0x200022fc</run_address>
         <size>0x4</size>
      </object_component>
      <object_component id="oc-28c">
         <name>.common:risingEdge</name>
         <uninitialized>true</uninitialized>
         <run_address>0x2000230c</run_address>
         <size>0x4</size>
      </object_component>
      <object_component id="oc-28d">
         <name>.common:fallingEdge</name>
         <uninitialized>true</uninitialized>
         <run_address>0x200022f8</run_address>
         <size>0x4</size>
      </object_component>
      <object_component id="oc-28e">
         <name>.common:pulseLength</name>
         <uninitialized>true</uninitialized>
         <run_address>0x20002304</run_address>
         <size>0x4</size>
      </object_component>
      <object_component id="oc-289">
         <name>.common:isRisingEdge</name>
         <uninitialized>true</uninitialized>
         <run_address>0x20002310</run_address>
         <size>0x1</size>
      </object_component>
      <object_component id="oc-24">
         <name>.sysmem</name>
         <uninitialized>true</uninitialized>
         <run_address>0x20001270</run_address>
         <size>0x10</size>
         <input_file_ref idref="fl-d4"/>
      </object_component>
      <object_component id="oc-456">
         <name>.sysmem</name>
         <uninitialized>true</uninitialized>
         <run_address>0x20001270</run_address>
         <size>0x0</size>
      </object_component>
      <object_component id="oc-27">
         <name>.stack</name>
         <uninitialized>true</uninitialized>
         <run_address>0x20000270</run_address>
         <size>0x4</size>
         <input_file_ref idref="fl-d8"/>
      </object_component>
      <object_component id="oc-455">
         <name>.stack</name>
         <uninitialized>true</uninitialized>
         <run_address>0x20000270</run_address>
         <size>0x0</size>
      </object_component>
      <object_component id="oc-c5">
         <name>.debug_info</name>
         <load_address>0x0</load_address>
         <run_address>0x0</run_address>
         <size>0x2b4</size>
         <input_file_ref idref="fl-2"/>
      </object_component>
      <object_component id="oc-174">
         <name>.debug_info</name>
         <load_address>0x2b4</load_address>
         <run_address>0x2b4</run_address>
         <size>0xc2</size>
         <input_file_ref idref="fl-2"/>
      </object_component>
      <object_component id="oc-d8">
         <name>.debug_info</name>
         <load_address>0x376</load_address>
         <run_address>0x376</run_address>
         <size>0x50a</size>
         <input_file_ref idref="fl-2"/>
      </object_component>
      <object_component id="oc-77">
         <name>.debug_info</name>
         <load_address>0x880</load_address>
         <run_address>0x880</run_address>
         <size>0x26b</size>
         <input_file_ref idref="fl-2"/>
      </object_component>
      <object_component id="oc-39">
         <name>.debug_info</name>
         <load_address>0xaeb</load_address>
         <run_address>0xaeb</run_address>
         <size>0x84</size>
         <input_file_ref idref="fl-2"/>
      </object_component>
      <object_component id="oc-c0">
         <name>.debug_info</name>
         <load_address>0xb6f</load_address>
         <run_address>0xb6f</run_address>
         <size>0x2a4</size>
         <input_file_ref idref="fl-2"/>
      </object_component>
      <object_component id="oc-7c">
         <name>.debug_info</name>
         <load_address>0xe13</load_address>
         <run_address>0xe13</run_address>
         <size>0xbb</size>
         <input_file_ref idref="fl-2"/>
      </object_component>
      <object_component id="oc-204">
         <name>.debug_info</name>
         <load_address>0xece</load_address>
         <run_address>0xece</run_address>
         <size>0x250</size>
         <input_file_ref idref="fl-3"/>
      </object_component>
      <object_component id="oc-104">
         <name>.debug_info</name>
         <load_address>0x111e</load_address>
         <run_address>0x111e</run_address>
         <size>0x157</size>
         <input_file_ref idref="fl-3"/>
      </object_component>
      <object_component id="oc-1a7">
         <name>.debug_info</name>
         <load_address>0x1275</load_address>
         <run_address>0x1275</run_address>
         <size>0x382</size>
         <input_file_ref idref="fl-4"/>
      </object_component>
      <object_component id="oc-18c">
         <name>.debug_info</name>
         <load_address>0x15f7</load_address>
         <run_address>0x15f7</run_address>
         <size>0x117</size>
         <input_file_ref idref="fl-4"/>
      </object_component>
      <object_component id="oc-e5">
         <name>.debug_info</name>
         <load_address>0x170e</load_address>
         <run_address>0x170e</run_address>
         <size>0x8a3</size>
         <input_file_ref idref="fl-4"/>
      </object_component>
      <object_component id="oc-283">
         <name>.debug_info</name>
         <load_address>0x1fb1</load_address>
         <run_address>0x1fb1</run_address>
         <size>0xcc</size>
         <input_file_ref idref="fl-4"/>
      </object_component>
      <object_component id="oc-1a8">
         <name>.debug_info</name>
         <load_address>0x207d</load_address>
         <run_address>0x207d</run_address>
         <size>0x2c</size>
         <input_file_ref idref="fl-4"/>
      </object_component>
      <object_component id="oc-1f7">
         <name>.debug_info</name>
         <load_address>0x20a9</load_address>
         <run_address>0x20a9</run_address>
         <size>0x35</size>
         <input_file_ref idref="fl-4"/>
      </object_component>
      <object_component id="oc-fc">
         <name>.debug_info</name>
         <load_address>0x20de</load_address>
         <run_address>0x20de</run_address>
         <size>0x5ae</size>
         <input_file_ref idref="fl-5"/>
      </object_component>
      <object_component id="oc-a3">
         <name>.debug_info</name>
         <load_address>0x268c</load_address>
         <run_address>0x268c</run_address>
         <size>0x884</size>
         <input_file_ref idref="fl-5"/>
      </object_component>
      <object_component id="oc-1f2">
         <name>.debug_info</name>
         <load_address>0x2f10</load_address>
         <run_address>0x2f10</run_address>
         <size>0x5aa</size>
         <input_file_ref idref="fl-5"/>
      </object_component>
      <object_component id="oc-128">
         <name>.debug_info</name>
         <load_address>0x34ba</load_address>
         <run_address>0x34ba</run_address>
         <size>0x9d</size>
         <input_file_ref idref="fl-5"/>
      </object_component>
      <object_component id="oc-1fc">
         <name>.debug_info</name>
         <load_address>0x3557</load_address>
         <run_address>0x3557</run_address>
         <size>0xae</size>
         <input_file_ref idref="fl-5"/>
      </object_component>
      <object_component id="oc-1ef">
         <name>.debug_info</name>
         <load_address>0x3605</load_address>
         <run_address>0x3605</run_address>
         <size>0x315</size>
         <input_file_ref idref="fl-6"/>
      </object_component>
      <object_component id="oc-f8">
         <name>.debug_info</name>
         <load_address>0x391a</load_address>
         <run_address>0x391a</run_address>
         <size>0xb1a</size>
         <input_file_ref idref="fl-6"/>
      </object_component>
      <object_component id="oc-ce">
         <name>.debug_info</name>
         <load_address>0x4434</load_address>
         <run_address>0x4434</run_address>
         <size>0x2c</size>
         <input_file_ref idref="fl-6"/>
      </object_component>
      <object_component id="oc-1e8">
         <name>.debug_info</name>
         <load_address>0x4460</load_address>
         <run_address>0x4460</run_address>
         <size>0x3ff</size>
         <input_file_ref idref="fl-7"/>
      </object_component>
      <object_component id="oc-1dc">
         <name>.debug_info</name>
         <load_address>0x485f</load_address>
         <run_address>0x485f</run_address>
         <size>0x114</size>
         <input_file_ref idref="fl-7"/>
      </object_component>
      <object_component id="oc-1e4">
         <name>.debug_info</name>
         <load_address>0x4973</load_address>
         <run_address>0x4973</run_address>
         <size>0xc9</size>
         <input_file_ref idref="fl-7"/>
      </object_component>
      <object_component id="oc-1d5">
         <name>.debug_info</name>
         <load_address>0x4a3c</load_address>
         <run_address>0x4a3c</run_address>
         <size>0x141</size>
         <input_file_ref idref="fl-7"/>
      </object_component>
      <object_component id="oc-f0">
         <name>.debug_info</name>
         <load_address>0x4b7d</load_address>
         <run_address>0x4b7d</run_address>
         <size>0x198b</size>
         <input_file_ref idref="fl-7"/>
      </object_component>
      <object_component id="oc-185">
         <name>.debug_info</name>
         <load_address>0x6508</load_address>
         <run_address>0x6508</run_address>
         <size>0x8b</size>
         <input_file_ref idref="fl-7"/>
      </object_component>
      <object_component id="oc-32">
         <name>.debug_info</name>
         <load_address>0x6593</load_address>
         <run_address>0x6593</run_address>
         <size>0x29e</size>
         <input_file_ref idref="fl-8"/>
      </object_component>
      <object_component id="oc-13">
         <name>.debug_info</name>
         <load_address>0x6831</load_address>
         <run_address>0x6831</run_address>
         <size>0xdd</size>
         <input_file_ref idref="fl-8"/>
      </object_component>
      <object_component id="oc-2c">
         <name>.debug_info</name>
         <load_address>0x690e</load_address>
         <run_address>0x690e</run_address>
         <size>0x259</size>
         <input_file_ref idref="fl-8"/>
      </object_component>
      <object_component id="oc-17f">
         <name>.debug_info</name>
         <load_address>0x6b67</load_address>
         <run_address>0x6b67</run_address>
         <size>0x2f5</size>
         <input_file_ref idref="fl-9"/>
      </object_component>
      <object_component id="oc-182">
         <name>.debug_info</name>
         <load_address>0x6e5c</load_address>
         <run_address>0x6e5c</run_address>
         <size>0xd1</size>
         <input_file_ref idref="fl-9"/>
      </object_component>
      <object_component id="oc-de">
         <name>.debug_info</name>
         <load_address>0x6f2d</load_address>
         <run_address>0x6f2d</run_address>
         <size>0x2fc</size>
         <input_file_ref idref="fl-9"/>
      </object_component>
      <object_component id="oc-222">
         <name>.debug_info</name>
         <load_address>0x7229</load_address>
         <run_address>0x7229</run_address>
         <size>0x36a</size>
         <input_file_ref idref="fl-c6"/>
      </object_component>
      <object_component id="oc-124">
         <name>.debug_info</name>
         <load_address>0x7593</load_address>
         <run_address>0x7593</run_address>
         <size>0x5d4</size>
         <input_file_ref idref="fl-c6"/>
      </object_component>
      <object_component id="oc-2df">
         <name>.debug_info</name>
         <load_address>0x7b67</load_address>
         <run_address>0x7b67</run_address>
         <size>0x46</size>
         <input_file_ref idref="fl-c6"/>
      </object_component>
      <object_component id="oc-223">
         <name>.debug_info</name>
         <load_address>0x7bad</load_address>
         <run_address>0x7bad</run_address>
         <size>0x39</size>
         <input_file_ref idref="fl-c6"/>
      </object_component>
      <object_component id="oc-272">
         <name>.debug_info</name>
         <load_address>0x7be6</load_address>
         <run_address>0x7be6</run_address>
         <size>0x340</size>
         <input_file_ref idref="fl-c7"/>
      </object_component>
      <object_component id="oc-195">
         <name>.debug_info</name>
         <load_address>0x7f26</load_address>
         <run_address>0x7f26</run_address>
         <size>0x208</size>
         <input_file_ref idref="fl-c7"/>
      </object_component>
      <object_component id="oc-268">
         <name>.debug_info</name>
         <load_address>0x812e</load_address>
         <run_address>0x812e</run_address>
         <size>0x1c6</size>
         <input_file_ref idref="fl-c7"/>
      </object_component>
      <object_component id="oc-26e">
         <name>.debug_info</name>
         <load_address>0x82f4</load_address>
         <run_address>0x82f4</run_address>
         <size>0x179</size>
         <input_file_ref idref="fl-c7"/>
      </object_component>
      <object_component id="oc-273">
         <name>.debug_info</name>
         <load_address>0x846d</load_address>
         <run_address>0x846d</run_address>
         <size>0x2c</size>
         <input_file_ref idref="fl-c7"/>
      </object_component>
      <object_component id="oc-278">
         <name>.debug_info</name>
         <load_address>0x8499</load_address>
         <run_address>0x8499</run_address>
         <size>0x69</size>
         <input_file_ref idref="fl-c7"/>
      </object_component>
      <object_component id="oc-1e0">
         <name>.debug_info</name>
         <load_address>0x8502</load_address>
         <run_address>0x8502</run_address>
         <size>0x14c</size>
         <input_file_ref idref="fl-c8"/>
      </object_component>
      <object_component id="oc-1ea">
         <name>.debug_info</name>
         <load_address>0x864e</load_address>
         <run_address>0x864e</run_address>
         <size>0x128</size>
         <input_file_ref idref="fl-c9"/>
      </object_component>
      <object_component id="oc-2c4">
         <name>.debug_info</name>
         <load_address>0x8776</load_address>
         <run_address>0x8776</run_address>
         <size>0x12a</size>
         <input_file_ref idref="fl-c9"/>
      </object_component>
      <object_component id="oc-112">
         <name>.debug_info</name>
         <load_address>0x88a0</load_address>
         <run_address>0x88a0</run_address>
         <size>0x13a</size>
         <input_file_ref idref="fl-ca"/>
      </object_component>
      <object_component id="oc-10e">
         <name>.debug_info</name>
         <load_address>0x89da</load_address>
         <run_address>0x89da</run_address>
         <size>0x13a</size>
         <input_file_ref idref="fl-cb"/>
      </object_component>
      <object_component id="oc-20c">
         <name>.debug_info</name>
         <load_address>0x8b14</load_address>
         <run_address>0x8b14</run_address>
         <size>0x12e</size>
         <input_file_ref idref="fl-cc"/>
      </object_component>
      <object_component id="oc-118">
         <name>.debug_info</name>
         <load_address>0x8c42</load_address>
         <run_address>0x8c42</run_address>
         <size>0x13e</size>
         <input_file_ref idref="fl-cd"/>
      </object_component>
      <object_component id="oc-11e">
         <name>.debug_info</name>
         <load_address>0x8d80</load_address>
         <run_address>0x8d80</run_address>
         <size>0x12c</size>
         <input_file_ref idref="fl-ce"/>
      </object_component>
      <object_component id="oc-109">
         <name>.debug_info</name>
         <load_address>0x8eac</load_address>
         <run_address>0x8eac</run_address>
         <size>0x12c</size>
         <input_file_ref idref="fl-cf"/>
      </object_component>
      <object_component id="oc-3f">
         <name>.debug_info</name>
         <load_address>0x8fd8</load_address>
         <run_address>0x8fd8</run_address>
         <size>0x119</size>
         <input_file_ref idref="fl-d0"/>
      </object_component>
      <object_component id="oc-95">
         <name>.debug_info</name>
         <load_address>0x90f1</load_address>
         <run_address>0x90f1</run_address>
         <size>0x2d4</size>
         <input_file_ref idref="fl-d1"/>
      </object_component>
      <object_component id="oc-4b">
         <name>.debug_info</name>
         <load_address>0x93c5</load_address>
         <run_address>0x93c5</run_address>
         <size>0x1d2</size>
         <input_file_ref idref="fl-d1"/>
      </object_component>
      <object_component id="oc-90">
         <name>.debug_info</name>
         <load_address>0x9597</load_address>
         <run_address>0x9597</run_address>
         <size>0x46</size>
         <input_file_ref idref="fl-d1"/>
      </object_component>
      <object_component id="oc-49">
         <name>.debug_info</name>
         <load_address>0x95dd</load_address>
         <run_address>0x95dd</run_address>
         <size>0x2a8</size>
         <input_file_ref idref="fl-d2"/>
      </object_component>
      <object_component id="oc-1f">
         <name>.debug_info</name>
         <load_address>0x9885</load_address>
         <run_address>0x9885</run_address>
         <size>0x1ea</size>
         <input_file_ref idref="fl-d2"/>
      </object_component>
      <object_component id="oc-44">
         <name>.debug_info</name>
         <load_address>0x9a6f</load_address>
         <run_address>0x9a6f</run_address>
         <size>0x46</size>
         <input_file_ref idref="fl-d2"/>
      </object_component>
      <object_component id="oc-88">
         <name>.debug_info</name>
         <load_address>0x9ab5</load_address>
         <run_address>0x9ab5</run_address>
         <size>0x2c</size>
         <input_file_ref idref="fl-d2"/>
      </object_component>
      <object_component id="oc-86">
         <name>.debug_info</name>
         <load_address>0x9ae1</load_address>
         <run_address>0x9ae1</run_address>
         <size>0x29e</size>
         <input_file_ref idref="fl-d3"/>
      </object_component>
      <object_component id="oc-19">
         <name>.debug_info</name>
         <load_address>0x9d7f</load_address>
         <run_address>0x9d7f</run_address>
         <size>0x250</size>
         <input_file_ref idref="fl-d3"/>
      </object_component>
      <object_component id="oc-34">
         <name>.debug_info</name>
         <load_address>0x9fcf</load_address>
         <run_address>0x9fcf</run_address>
         <size>0x60</size>
         <input_file_ref idref="fl-d3"/>
      </object_component>
      <object_component id="oc-c7">
         <name>.debug_info</name>
         <load_address>0xa02f</load_address>
         <run_address>0xa02f</run_address>
         <size>0x46</size>
         <input_file_ref idref="fl-d3"/>
      </object_component>
      <object_component id="oc-81">
         <name>.debug_info</name>
         <load_address>0xa075</load_address>
         <run_address>0xa075</run_address>
         <size>0x39</size>
         <input_file_ref idref="fl-d3"/>
      </object_component>
      <object_component id="oc-70">
         <name>.debug_info</name>
         <load_address>0xa0ae</load_address>
         <run_address>0xa0ae</run_address>
         <size>0x3b2</size>
         <input_file_ref idref="fl-d4"/>
      </object_component>
      <object_component id="oc-25">
         <name>.debug_info</name>
         <load_address>0xa460</load_address>
         <run_address>0xa460</run_address>
         <size>0x10c</size>
         <input_file_ref idref="fl-d4"/>
      </object_component>
      <object_component id="oc-36a">
         <name>.debug_info</name>
         <load_address>0xa56c</load_address>
         <run_address>0xa56c</run_address>
         <size>0x13f</size>
         <input_file_ref idref="fl-d4"/>
      </object_component>
      <object_component id="oc-297">
         <name>.debug_info</name>
         <load_address>0xa6ab</load_address>
         <run_address>0xa6ab</run_address>
         <size>0x168</size>
         <input_file_ref idref="fl-d4"/>
      </object_component>
      <object_component id="oc-29f">
         <name>.debug_info</name>
         <load_address>0xa813</load_address>
         <run_address>0xa813</run_address>
         <size>0x18e</size>
         <input_file_ref idref="fl-d4"/>
      </object_component>
      <object_component id="oc-2a4">
         <name>.debug_info</name>
         <load_address>0xa9a1</load_address>
         <run_address>0xa9a1</run_address>
         <size>0x19f</size>
         <input_file_ref idref="fl-d4"/>
      </object_component>
      <object_component id="oc-1cf">
         <name>.debug_info</name>
         <load_address>0xab40</load_address>
         <run_address>0xab40</run_address>
         <size>0x203</size>
         <input_file_ref idref="fl-d4"/>
      </object_component>
      <object_component id="oc-3ea">
         <name>.debug_info</name>
         <load_address>0xad43</load_address>
         <run_address>0xad43</run_address>
         <size>0x1db</size>
         <input_file_ref idref="fl-d4"/>
      </object_component>
      <object_component id="oc-1c9">
         <name>.debug_info</name>
         <load_address>0xaf1e</load_address>
         <run_address>0xaf1e</run_address>
         <size>0x1a5</size>
         <input_file_ref idref="fl-d4"/>
      </object_component>
      <object_component id="oc-363">
         <name>.debug_info</name>
         <load_address>0xb0c3</load_address>
         <run_address>0xb0c3</run_address>
         <size>0x299</size>
         <input_file_ref idref="fl-d4"/>
      </object_component>
      <object_component id="oc-bb">
         <name>.debug_info</name>
         <load_address>0xb35c</load_address>
         <run_address>0xb35c</run_address>
         <size>0xb2</size>
         <input_file_ref idref="fl-d4"/>
      </object_component>
      <object_component id="oc-b6">
         <name>.debug_info</name>
         <load_address>0xb40e</load_address>
         <run_address>0xb40e</run_address>
         <size>0x2c</size>
         <input_file_ref idref="fl-d4"/>
      </object_component>
      <object_component id="oc-27e">
         <name>.debug_info</name>
         <load_address>0xb43a</load_address>
         <run_address>0xb43a</run_address>
         <size>0x28a</size>
         <input_file_ref idref="fl-d5"/>
      </object_component>
      <object_component id="oc-19a">
         <name>.debug_info</name>
         <load_address>0xb6c4</load_address>
         <run_address>0xb6c4</run_address>
         <size>0x273</size>
         <input_file_ref idref="fl-d5"/>
      </object_component>
      <object_component id="oc-280">
         <name>.debug_info</name>
         <load_address>0xb937</load_address>
         <run_address>0xb937</run_address>
         <size>0x2a4</size>
         <input_file_ref idref="fl-d6"/>
      </object_component>
      <object_component id="oc-1a1">
         <name>.debug_info</name>
         <load_address>0xbbdb</load_address>
         <run_address>0xbbdb</run_address>
         <size>0x24d</size>
         <input_file_ref idref="fl-d6"/>
      </object_component>
      <object_component id="oc-2cc">
         <name>.debug_info</name>
         <load_address>0xbe28</load_address>
         <run_address>0xbe28</run_address>
         <size>0x3aa</size>
         <input_file_ref idref="fl-d7"/>
      </object_component>
      <object_component id="oc-2c9">
         <name>.debug_info</name>
         <load_address>0xc1d2</load_address>
         <run_address>0xc1d2</run_address>
         <size>0x13a</size>
         <input_file_ref idref="fl-d7"/>
      </object_component>
      <object_component id="oc-210">
         <name>.debug_info</name>
         <load_address>0xc30c</load_address>
         <run_address>0xc30c</run_address>
         <size>0x72f</size>
         <input_file_ref idref="fl-d7"/>
      </object_component>
      <object_component id="oc-37d">
         <name>.debug_info</name>
         <load_address>0xca3b</load_address>
         <run_address>0xca3b</run_address>
         <size>0x39</size>
         <input_file_ref idref="fl-d7"/>
      </object_component>
      <object_component id="oc-2ce">
         <name>.debug_info</name>
         <load_address>0xca74</load_address>
         <run_address>0xca74</run_address>
         <size>0x2c</size>
         <input_file_ref idref="fl-d7"/>
      </object_component>
      <object_component id="oc-28">
         <name>.debug_info</name>
         <load_address>0xcaa0</load_address>
         <run_address>0xcaa0</run_address>
         <size>0x10b</size>
         <input_file_ref idref="fl-d8"/>
      </object_component>
      <object_component id="oc-5d">
         <name>.debug_info</name>
         <load_address>0xcbab</load_address>
         <run_address>0xcbab</run_address>
         <size>0x1a9</size>
         <input_file_ref idref="fl-d8"/>
      </object_component>
      <object_component id="oc-2dc">
         <name>.debug_info</name>
         <load_address>0xcd54</load_address>
         <run_address>0xcd54</run_address>
         <size>0x289</size>
         <input_file_ref idref="fl-d9"/>
      </object_component>
      <object_component id="oc-2d9">
         <name>.debug_info</name>
         <load_address>0xcfdd</load_address>
         <run_address>0xcfdd</run_address>
         <size>0x10e</size>
         <input_file_ref idref="fl-d9"/>
      </object_component>
      <object_component id="oc-21e">
         <name>.debug_info</name>
         <load_address>0xd0eb</load_address>
         <run_address>0xd0eb</run_address>
         <size>0x14e</size>
         <input_file_ref idref="fl-d9"/>
      </object_component>
      <object_component id="oc-2d7">
         <name>.debug_info</name>
         <load_address>0xd239</load_address>
         <run_address>0xd239</run_address>
         <size>0x29b</size>
         <input_file_ref idref="fl-da"/>
      </object_component>
      <object_component id="oc-2d4">
         <name>.debug_info</name>
         <load_address>0xd4d4</load_address>
         <run_address>0xd4d4</run_address>
         <size>0xfa</size>
         <input_file_ref idref="fl-da"/>
      </object_component>
      <object_component id="oc-219">
         <name>.debug_info</name>
         <load_address>0xd5ce</load_address>
         <run_address>0xd5ce</run_address>
         <size>0x5d3</size>
         <input_file_ref idref="fl-da"/>
      </object_component>
      <object_component id="oc-377">
         <name>.debug_info</name>
         <load_address>0xdba1</load_address>
         <run_address>0xdba1</run_address>
         <size>0x28a</size>
         <input_file_ref idref="fl-db"/>
      </object_component>
      <object_component id="oc-2be">
         <name>.debug_info</name>
         <load_address>0xde2b</load_address>
         <run_address>0xde2b</run_address>
         <size>0x22a</size>
         <input_file_ref idref="fl-db"/>
      </object_component>
      <object_component id="oc-375">
         <name>.debug_info</name>
         <load_address>0xe055</load_address>
         <run_address>0xe055</run_address>
         <size>0x2f8</size>
         <input_file_ref idref="fl-dc"/>
      </object_component>
      <object_component id="oc-2b9">
         <name>.debug_info</name>
         <load_address>0xe34d</load_address>
         <run_address>0xe34d</run_address>
         <size>0x225</size>
         <input_file_ref idref="fl-dc"/>
      </object_component>
      <object_component id="oc-34b">
         <name>.debug_info</name>
         <load_address>0xe572</load_address>
         <run_address>0xe572</run_address>
         <size>0x590</size>
         <input_file_ref idref="fl-dd"/>
      </object_component>
      <object_component id="oc-322">
         <name>.debug_info</name>
         <load_address>0xeb02</load_address>
         <run_address>0xeb02</run_address>
         <size>0x21e</size>
         <input_file_ref idref="fl-dd"/>
      </object_component>
      <object_component id="oc-3ae">
         <name>.debug_info</name>
         <load_address>0xed20</load_address>
         <run_address>0xed20</run_address>
         <size>0x1b3</size>
         <input_file_ref idref="fl-dd"/>
      </object_component>
      <object_component id="oc-3b4">
         <name>.debug_info</name>
         <load_address>0xeed3</load_address>
         <run_address>0xeed3</run_address>
         <size>0x21b</size>
         <input_file_ref idref="fl-dd"/>
      </object_component>
      <object_component id="oc-328">
         <name>.debug_info</name>
         <load_address>0xf0ee</load_address>
         <run_address>0xf0ee</run_address>
         <size>0x3c0</size>
         <input_file_ref idref="fl-dd"/>
      </object_component>
      <object_component id="oc-3bb">
         <name>.debug_info</name>
         <load_address>0xf4ae</load_address>
         <run_address>0xf4ae</run_address>
         <size>0x30a</size>
         <input_file_ref idref="fl-dd"/>
      </object_component>
      <object_component id="oc-3c1">
         <name>.debug_info</name>
         <load_address>0xf7b8</load_address>
         <run_address>0xf7b8</run_address>
         <size>0x215</size>
         <input_file_ref idref="fl-dd"/>
      </object_component>
      <object_component id="oc-32e">
         <name>.debug_info</name>
         <load_address>0xf9cd</load_address>
         <run_address>0xf9cd</run_address>
         <size>0x215</size>
         <input_file_ref idref="fl-dd"/>
      </object_component>
      <object_component id="oc-334">
         <name>.debug_info</name>
         <load_address>0xfbe2</load_address>
         <run_address>0xfbe2</run_address>
         <size>0x304</size>
         <input_file_ref idref="fl-dd"/>
      </object_component>
      <object_component id="oc-33a">
         <name>.debug_info</name>
         <load_address>0xfee6</load_address>
         <run_address>0xfee6</run_address>
         <size>0x4b5</size>
         <input_file_ref idref="fl-dd"/>
      </object_component>
      <object_component id="oc-261">
         <name>.debug_info</name>
         <load_address>0x1039b</load_address>
         <run_address>0x1039b</run_address>
         <size>0x5f4</size>
         <input_file_ref idref="fl-dd"/>
      </object_component>
      <object_component id="oc-34c">
         <name>.debug_info</name>
         <load_address>0x1098f</load_address>
         <run_address>0x1098f</run_address>
         <size>0x86</size>
         <input_file_ref idref="fl-dd"/>
      </object_component>
      <object_component id="oc-3df">
         <name>.debug_info</name>
         <load_address>0x10a15</load_address>
         <run_address>0x10a15</run_address>
         <size>0x39</size>
         <input_file_ref idref="fl-dd"/>
      </object_component>
      <object_component id="oc-417">
         <name>.debug_info</name>
         <load_address>0x10a4e</load_address>
         <run_address>0x10a4e</run_address>
         <size>0xb6</size>
         <input_file_ref idref="fl-dd"/>
      </object_component>
      <object_component id="oc-3e4">
         <name>.debug_info</name>
         <load_address>0x10b04</load_address>
         <run_address>0x10b04</run_address>
         <size>0x46</size>
         <input_file_ref idref="fl-dd"/>
      </object_component>
      <object_component id="oc-351">
         <name>.debug_info</name>
         <load_address>0x10b4a</load_address>
         <run_address>0x10b4a</run_address>
         <size>0x46</size>
         <input_file_ref idref="fl-dd"/>
      </object_component>
      <object_component id="oc-97">
         <name>.debug_info</name>
         <load_address>0x10b90</load_address>
         <run_address>0x10b90</run_address>
         <size>0x147</size>
         <input_file_ref idref="fl-de"/>
      </object_component>
      <object_component id="oc-3a2">
         <name>.debug_info</name>
         <load_address>0x10cd7</load_address>
         <run_address>0x10cd7</run_address>
         <size>0x134</size>
         <input_file_ref idref="fl-df"/>
      </object_component>
      <object_component id="oc-233">
         <name>.debug_info</name>
         <load_address>0x10e0b</load_address>
         <run_address>0x10e0b</run_address>
         <size>0x4b3</size>
         <input_file_ref idref="fl-e0"/>
      </object_component>
      <object_component id="oc-13a">
         <name>.debug_info</name>
         <load_address>0x112be</load_address>
         <run_address>0x112be</run_address>
         <size>0x1a6</size>
         <input_file_ref idref="fl-e0"/>
      </object_component>
      <object_component id="oc-2f4">
         <name>.debug_info</name>
         <load_address>0x11464</load_address>
         <run_address>0x11464</run_address>
         <size>0x39</size>
         <input_file_ref idref="fl-e0"/>
      </object_component>
      <object_component id="oc-38d">
         <name>.debug_info</name>
         <load_address>0x1149d</load_address>
         <run_address>0x1149d</run_address>
         <size>0x39</size>
         <input_file_ref idref="fl-e0"/>
      </object_component>
      <object_component id="oc-2f9">
         <name>.debug_info</name>
         <load_address>0x114d6</load_address>
         <run_address>0x114d6</run_address>
         <size>0x39</size>
         <input_file_ref idref="fl-e0"/>
      </object_component>
      <object_component id="oc-2fe">
         <name>.debug_info</name>
         <load_address>0x1150f</load_address>
         <run_address>0x1150f</run_address>
         <size>0xcd</size>
         <input_file_ref idref="fl-e0"/>
      </object_component>
      <object_component id="oc-9d">
         <name>.debug_info</name>
         <load_address>0x115dc</load_address>
         <run_address>0x115dc</run_address>
         <size>0x153</size>
         <input_file_ref idref="fl-e1"/>
      </object_component>
      <object_component id="oc-12e">
         <name>.debug_info</name>
         <load_address>0x1172f</load_address>
         <run_address>0x1172f</run_address>
         <size>0x122</size>
         <input_file_ref idref="fl-e3"/>
      </object_component>
      <object_component id="oc-2ee">
         <name>.debug_info</name>
         <load_address>0x11851</load_address>
         <run_address>0x11851</run_address>
         <size>0x2c9</size>
         <input_file_ref idref="fl-e4"/>
      </object_component>
      <object_component id="oc-22d">
         <name>.debug_info</name>
         <load_address>0x11b1a</load_address>
         <run_address>0x11b1a</run_address>
         <size>0x11e</size>
         <input_file_ref idref="fl-e4"/>
      </object_component>
      <object_component id="oc-2e7">
         <name>.debug_info</name>
         <load_address>0x11c38</load_address>
         <run_address>0x11c38</run_address>
         <size>0x12e</size>
         <input_file_ref idref="fl-e4"/>
      </object_component>
      <object_component id="oc-405">
         <name>.debug_info</name>
         <load_address>0x11d66</load_address>
         <run_address>0x11d66</run_address>
         <size>0x29c</size>
         <input_file_ref idref="fl-e5"/>
      </object_component>
      <object_component id="oc-3aa">
         <name>.debug_info</name>
         <load_address>0x12002</load_address>
         <run_address>0x12002</run_address>
         <size>0x1da</size>
         <input_file_ref idref="fl-e5"/>
      </object_component>
      <object_component id="oc-39f">
         <name>.debug_info</name>
         <load_address>0x121dc</load_address>
         <run_address>0x121dc</run_address>
         <size>0x2b9</size>
         <input_file_ref idref="fl-e7"/>
      </object_component>
      <object_component id="oc-31b">
         <name>.debug_info</name>
         <load_address>0x12495</load_address>
         <run_address>0x12495</run_address>
         <size>0x17c</size>
         <input_file_ref idref="fl-e7"/>
      </object_component>
      <object_component id="oc-3fb">
         <name>.debug_info</name>
         <load_address>0x12611</load_address>
         <run_address>0x12611</run_address>
         <size>0xf9</size>
         <input_file_ref idref="fl-e8"/>
      </object_component>
      <object_component id="oc-39c">
         <name>.debug_info</name>
         <load_address>0x1270a</load_address>
         <run_address>0x1270a</run_address>
         <size>0x105</size>
         <input_file_ref idref="fl-e8"/>
      </object_component>
      <object_component id="oc-3d5">
         <name>.debug_info</name>
         <load_address>0x1280f</load_address>
         <run_address>0x1280f</run_address>
         <size>0x2a7</size>
         <input_file_ref idref="fl-e9"/>
      </object_component>
      <object_component id="oc-342">
         <name>.debug_info</name>
         <load_address>0x12ab6</load_address>
         <run_address>0x12ab6</run_address>
         <size>0x1b8</size>
         <input_file_ref idref="fl-e9"/>
      </object_component>
      <object_component id="oc-40d">
         <name>.debug_info</name>
         <load_address>0x12c6e</load_address>
         <run_address>0x12c6e</run_address>
         <size>0x29a</size>
         <input_file_ref idref="fl-ea"/>
      </object_component>
      <object_component id="oc-3d0">
         <name>.debug_info</name>
         <load_address>0x12f08</load_address>
         <run_address>0x12f08</run_address>
         <size>0x262</size>
         <input_file_ref idref="fl-ea"/>
      </object_component>
      <object_component id="oc-39a">
         <name>.debug_info</name>
         <load_address>0x1316a</load_address>
         <run_address>0x1316a</run_address>
         <size>0x28f</size>
         <input_file_ref idref="fl-eb"/>
      </object_component>
      <object_component id="oc-315">
         <name>.debug_info</name>
         <load_address>0x133f9</load_address>
         <run_address>0x133f9</run_address>
         <size>0x245</size>
         <input_file_ref idref="fl-eb"/>
      </object_component>
      <object_component id="oc-3dc">
         <name>.debug_info</name>
         <load_address>0x1363e</load_address>
         <run_address>0x1363e</run_address>
         <size>0x28f</size>
         <input_file_ref idref="fl-ec"/>
      </object_component>
      <object_component id="oc-346">
         <name>.debug_info</name>
         <load_address>0x138cd</load_address>
         <run_address>0x138cd</run_address>
         <size>0x15a</size>
         <input_file_ref idref="fl-ec"/>
      </object_component>
      <object_component id="oc-410">
         <name>.debug_info</name>
         <load_address>0x13a27</load_address>
         <run_address>0x13a27</run_address>
         <size>0x46</size>
         <input_file_ref idref="fl-ec"/>
      </object_component>
      <object_component id="oc-3d7">
         <name>.debug_info</name>
         <load_address>0x13a6d</load_address>
         <run_address>0x13a6d</run_address>
         <size>0x39</size>
         <input_file_ref idref="fl-ec"/>
      </object_component>
      <object_component id="oc-36f">
         <name>.debug_info</name>
         <load_address>0x13aa6</load_address>
         <run_address>0x13aa6</run_address>
         <size>0x161</size>
         <input_file_ref idref="fl-ed"/>
      </object_component>
      <object_component id="oc-40b">
         <name>.debug_info</name>
         <load_address>0x13c07</load_address>
         <run_address>0x13c07</run_address>
         <size>0x295</size>
         <input_file_ref idref="fl-ee"/>
      </object_component>
      <object_component id="oc-3c8">
         <name>.debug_info</name>
         <load_address>0x13e9c</load_address>
         <run_address>0x13e9c</run_address>
         <size>0x195</size>
         <input_file_ref idref="fl-ee"/>
      </object_component>
      <object_component id="oc-401">
         <name>.debug_info</name>
         <load_address>0x14031</load_address>
         <run_address>0x14031</run_address>
         <size>0x115</size>
         <input_file_ref idref="fl-ef"/>
      </object_component>
      <object_component id="oc-fe">
         <name>.debug_info</name>
         <load_address>0x14146</load_address>
         <run_address>0x14146</run_address>
         <size>0x485</size>
         <input_file_ref idref="fl-f0"/>
      </object_component>
      <object_component id="oc-1c0">
         <name>.debug_info</name>
         <load_address>0x145cb</load_address>
         <run_address>0x145cb</run_address>
         <size>0x114</size>
         <input_file_ref idref="fl-f0"/>
      </object_component>
      <object_component id="oc-ea">
         <name>.debug_info</name>
         <load_address>0x146df</load_address>
         <run_address>0x146df</run_address>
         <size>0x4ce</size>
         <input_file_ref idref="fl-f0"/>
      </object_component>
[...]
      <symbol id="sm-25e">
         <name>oi_uartReceive</name>
         <value>0xa31</value>
         <object_component_ref idref="oc-ef"/>
      </symbol>
      <symbol id="sm-25f">
         <name>oi_setWheels</name>
         <value>0x88f</value>
         <object_component_ref idref="oc-ef"/>
      </symbol>
      <symbol id="sm-260">
         <name>oi_shutoff_init</name>
         <value>0xb51</value>
         <object_component_ref idref="oc-ef"/>
      </symbol>
      <symbol id="sm-261">
         <name>motor_cal_factor_L</name>
         <value>0x20002314</value>
         <object_component_ref idref="oc-1db"/>
      </symbol>
      <symbol id="sm-262">
         <name>motor_cal_factor_R</name>
         <value>0x20002318</value>
         <object_component_ref idref="oc-1db"/>
      </symbol>
      <symbol id="sm-263">
         <name>oi_parseInt</name>
         <value>0x58af</value>
         <object_component_ref idref="oc-1d4"/>
      </symbol>
      <symbol id="sm-264">
         <name>oi_setMotorCalibration</name>
         <value>0xdb1</value>
         <object_component_ref idref="oc-ef"/>
      </symbol>
      <symbol id="sm-265">
         <name>oi_uartSendStr</name>
         <value>0xa59</value>
         <object_component_ref idref="oc-ef"/>
      </symbol>
      <symbol id="sm-266">
         <name>oi_close</name>
         <value>0x2c7</value>
         <object_component_ref idref="oc-ef"/>
      </symbol>
      <symbol id="sm-267">
         <name>oi_uartSendBuff</name>
         <value>0xa77</value>
         <object_component_ref idref="oc-ef"/>
      </symbol>
      <symbol id="sm-268">
         <name>oi_checkFirmware</name>
         <value>0xaa9</value>
         <object_component_ref idref="oc-ef"/>
      </symbol>
      <symbol id="sm-269">
         <name>oi_init_noupdate</name>
         <value>0x289</value>
         <object_component_ref idref="oc-ef"/>
      </symbol>
      <symbol id="sm-26a">
         <name>oi_uartSendChar</name>
         <value>0xa15</value>
         <object_component_ref idref="oc-ef"/>
      </symbol>
      <symbol id="sm-26b">
         <name>oi_alloc</name>
         <value>0x26d</value>
         <object_component_ref idref="oc-ef"/>
      </symbol>
      <symbol id="sm-26c">
         <name>oi_getMotorCalibrationLeft</name>
         <value>0xded</value>
         <object_component_ref idref="oc-ef"/>
      </symbol>
      <symbol id="sm-26d">
         <name>oi_loadSong</name>
         <value>0x915</value>
         <object_component_ref idref="oc-ef"/>
      </symbol>
      <symbol id="sm-26e">
         <name>oi_play_song</name>
         <value>0x96b</value>
         <object_component_ref idref="oc-ef"/>
      </symbol>
      <symbol id="sm-26f">
         <name>oi_parsePacket</name>
         <value>0x32b</value>
         <object_component_ref idref="oc-ef"/>
      </symbol>
      <symbol id="sm-270">
         <name>oi_setLeds</name>
         <value>0x84b</value>
         <object_component_ref idref="oc-ef"/>
      </symbol>
      <symbol id="sm-271">
         <name>oi_init</name>
         <value>0x2b1</value>
         <object_component_ref idref="oc-ef"/>
      </symbol>
      <symbol id="sm-272">
         <name>oi_update</name>
         <value>0x2d9</value>
         <object_component_ref idref="oc-ef"/>
      </symbol>
      <symbol id="sm-273">
         <name>oi_uartInit</name>
         <value>0x98d</value>
         <object_component_ref idref="oc-ef"/>
      </symbol>
      <symbol id="sm-28f">
         <name>ResetISR</name>
         <value>0x5969</value>
         <object_component_ref idref="oc-2a"/>
      </symbol>
      <symbol id="sm-290">
         <name>g_pfnVectors</name>
         <value>0x0</value>
         <object_component_ref idref="oc-12"/>
      </symbol>
      <symbol id="sm-2c7">
         <name>received_char</name>
         <value>0x20002311</value>
      </symbol>
      <symbol id="sm-2c8">
         <name>UART1_Handler</name>
         <value>0x421d</value>
         <object_component_ref idref="oc-dd"/>
      </symbol>
      <symbol id="sm-2c9">
         <name>uart_sendChar</name>
         <value>0x4269</value>
         <object_component_ref idref="oc-dd"/>
      </symbol>
      <symbol id="sm-2ca">
         <name>uart_interrupt_init</name>
         <value>0x4179</value>
         <object_component_ref idref="oc-dd"/>
      </symbol>
      <symbol id="sm-2cb">
         <name>scan_active</name>
         <value>0x2000234c</value>
         <object_component_ref idref="oc-181"/>
      </symbol>
      <symbol id="sm-2cc">
         <name>uart_sendStr</name>
         <value>0x4285</value>
         <object_component_ref idref="oc-dd"/>
      </symbol>
      <symbol id="sm-327">
         <name>tanl</name>
         <value>0x25c1</value>
         <object_component_ref idref="oc-120"/>
      </symbol>
      <symbol id="sm-328">
         <name>tan</name>
         <value>0x25c1</value>
         <object_component_ref idref="oc-120"/>
      </symbol>
      <symbol id="sm-357">
         <name>vsnprintf</name>
         <value>0x5649</value>
         <object_component_ref idref="oc-191"/>
      </symbol>
      <symbol id="sm-36e">
         <name>__aeabi_dsub</name>
         <value>0x3fc1</value>
         <object_component_ref idref="oc-1de"/>
      </symbol>
      <symbol id="sm-36f">
         <name>__aeabi_dadd</name>
         <value>0x3fcb</value>
         <object_component_ref idref="oc-1de"/>
      </symbol>
      <symbol id="sm-391">
         <name>__aeabi_cdcmpeq</name>
         <value>0x50d5</value>
         <object_component_ref idref="oc-1e9"/>
      </symbol>
      <symbol id="sm-392">
         <name>__aeabi_cdcmple</name>
         <value>0x50d5</value>
         <object_component_ref idref="oc-1e9"/>
      </symbol>
      <symbol id="sm-393">
         <name>__aeabi_cdrcmple</name>
         <value>0x515b</value>
         <object_component_ref idref="oc-2c3"/>
      </symbol>
      <symbol id="sm-3a7">
         <name>__aeabi_ddiv</name>
         <value>0x45b1</value>
         <object_component_ref idref="oc-111"/>
      </symbol>
      <symbol id="sm-3b2">
         <name>__aeabi_dmul</name>
         <value>0x4b35</value>
         <object_component_ref idref="oc-10c"/>
      </symbol>
      <symbol id="sm-3bc">
         <name>__aeabi_d2iz</name>
         <value>0x55bd</value>
         <object_component_ref idref="oc-20a"/>
      </symbol>
      <symbol id="sm-3c8">
         <name>__aeabi_d2f</name>
         <value>0x533b</value>
         <object_component_ref idref="oc-116"/>
      </symbol>
      <symbol id="sm-3d3">
         <name>__aeabi_f2d</name>
         <value>0x5701</value>
         <object_component_ref idref="oc-11b"/>
      </symbol>
      <symbol id="sm-3dd">
         <name>__aeabi_i2d</name>
         <value>0x57d1</value>
         <object_component_ref idref="oc-107"/>
      </symbol>
      <symbol id="sm-3f8">
         <name>memcpy</name>
         <value>0x4fa3</value>
         <object_component_ref idref="oc-3e"/>
      </symbol>
      <symbol id="sm-3f9">
         <name>__aeabi_memcpy</name>
         <value>0x4fa3</value>
         <object_component_ref idref="oc-3e"/>
      </symbol>
      <symbol id="sm-3fa">
         <name>__aeabi_memcpy8</name>
         <value>0x4fa3</value>
         <object_component_ref idref="oc-3e"/>
      </symbol>
      <symbol id="sm-3fb">
         <name>__aeabi_memcpy4</name>
         <value>0x4fa3</value>
         <object_component_ref idref="oc-3e"/>
      </symbol>
      <symbol id="sm-40f">
         <name>__TI_zero_init_nomemset</name>
         <value>0x5829</value>
         <object_component_ref idref="oc-4a"/>
      </symbol>
      <symbol id="sm-426">
         <name>__TI_decompress_none</name>
         <value>0x594f</value>
         <object_component_ref idref="oc-1b"/>
      </symbol>
      <symbol id="sm-449">
         <name>__TI_decompress_lzss</name>
         <value>0x53a9</value>
         <object_component_ref idref="oc-15"/>
      </symbol>
      <symbol id="sm-4de">
         <name>_sys_memory</name>
         <value>0x20001270</value>
         <object_component_ref idref="oc-24"/>
      </symbol>
      <symbol id="sm-4df">
         <name>free</name>
         <value>0x4e0d</value>
         <object_component_ref idref="oc-1ce"/>
      </symbol>
      <symbol id="sm-4e0">
         <name>memalign</name>
         <value>0x4a35</value>
         <object_component_ref idref="oc-362"/>
      </symbol>
      <symbol id="sm-4e1">
         <name>calloc</name>
         <value>0x56c9</value>
         <object_component_ref idref="oc-1c8"/>
      </symbol>
      <symbol id="sm-4e2">
         <name>malloc</name>
         <value>0x597d</value>
         <object_component_ref idref="oc-296"/>
      </symbol>
      <symbol id="sm-4e3">
         <name>aligned_alloc</name>
         <value>0x4a35</value>
         <object_component_ref idref="oc-362"/>
      </symbol>
      <symbol id="sm-4f2">
         <name>strcmp</name>
         <value>0x58c7</value>
         <object_component_ref idref="oc-197"/>
      </symbol>
      <symbol id="sm-500">
         <name>strcpy</name>
         <value>0x58f5</value>
         <object_component_ref idref="oc-19d"/>
      </symbol>
      <symbol id="sm-570">
         <name>__kernel_rem_pio2</name>
         <value>0x18dd</value>
         <object_component_ref idref="oc-20f"/>
      </symbol>
      <symbol id="sm-583">
         <name>__stack</name>
         <value>0x20000270</value>
         <object_component_ref idref="oc-27"/>
      </symbol>
      <symbol id="sm-584">
         <name>_c_int00_noargs</name>
         <value>0x576d</value>
         <object_component_ref idref="oc-5c"/>
      </symbol>
      <symbol id="sm-59a">
         <name>__aeabi_errno_addr</name>
         <value>0x5975</value>
         <object_component_ref idref="oc-21b"/>
      </symbol>
      <symbol id="sm-59b">
         <name>errno</name>
         <value>0x20002348</value>
         <object_component_ref idref="oc-2d8"/>
      </symbol>
      <symbol id="sm-5ba">
         <name>__kernel_tan</name>
         <value>0x31d1</value>
         <object_component_ref idref="oc-215"/>
      </symbol>
      <symbol id="sm-5d7">
         <name>floorl</name>
         <value>0x4c31</value>
         <object_component_ref idref="oc-2bd"/>
      </symbol>
      <symbol id="sm-5d8">
         <name>floor</name>
         <value>0x4c31</value>
         <object_component_ref idref="oc-2bd"/>
      </symbol>
      <symbol id="sm-5f5">
         <name>scalbn</name>
         <value>0x4925</value>
         <object_component_ref idref="oc-2b7"/>
      </symbol>
      <symbol id="sm-5f6">
         <name>scalbnl</name>
         <value>0x4925</value>
         <object_component_ref idref="oc-2b7"/>
      </symbol>
      <symbol id="sm-5f7">
         <name>ldexpl</name>
         <value>0x4925</value>
         <object_component_ref idref="oc-2b7"/>
      </symbol>
      <symbol id="sm-5f8">
         <name>ldexp</name>
         <value>0x4925</value>
         <object_component_ref idref="oc-2b7"/>
      </symbol>
      <symbol id="sm-75d">
         <name>__TI_printfi</name>
         <value>0xe8d</value>
         <object_component_ref idref="oc-25f"/>
      </symbol>
      <symbol id="sm-76c">
         <name>__aeabi_memset</name>
         <value>0x51e3</value>
         <object_component_ref idref="oc-96"/>
      </symbol>
      <symbol id="sm-76d">
         <name>memset</name>
         <value>0x51e9</value>
         <object_component_ref idref="oc-96"/>
      </symbol>
      <symbol id="sm-76e">
         <name>__aeabi_memset8</name>
         <value>0x51e3</value>
         <object_component_ref idref="oc-96"/>
      </symbol>
      <symbol id="sm-76f">
         <name>__aeabi_memset4</name>
         <value>0x51e3</value>
         <object_component_ref idref="oc-96"/>
      </symbol>
      <symbol id="sm-770">
         <name>__aeabi_memclr8</name>
         <value>0x51e1</value>
         <object_component_ref idref="oc-96"/>
      </symbol>
      <symbol id="sm-771">
         <name>__aeabi_memclr4</name>
         <value>0x51e1</value>
         <object_component_ref idref="oc-96"/>
      </symbol>
      <symbol id="sm-772">
         <name>__aeabi_memclr</name>
         <value>0x51e1</value>
         <object_component_ref idref="oc-96"/>
      </symbol>
      <symbol id="sm-77f">
         <name>__aeabi_uldivmod</name>
         <value>0x503f</value>
         <object_component_ref idref="oc-3a0"/>
      </symbol>
      <symbol id="sm-7a7">
         <name>__TI_auto_init_nobinit_nopinit</name>
         <value>0x5605</value>
         <object_component_ref idref="oc-139"/>
      </symbol>
      <symbol id="sm-7b1">
         <name>_system_pre_init</name>
         <value>0x5985</value>
         <object_component_ref idref="oc-9c"/>
      </symbol>
      <symbol id="sm-7bd">
         <name>C$$EXIT</name>
         <value>0x5989</value>
         <object_component_ref idref="oc-12d"/>
      </symbol>
      <symbol id="sm-7be">
         <name>abort</name>
         <value>0x5989</value>
         <object_component_ref idref="oc-12d"/>
      </symbol>
      <symbol id="sm-7d3">
         <name>_nop</name>
         <value>0x18db</value>
         <object_component_ref idref="oc-2e6"/>
      </symbol>
      <symbol id="sm-7d4">
         <name>_lock</name>
         <value>0x20002334</value>
         <object_component_ref idref="oc-22c"/>
      </symbol>
      <symbol id="sm-7d5">
         <name>_unlock</name>
         <value>0x20002338</value>
         <object_component_ref idref="oc-22c"/>
      </symbol>
      <symbol id="sm-7e4">
         <name>__TI_ltoa</name>
         <value>0x54cb</value>
         <object_component_ref idref="oc-3a6"/>
      </symbol>
      <symbol id="sm-7fb">
         <name>atoi</name>
         <value>0x5571</value>
         <object_component_ref idref="oc-31a"/>
      </symbol>
      <symbol id="sm-806">
         <name>_ctypes_</name>
         <value>0x5ae8</value>
         <object_component_ref idref="oc-39b"/>
      </symbol>
      <symbol id="sm-816">
         <name>memccpy</name>
         <value>0x5861</value>
         <object_component_ref idref="oc-33e"/>
      </symbol>
      <symbol id="sm-826">
         <name>strchr</name>
         <value>0x58df</value>
         <object_component_ref idref="oc-3cd"/>
      </symbol>
      <symbol id="sm-834">
         <name>strlen</name>
         <value>0x5909</value>
         <object_component_ref idref="oc-314"/>
      </symbol>
      <symbol id="sm-84d">
         <name>wcslen</name>
         <value>0x591d</value>
         <object_component_ref idref="oc-344"/>
      </symbol>
      <symbol id="sm-857">
         <name>copysign</name>
         <value>0x587d</value>
         <object_component_ref idref="oc-36e"/>
      </symbol>
      <symbol id="sm-858">
         <name>copysignl</name>
         <value>0x587d</value>
         <object_component_ref idref="oc-36e"/>
      </symbol>
      <symbol id="sm-86e">
         <name>frexpl</name>
         <value>0x5411</value>
         <object_component_ref idref="oc-3c7"/>
      </symbol>
      <symbol id="sm-86f">
         <name>frexp</name>
         <value>0x5411</value>
         <object_component_ref idref="oc-3c7"/>
      </symbol>
      <symbol id="sm-879">
         <name>__aeabi_idiv0</name>
         <value>0x4177</value>
         <object_component_ref idref="oc-3fe"/>
      </symbol>
      <symbol id="sm-87a">
         <name>__aeabi_ldiv0</name>
         <value>0x4177</value>
         <object_component_ref idref="oc-3fe"/>
      </symbol>
      <symbol id="sm-8b6">
         <name>cyBOT_SERVO_cal</name>
         <value>0x3835</value>
         <object_component_ref idref="oc-e9"/>
      </symbol>
      <symbol id="sm-8b7">
         <name>cyBOT_Scan</name>
         <value>0x37c3</value>
         <object_component_ref idref="oc-e9"/>
      </symbol>
      <symbol id="sm-8b8">
         <name>cyBOT_scan_features</name>
         <value>0x20002344</value>
         <object_component_ref idref="oc-1bf"/>
      </symbol>
      <symbol id="sm-8b9">
         <name>cyBOT_scan_version</name>
         <value>0x375d</value>
         <object_component_ref idref="oc-e9"/>
      </symbol>
      <symbol id="sm-8ba">
         <name>cyBOT_init_Scan</name>
         <value>0x376b</value>
         <object_component_ref idref="oc-e9"/>
      </symbol>
      <symbol id="sm-8e1">
         <name>isr_int_value</name>
         <value>0x200022fc</value>
      </symbol>
      <symbol id="sm-8e2">
         <name>ir_enableInterrupt</name>
         <value>0x48bb</value>
         <object_component_ref idref="oc-1b9"/>
      </symbol>
      <symbol id="sm-8e3">
         <name>ir_getDistance</name>
         <value>0x489d</value>
         <object_component_ref idref="oc-1b9"/>
      </symbol>
      <symbol id="sm-8e4">
         <name>ir_init</name>
         <value>0x480d</value>
         <object_component_ref idref="oc-1b9"/>
      </symbol>
      <symbol id="sm-8e5">
         <name>ADC0SS0_Handler</name>
         <value>0x48a5</value>
         <object_component_ref idref="oc-1b9"/>
      </symbol>
      <symbol id="sm-8e6">
         <name>ir_getValue</name>
         <value>0x4875</value>
         <object_component_ref idref="oc-1b9"/>
      </symbol>
      <symbol id="sm-915">
         <name>risingEdge</name>
         <value>0x2000230c</value>
      </symbol>
      <symbol id="sm-916">
         <name>fallingEdge</name>
         <value>0x200022f8</value>
      </symbol>
      <symbol id="sm-917">
         <name>pulseLength</name>
         <value>0x20002304</value>
      </symbol>
      <symbol id="sm-918">
         <name>isRisingEdge</name>
         <value>0x20002310</value>
      </symbol>
      <symbol id="sm-919">
         <name>TIMER3B_Handler</name>
         <value>0x3cf5</value>
         <object_component_ref idref="oc-1b3"/>
      </symbol>
      <symbol id="sm-91a">
         <name>ping_init</name>
         <value>0x3c05</value>
         <object_component_ref idref="oc-1b3"/>
      </symbol>
      <symbol id="sm-91b">
         <name>ping_getDistance</name>
         <value>0x3d47</value>
         <object_component_ref idref="oc-1b3"/>
      </symbol>
      <symbol id="sm-91c">
         <name>ping_trigger</name>
         <value>0x3c8b</value>
         <object_component_ref idref="oc-1b3"/>
      </symbol>
      <symbol id="sm-93e">
         <name>servo_move</name>
         <value>0x43ad</value>
         <object_component_ref idref="oc-1ad"/>
      </symbol>
      <symbol id="sm-93f">
         <name>servo_init</name>
         <value>0x431d</value>
         <object_component_ref idref="oc-1ad"/>
      </symbol>
      <symbol id="sm-940">
         <name>servo_stop</name>
         <value>0x43a1</value>
         <object_component_ref idref="oc-1ad"/>
      </symbol>
      <symbol id="sm-941">
         <name>servo_setPWM</name>
         <value>0x440d</value>
         <object_component_ref idref="oc-1ad"/>
      </symbol>
      <symbol id="sm-970">
         <name>IntRegister</name>
         <value>0x5739</value>
         <object_component_ref idref="oc-16d"/>
      </symbol>
      <symbol id="sm-971">
         <name>g_pfnRAMVectors</name>
         <value>0x20000000</value>
         <object_component_ref idref="oc-248"/>
      </symbol>
      <symbol id="sm-972">
         <name>IntMasterEnable</name>
         <value>0x592f</value>
         <object_component_ref idref="oc-178"/>
      </symbol>
      <symbol id="sm-97c">
         <name>CPUcpsie</name>
         <value>0x595d</value>
         <object_component_ref idref="oc-254"/>
      </symbol>
      <symbol id="sm-97d">
         <name>__TI_static_base__</name>
         <value>0x0</value>
      </symbol>
      <symbol id="sm-980">
         <name>__mpu_init</name>
         <value>0x0</value>
      </symbol>
      <symbol id="sm-981">
         <name>_system_post_cinit</name>
         <value>0x0</value>
      </symbol>
   </symbol_table>
   <title>Link successful</title>
</link_info>
