******************************************************************************
                  TI ARM Linker PC v20.2.7                     
******************************************************************************
>> Linked Mon Apr 28 19:05:46 2025

OUTPUT FILE NAME:   <Testing.out>
ENTRY POINT SYMBOL: "_c_int00_noargs"  address: 0000576d


MEMORY CONFIGURATION

         name            origin    length      used     unused   attr    fill
----------------------  --------  ---------  --------  --------  ----  --------
  FLASH                 00000000   00040000  00005ccf  0003a331  R  X
  SRAM                  20000000   00008000  0000234b  00005cb5  RW X


SEGMENT ALLOCATION MAP

run origin  load origin   length   init length attrs members
----------  ----------- ---------- ----------- ----- -------
00000000    00000000    00005cd8   00005cd8    r-x
  00000000    00000000    0000026c   0000026c    r-- .intvecs
  0000026c    0000026c    00005720   00005720    r-x .text
  00005990    00005990    000002f3   000002f3    r-- .const
  00005c88    00005c88    00000050   00000050    r-- .cinit
20000000    20000000    00002351   00000000    rw-
  20000000    20000000    0000026c   00000000    rw- .vtable
  20000270    20000270    00001000   00000000    rw- .stack
  20001270    20001270    00001000   00000000    rw- .sysmem
  20002270    20002270    000000a2   00000000    rw- .bss
  20002314    20002314    0000003d   00000000    rw- .data


SECTION ALLOCATION MAP

 output                                  attributes/
section   page    origin      length       input sections
--------  ----  ----------  ----------   ----------------
.intvecs   0    00000000    0000026c     
                  00000000    0000026c     tm4c123gh6pm_startup_ccs.obj (.intvecs)

.text      0    0000026c    00005720     
                  0000026c    00000c20     open_interface.obj (.text)
                  00000e8c    00000a4e     rtsv7M4_T_le_v4SPD16_eabi.lib : _printfi.c.obj (.text:__TI_printfi)
                  000018da    00000002                                   : _lock.c.obj (.text:_nop)
                  000018dc    00000738                                   : k_rem_pio2.c.obj (.text:__kernel_rem_pio2)
                  00002014    000005ac     main.obj (.text)
                  000025c0    00000508     rtsv7M4_T_le_v4SPD16_eabi.lib : s_tan.c.obj (.text:tan)
                  00002ac8    000003e0     movement.obj (.text)
                  00002ea8    00000328     lcd.obj (.text)
                  000031d0    0000031c     rtsv7M4_T_le_v4SPD16_eabi.lib : k_tan.c.obj (.text:__kernel_tan)
                  000034ec    00000270                                   : _printfi.c.obj (.text:_pconv_a)
                  0000375c    00000260     libcybotScan.lib : cyBot_Scan.obj (.text)
                  000039bc    00000248     Timer.obj (.text)
                  00003c04    000001ec     libcybotScan.lib : ping.obj (.text)
                  00003df0    000001d0     rtsv7M4_T_le_v4SPD16_eabi.lib : _printfi.c.obj (.text:_pconv_g)
                  00003fc0    000001b6                                   : fd_add_t2.asm.obj (.text)
                  00004176    00000002                                   : div0.asm.obj (.text)
                  00004178    000001a4     uart-interrupt.obj (.text)
                  0000431c    00000158     libcybotScan.lib : servo.obj (.text)
                  00004474    0000013c     rtsv7M4_T_le_v4SPD16_eabi.lib : _printfi.c.obj (.text:_pconv_e)
                  000045b0    00000136                                   : fd_div_t2.asm.obj (.text)
                  000046e6    00000002     --HOLE-- [fill = 0]
                  000046e8    00000124                                   : _printfi.c.obj (.text:fcvt)
                  0000480c    00000118     libcybotScan.lib : ir.obj (.text)
                  00004924    00000110     rtsv7M4_T_le_v4SPD16_eabi.lib : s_scalbn.c.obj (.text:scalbn)
                  00004a34    00000100                                   : memory.c.obj (.text:aligned_alloc)
                  00004b34    000000fc                                   : fd_mul_t2.asm.obj (.text)
                  00004c30    000000f8                                   : s_floor.c.obj (.text:floor)
                  00004d28    000000e4     adc.obj (.text)
                  00004e0c    000000e4     rtsv7M4_T_le_v4SPD16_eabi.lib : memory.c.obj (.text:free)
                  00004ef0    000000b1                                   : _printfi.c.obj (.text:_ltostr)
                  00004fa1    00000001     --HOLE-- [fill = 0]
                  00004fa2    0000009c                                   : memcpy_t2.asm.obj (.text)
                  0000503e    00000096                                   : ull_div_t2.asm.obj (.text)
                  000050d4    00000086                                   : fd_cmp_t2.asm.obj (.text:__aeabi_cdcmple)
                  0000515a    00000086                                   : fd_cmp_t2.asm.obj (.text:__aeabi_cdrcmple)
                  000051e0    0000007a                                   : memset_t2.asm.obj (.text)
                  0000525a    00000002     --HOLE-- [fill = 0]
                  0000525c    00000070                                   : memory.c.obj (.text:split)
                  000052cc    0000006e                                   : _printfi.c.obj (.text:_mcpy)
                  0000533a    0000006e                                   : fd_tos_t2.asm.obj (.text)
                  000053a8    00000068                                   : copy_decompress_lzss.c.obj (.text:decompress:lzss:__TI_decompress_lzss)
                  00005410    00000064                                   : s_frexp.c.obj (.text:frexp)
                  00005474    00000056                                   : _printfi.c.obj (.text:_pconv_f)
                  000054ca    00000054                                   : _ltoa.c.obj (.text:__TI_ltoa)
                  0000551e    00000052                                   : _printfi.c.obj (.text:_ecpy)
                  00005570    0000004c                                   : atoi.c.obj (.text:atoi)
                  000055bc    00000048                                   : fd_toi_t2.asm.obj (.text)
                  00005604    00000044                                   : autoinit.c.obj (.text:__TI_auto_init_nobinit_nopinit:__TI_auto_init_nobinit_nopinit)
                  00005648    00000040                                   : vsnprintf.c.obj (.text:vsnprintf)
                  00005688    0000003e                                   : _printfi.c.obj (.text:_fcpy)
                  000056c6    00000002     --HOLE-- [fill = 0]
                  000056c8    00000038                                   : memory.c.obj (.text:calloc)
                  00005700    00000038                                   : fs_tod_t2.asm.obj (.text)
                  00005738    00000034     driverlib.lib : interrupt.obj (.text:IntRegister)
                  0000576c    00000034     rtsv7M4_T_le_v4SPD16_eabi.lib : boot_cortex_m.c.obj (.text:_c_int00_noargs:_c_int00_noargs)
                  000057a0    00000030                                   : vsnprintf.c.obj (.text:_outs)
                  000057d0    0000002e                                   : i_tofd_t2.asm.obj (.text)
                  000057fe    00000002     --HOLE-- [fill = 0]
                  00005800    00000028                                   : memory.c.obj (.text:free_list_insert)
                  00005828    0000001c                                   : copy_zero_init.c.obj (.text:decompress:ZI:__TI_zero_init_nomemset:__TI_zero_init_nomemset)
                  00005844    0000001c                                   : memory.c.obj (.text:free_list_remove)
                  00005860    0000001c                                   : memccpy.c.obj (.text:memccpy)
                  0000587c    0000001a                                   : s_copysign.c.obj (.text:copysign)
                  00005896    00000018                                   : vsnprintf.c.obj (.text:_outc)
                  000058ae    00000018     open_interface.obj (.text:oi_parseInt)
                  000058c6    00000018     rtsv7M4_T_le_v4SPD16_eabi.lib : strcmp.c.obj (.text:strcmp)
                  000058de    00000016                                   : strchr.c.obj (.text:strchr)
                  000058f4    00000014                                   : strcpy.c.obj (.text:strcpy)
                  00005908    00000014                                   : strlen.c.obj (.text:strlen)
                  0000591c    00000012                                   : wcslen.c.obj (.text:wcslen)
                  0000592e    00000010     driverlib.lib : interrupt.obj (.text:IntMasterEnable)
                  0000593e    00000010     lcd.obj (.text:lcd_clear)
                  0000594e    0000000e     rtsv7M4_T_le_v4SPD16_eabi.lib : copy_decompress_none.c.obj (.text:decompress:none:__TI_decompress_none)
                  0000595c    0000000c     driverlib.lib : cpu.obj (.text:CPUcpsie)
                  00005968    0000000c     tm4c123gh6pm_startup_ccs.obj (.text)
                  00005974    00000008     rtsv7M4_T_le_v4SPD16_eabi.lib : errno.c.obj (.text:__aeabi_errno_addr)
                  0000597c    00000008                                   : memory.c.obj (.text:malloc)
                  00005984    00000004                                   : pre_init.c.obj (.text:_system_pre_init)
                  00005988    00000004                                   : exit.c.obj (.text:abort:abort)

.const     0    00005990    000002f3     
                  00005990    00000158     rtsv7M4_T_le_v4SPD16_eabi.lib : k_rem_pio2.c.obj (.const:$O1$$)
                  00005ae8    00000101                                   : ctype.c.obj (.const:.string:_ctypes_)
                  00005be9    00000004     lcd.obj (.const:.string:lineAddress$1)
                  00005bed    00000003     --HOLE-- [fill = 0]
                  00005bf0    00000080     rtsv7M4_T_le_v4SPD16_eabi.lib : k_tan.c.obj (.const:xxx)
                  00005c70    0000000f     open_interface.obj (.const:.string:$P$T0$3)
                  00005c7f    00000004     lcd.obj (.const:.string:lineAddresses$2)

.cinit     0    00005c88    00000050     
                  00005c88    00000019     (.cinit..data.load) [load image, compression = lzss]
                  00005ca1    00000003     --HOLE-- [fill = 0]
                  00005ca4    0000000c     (__TI_handler_table)
                  00005cb0    00000008     (.cinit..bss.load) [load image, compression = zero_init]
                  00005cb8    00000008     (.cinit..vtable.load) [load image, compression = zero_init]
                  00005cc0    00000018     (__TI_cinit_table)

.init_array 
*          0    00000000    00000000     UNINITIALIZED

.vtable    0    20000000    0000026c     UNINITIALIZED
                  20000000    0000026c     driverlib.lib : interrupt.obj (.vtable)

.stack     0    20000270    00001000     UNINITIALIZED
                  20000270    00000004     rtsv7M4_T_le_v4SPD16_eabi.lib : boot_cortex_m.c.obj (.stack)
                  20000274    00000ffc     --HOLE--

.sysmem    0    20001270    00001000     UNINITIALIZED
                  20001270    00000010     rtsv7M4_T_le_v4SPD16_eabi.lib : memory.c.obj (.sysmem)
                  20001280    00000ff0     --HOLE--

.bss       0    20002270    000000a2     UNINITIALIZED
                  20002270    00000054     lcd.obj (.bss:lastbuffer$3)
                  200022c4    00000018     open_interface.obj (.bss:firmware$2)
                  200022dc    00000018     (.common:Object)
                  200022f4    00000004     (.common:_timeout_ticks)
                  200022f8    00000004     (.common:fallingEdge)
                  200022fc    00000004     (.common:isr_int_value)
                  20002300    00000004     (.common:left_calibration_value)
                  20002304    00000004     (.common:pulseLength)
                  20002308    00000004     (.common:right_calibration_value)
                  2000230c    00000004     (.common:risingEdge)
                  20002310    00000001     (.common:isRisingEdge)
                  20002311    00000001     (.common:received_char)

.data      0    20002314    0000003d     UNINITIALIZED
                  20002314    00000020     open_interface.obj (.data)
                  20002334    00000008     rtsv7M4_T_le_v4SPD16_eabi.lib : _lock.c.obj (.data:$O1$$)
                  2000233c    00000008                                   : memory.c.obj (.data:$O1$$)
                  20002344    00000004     libcybotScan.lib : cyBot_Scan.obj (.data)
                  20002348    00000004     rtsv7M4_T_le_v4SPD16_eabi.lib : errno.c.obj (.data)
                  2000234c    00000004     uart-interrupt.obj (.data)
                  20002350    00000001     Timer.obj (.data)

__llvm_prf_cnts 
*          0    20000000    00000000     UNINITIALIZED

MODULE SUMMARY

       Module                         code    ro data   rw data
       ------                         ----    -------   -------
    .\
       open_interface.obj             3128    15        56     
       main.obj                       1452    0         32     
       movement.obj                   992     0         0      
       lcd.obj                        824     8         84     
       tm4c123gh6pm_startup_ccs.obj   12      620       0      
       Timer.obj                      584     0         5      
       uart-interrupt.obj             420     0         5      
       adc.obj                        228     0         0      
    +--+------------------------------+-------+---------+---------+
       Total:                         7640    643       182    
                                                               
    C:/ti/TivaWare_C_Series-2.2.0.295/driverlib/ccs/Debug/driverlib.lib
       interrupt.obj                  68      0         620    
       cpu.obj                        12      0         0      
    +--+------------------------------+-------+---------+---------+
       Total:                         80      0         620    
                                                               
    C:\ti\ccs1271\ccs\tools\compiler\ti-cgt-arm_20.2.7.LTS\lib\rtsv7M4_T_le_v4SPD16_eabi.lib
       _printfi.c.obj                 4851    0         0      
       k_rem_pio2.c.obj               1848    344       0      
       s_tan.c.obj                    1288    0         0      
       k_tan.c.obj                    796     128       0      
       memory.c.obj                   728     0         8      
       fd_add_t2.asm.obj              438     0         0      
       fd_div_t2.asm.obj              310     0         0      
       s_scalbn.c.obj                 272     0         0      
       fd_cmp_t2.asm.obj              268     0         0      
       ctype.c.obj                    0       257       0      
       fd_mul_t2.asm.obj              252     0         0      
       s_floor.c.obj                  248     0         0      
       memcpy_t2.asm.obj              156     0         0      
       ull_div_t2.asm.obj             150     0         0      
       vsnprintf.c.obj                136     0         0      
       memset_t2.asm.obj              122     0         0      
       fd_tos_t2.asm.obj              110     0         0      
       copy_decompress_lzss.c.obj     104     0         0      
       s_frexp.c.obj                  100     0         0      
       _ltoa.c.obj                    84      0         0      
       atoi.c.obj                     76      0         0      
       fd_toi_t2.asm.obj              72      0         0      
       autoinit.c.obj                 68      0         0      
       fs_tod_t2.asm.obj              56      0         0      
       boot_cortex_m.c.obj            52      0         0      
       i_tofd_t2.asm.obj              46      0         0      
       copy_zero_init.c.obj           28      0         0      
       memccpy.c.obj                  28      0         0      
       s_copysign.c.obj               26      0         0      
       strcmp.c.obj                   24      0         0      
       strchr.c.obj                   22      0         0      
       strcpy.c.obj                   20      0         0      
       strlen.c.obj                   20      0         0      
       wcslen.c.obj                   18      0         0      
       copy_decompress_none.c.obj     14      0         0      
       errno.c.obj                    8       0         4      
       _lock.c.obj                    2       0         8      
       exit.c.obj                     4       0         0      
       pre_init.c.obj                 4       0         0      
       div0.asm.obj                   2       0         0      
    +--+------------------------------+-------+---------+---------+
       Total:                         12851   729       20     
                                                               
    U:/CPRE288Workspace/Lab3/libcybotScan.lib
       cyBot_Scan.obj                 608     0         4      
       ping.obj                       492     0         13     
       servo.obj                      344     0         0      
       ir.obj                         280     0         4      
    +--+------------------------------+-------+---------+---------+
       Total:                         1724    0         21     
                                                               
       Heap:                          0       0         4096   
       Stack:                         0       0         4096   
       Linker Generated:              0       77        0      
    +--+------------------------------+-------+---------+---------+
       Grand Total:                   22295   1449      9035   


LINKER GENERATED COPY TABLES

__TI_cinit_table @ 00005cc0 records: 3, size/record: 8, table size: 24
	.data: load addr=00005c88, load size=00000019 bytes, run addr=20002314, run size=0000003d bytes, compression=lzss
	.bss: load addr=00005cb0, load size=00000008 bytes, run addr=20002270, run size=000000a2 bytes, compression=zero_init
	.vtable: load addr=00005cb8, load size=00000008 bytes, run addr=20000000, run size=0000026c bytes, compression=zero_init


LINKER GENERATED HANDLER TABLE

__TI_handler_table @ 00005ca4 records: 3, size/record: 4, table size: 12
	index: 0, handler: __TI_zero_init
	index: 1, handler: __TI_decompress_lzss
	index: 2, handler: __TI_decompress_none


GLOBAL SYMBOLS: SORTED ALPHABETICALLY BY Name 

address   name                          
-------   ----                          
000048a5  ADC0SS0_Handler               
00005989  C$$EXIT                       
0000595d  CPUcpsie                      
00000bc3  GPIOF_Handler                 
00002553  IR_to_cm                      
0000592f  IntMasterEnable               
00005739  IntRegister                   
200022dc  Object                        
00005969  ResetISR                      
00003cf5  TIMER3B_Handler               
0000421d  UART1_Handler                 
20001270  __STACK_END                   
00001000  __STACK_SIZE                  
20000470  __STACK_TOP                   
00001000  __SYSMEM_SIZE                 
00005cc0  __TI_CINIT_Base               
00005cd8  __TI_CINIT_Limit              
00005ca4  __TI_Handler_Table_Base       
00005cb0  __TI_Handler_Table_Limit      
00005605  __TI_auto_init_nobinit_nopinit
000053a9  __TI_decompress_lzss          
0000594f  __TI_decompress_none          
000054cb  __TI_ltoa                     
ffffffff  __TI_pprof_out_hndl           
00000e8d  __TI_printfi                  
ffffffff  __TI_prof_data_size           
ffffffff  __TI_prof_data_start          
00000000  __TI_static_base__            
00005829  __TI_zero_init_nomemset       
000050d5  __aeabi_cdcmpeq               
000050d5  __aeabi_cdcmple               
0000515b  __aeabi_cdrcmple              
0000533b  __aeabi_d2f                   
000055bd  __aeabi_d2iz                  
00003fcb  __aeabi_dadd                  
000045b1  __aeabi_ddiv                  
00004b35  __aeabi_dmul                  
00003fc1  __aeabi_dsub                  
00005975  __aeabi_errno_addr            
00005701  __aeabi_f2d                   
000057d1  __aeabi_i2d                   
00004177  __aeabi_idiv0                 
00004177  __aeabi_ldiv0                 
000051e1  __aeabi_memclr                
000051e1  __aeabi_memclr4               
000051e1  __aeabi_memclr8               
00004fa3  __aeabi_memcpy                
00004fa3  __aeabi_memcpy4               
00004fa3  __aeabi_memcpy8               
000051e3  __aeabi_memset                
000051e3  __aeabi_memset4               
000051e3  __aeabi_memset8               
0000503f  __aeabi_uldivmod              
ffffffff  __binit__                     
ffffffff  __c_args__                    
000018dd  __kernel_rem_pio2             
000031d1  __kernel_tan                  
UNDEFED   __mpu_init                    
20000270  __stack                       
20000000  __start___llvm_prf_cnts       
20000000  __stop___llvm_prf_cnts        
0000576d  _c_int00_noargs               
00005ae8  _ctypes_                      
20002334  _lock                         
000018db  _nop                          
20002350  _running                      
20001270  _sys_memory                   
UNDEFED   _system_post_cinit            
00005985  _system_pre_init              
200022f4  _timeout_ticks                
20002338  _unlock                       
00005989  abort                         
00004d29  adc_init                      
00004da3  adc_read                      
00004a35  aligned_alloc                 
00005571  atoi                          
ffffffff  binit                         
000024d1  calculateLinearWidth          
000056c9  calloc                        
0000587d  copysign                      
0000587d  copysignl                     
00003835  cyBOT_SERVO_cal               
000037c3  cyBOT_Scan                    
0000376b  cyBOT_init_Scan               
20002344  cyBOT_scan_features           
0000375d  cyBOT_scan_version            
20002348  errno                         
200022f8  fallingEdge                   
00004c31  floor                         
00004c31  floorl                        
00002d19  forward_bump                  
00004e0d  free                          
00005411  frexp                         
00005411  frexpl                        
20000000  g_pfnRAMVectors               
00000000  g_pfnVectors                  
0000097f  go_charge                     
000048bb  ir_enableInterrupt            
0000489d  ir_getDistance                
00004875  ir_getValue                   
0000480d  ir_init                       
20002310  isRisingEdge                  
200022fc  isr_int_value                 
0000593f  lcd_clear                     
0000307d  lcd_gotoLine                  
00002ee5  lcd_init                      
000030e3  lcd_printf                    
00002fa5  lcd_putc                      
00002fdd  lcd_puts                      
00002ea9  lcd_reverseNibble             
00002ffb  lcd_sendCommand               
00003039  lcd_sendNibble                
000030a5  lcd_setCursorPos              
00004925  ldexp                         
00004925  ldexpl                        
20002300  left_calibration_value        
00002015  main                          
0000597d  malloc                        
00004a35  memalign                      
00005861  memccpy                       
00004fa3  memcpy                        
000051e9  memset                        
20002314  motor_cal_factor_L            
20002318  motor_cal_factor_R            
00002041  moveFunction                  
000022f1  moveStraightToCorner          
00002b3b  move_backward                 
00002ac9  move_forward                  
00002cb1  move_in_square                
0000026d  oi_alloc                      
00000aa9  oi_checkFirmware              
000002c7  oi_close                      
00000279  oi_free                       
00000ded  oi_getMotorCalibrationLeft    
00000e01  oi_getMotorCalibrationRight   
000002b1  oi_init                       
00000289  oi_init_noupdate              
00000915  oi_loadSong                   
000058af  oi_parseInt                   
0000032b  oi_parsePacket                
0000096b  oi_play_song                  
0000084b  oi_setLeds                    
00000db1  oi_setMotorCalibration        
0000088f  oi_setWheels                  
00000b51  oi_shutoff_init               
0000098d  oi_uartInit                   
00000a31  oi_uartReceive                
00000a77  oi_uartSendBuff               
00000a15  oi_uartSendChar               
00000a59  oi_uartSendStr                
000002d9  oi_update                     
00003d47  ping_getDistance              
00003c05  ping_init                     
00003c8b  ping_trigger                  
20002304  pulseLength                   
20002311  received_char                 
20002308  right_calibration_value       
2000230c  risingEdge                    
00004925  scalbn                        
00004925  scalbnl                       
2000234c  scan_active                   
0000431d  servo_init                    
000043ad  servo_move                    
0000440d  servo_setPWM                  
000043a1  servo_stop                    
000058df  strchr                        
000058c7  strcmp                        
000058f5  strcpy                        
00005909  strlen                        
000025c1  tan                           
000025c1  tanl                          
00003adb  timer_getMicros               
00003a83  timer_getMillis               
000039bd  timer_init                    
00003a5f  timer_pause                   
00003a71  timer_resume                  
00003a35  timer_stop                    
00003b35  timer_waitMicros              
00003b67  timer_waitMillis              
00002c31  turn_left                     
00002bb1  turn_right                    
00004179  uart_interrupt_init           
00004269  uart_sendChar                 
00004285  uart_sendStr                  
00005649  vsnprintf                     
0000591d  wcslen                        


GLOBAL SYMBOLS: SORTED BY Symbol Address 

address   name                          
-------   ----                          
00000000  __TI_static_base__            
00000000  g_pfnVectors                  
0000026d  oi_alloc                      
00000279  oi_free                       
00000289  oi_init_noupdate              
000002b1  oi_init                       
000002c7  oi_close                      
000002d9  oi_update                     
0000032b  oi_parsePacket                
0000084b  oi_setLeds                    
0000088f  oi_setWheels                  
00000915  oi_loadSong                   
0000096b  oi_play_song                  
0000097f  go_charge                     
0000098d  oi_uartInit                   
00000a15  oi_uartSendChar               
00000a31  oi_uartReceive                
00000a59  oi_uartSendStr                
00000a77  oi_uartSendBuff               
00000aa9  oi_checkFirmware              
00000b51  oi_shutoff_init               
00000bc3  GPIOF_Handler                 
00000db1  oi_setMotorCalibration        
00000ded  oi_getMotorCalibrationLeft    
00000e01  oi_getMotorCalibrationRight   
00000e8d  __TI_printfi                  
00001000  __STACK_SIZE                  
00001000  __SYSMEM_SIZE                 
000018db  _nop                          
000018dd  __kernel_rem_pio2             
00002015  main                          
00002041  moveFunction                  
000022f1  moveStraightToCorner          
000024d1  calculateLinearWidth          
00002553  IR_to_cm                      
000025c1  tan                           
000025c1  tanl                          
00002ac9  move_forward                  
00002b3b  move_backward                 
00002bb1  turn_right                    
00002c31  turn_left                     
00002cb1  move_in_square                
00002d19  forward_bump                  
00002ea9  lcd_reverseNibble             
00002ee5  lcd_init                      
00002fa5  lcd_putc                      
00002fdd  lcd_puts                      
00002ffb  lcd_sendCommand               
00003039  lcd_sendNibble                
0000307d  lcd_gotoLine                  
000030a5  lcd_setCursorPos              
000030e3  lcd_printf                    
000031d1  __kernel_tan                  
0000375d  cyBOT_scan_version            
0000376b  cyBOT_init_Scan               
000037c3  cyBOT_Scan                    
00003835  cyBOT_SERVO_cal               
000039bd  timer_init                    
00003a35  timer_stop                    
00003a5f  timer_pause                   
00003a71  timer_resume                  
00003a83  timer_getMillis               
00003adb  timer_getMicros               
00003b35  timer_waitMicros              
00003b67  timer_waitMillis              
00003c05  ping_init                     
00003c8b  ping_trigger                  
00003cf5  TIMER3B_Handler               
00003d47  ping_getDistance              
00003fc1  __aeabi_dsub                  
00003fcb  __aeabi_dadd                  
00004177  __aeabi_idiv0                 
00004177  __aeabi_ldiv0                 
00004179  uart_interrupt_init           
0000421d  UART1_Handler                 
00004269  uart_sendChar                 
00004285  uart_sendStr                  
0000431d  servo_init                    
000043a1  servo_stop                    
000043ad  servo_move                    
0000440d  servo_setPWM                  
000045b1  __aeabi_ddiv                  
0000480d  ir_init                       
00004875  ir_getValue                   
0000489d  ir_getDistance                
000048a5  ADC0SS0_Handler               
000048bb  ir_enableInterrupt            
00004925  ldexp                         
00004925  ldexpl                        
00004925  scalbn                        
00004925  scalbnl                       
00004a35  aligned_alloc                 
00004a35  memalign                      
00004b35  __aeabi_dmul                  
00004c31  floor                         
00004c31  floorl                        
00004d29  adc_init                      
00004da3  adc_read                      
00004e0d  free                          
00004fa3  __aeabi_memcpy                
00004fa3  __aeabi_memcpy4               
00004fa3  __aeabi_memcpy8               
00004fa3  memcpy                        
0000503f  __aeabi_uldivmod              
000050d5  __aeabi_cdcmpeq               
000050d5  __aeabi_cdcmple               
0000515b  __aeabi_cdrcmple              
000051e1  __aeabi_memclr                
000051e1  __aeabi_memclr4               
000051e1  __aeabi_memclr8               
000051e3  __aeabi_memset                
000051e3  __aeabi_memset4               
000051e3  __aeabi_memset8               
000051e9  memset                        
0000533b  __aeabi_d2f                   
000053a9  __TI_decompress_lzss          
00005411  frexp                         
00005411  frexpl                        
000054cb  __TI_ltoa                     
00005571  atoi                          
000055bd  __aeabi_d2iz                  
00005605  __TI_auto_init_nobinit_nopinit
00005649  vsnprintf                     
000056c9  calloc                        
00005701  __aeabi_f2d                   
00005739  IntRegister                   
0000576d  _c_int00_noargs               
000057d1  __aeabi_i2d                   
00005829  __TI_zero_init_nomemset       
00005861  memccpy                       
0000587d  copysign                      
0000587d  copysignl                     
000058af  oi_parseInt                   
000058c7  strcmp                        
000058df  strchr                        
000058f5  strcpy                        
00005909  strlen                        
0000591d  wcslen                        
0000592f  IntMasterEnable               
0000593f  lcd_clear                     
0000594f  __TI_decompress_none          
0000595d  CPUcpsie                      
00005969  ResetISR                      
00005975  __aeabi_errno_addr            
0000597d  malloc                        
00005985  _system_pre_init              
00005989  C$$EXIT                       
00005989  abort                         
00005ae8  _ctypes_                      
00005ca4  __TI_Handler_Table_Base       
00005cb0  __TI_Handler_Table_Limit      
00005cc0  __TI_CINIT_Base               
00005cd8  __TI_CINIT_Limit              
20000000  __start___llvm_prf_cnts       
20000000  __stop___llvm_prf_cnts        
20000000  g_pfnRAMVectors               
20000270  __stack                       
20000470  __STACK_TOP                   
20001270  __STACK_END                   
20001270  _sys_memory                   
200022dc  Object                        
200022f4  _timeout_ticks                
200022f8  fallingEdge                   
200022fc  isr_int_value                 
20002300  left_calibration_value        
20002304  pulseLength                   
20002308  right_calibration_value       
2000230c  risingEdge                    
20002310  isRisingEdge                  
20002311  received_char                 
20002314  motor_cal_factor_L            
20002318  motor_cal_factor_R            
20002334  _lock                         
20002338  _unlock                       
20002344  cyBOT_scan_features           
20002348  errno                         
2000234c  scan_active                   
20002350  _running                      
ffffffff  __TI_pprof_out_hndl           
ffffffff  __TI_prof_data_size           
ffffffff  __TI_prof_data_start          
ffffffff  __binit__                     
ffffffff  __c_args__                    
ffffffff  binit                         
UNDEFED   __mpu_init                    
UNDEFED   _system_post_cinit            

[186 symbols]
